<?xml version="1.0" encoding="UTF-8"?>
<testsuites name="GutTests" failures="0" tests="676" >
  <testsuite name="tests/test_ai_action_feedback.gd" tests="7" failures="0" skipped="0" time="0.193793" >
	  <testcase name="test_floating_label_spawns_when_card_played_with_tile" assertions="2" status="pass" classname="tests/test_ai_action_feedback.gd" time="0.075853" >
	  </testcase>
	  <testcase name="test_no_floating_label_when_anchor_tile_null" assertions="1" status="pass" classname="tests/test_ai_action_feedback.gd" time="0.007868" >
	  </testcase>
	  <testcase name="test_no_floating_label_when_card_or_empire_null" assertions="1" status="pass" classname="tests/test_ai_action_feedback.gd" time="0.007017" >
	  </testcase>
	  <testcase name="test_log_appends_one_line_per_event" assertions="1" status="pass" classname="tests/test_ai_action_feedback.gd" time="0.017007" >
	  </testcase>
	  <testcase name="test_log_respects_max_lines" assertions="1" status="pass" classname="tests/test_ai_action_feedback.gd" time="0.019674" >
	  </testcase>
	  <testcase name="test_log_describes_building_from_payload" assertions="3" status="pass" classname="tests/test_ai_action_feedback.gd" time="0.033489" >
	  </testcase>
	  <testcase name="test_log_describes_troop_from_payload" assertions="2" status="pass" classname="tests/test_ai_action_feedback.gd" time="0.032885" >
	  </testcase>
	  </testsuite>
  <testsuite name="tests/test_ai_controller.gd" tests="11" failures="0" skipped="0" time="0.338107" >
	  <testcase name="test_turn_emits_turn_finished_signal" assertions="1" status="pass" classname="tests/test_ai_controller.gd" time="0.015853" >
	  </testcase>
	  <testcase name="test_played_gold_card_increases_total_gold" assertions="1" status="pass" classname="tests/test_ai_controller.gd" time="0.017334" >
	  </testcase>
	  <testcase name="test_seeded_rng_produces_same_outcome_twice" assertions="2" status="pass" classname="tests/test_ai_controller.gd" time="0.033426" >
	  </testcase>
	  <testcase name="test_no_playable_options_only_pass_is_chosen" assertions="1" status="pass" classname="tests/test_ai_controller.gd" time="0.016947" >
	  </testcase>
	  <testcase name="test_unplayed_cards_go_to_discard_pile" assertions="1" status="pass" classname="tests/test_ai_controller.gd" time="0.015815" >
	  </testcase>
	  <testcase name="test_single_use_played_card_goes_to_played_pile" assertions="1" status="pass" classname="tests/test_ai_controller.gd" time="0.051191" >
	  </testcase>
	  <testcase name="test_card_draw_card_extends_drawn_cards" assertions="1" status="pass" classname="tests/test_ai_controller.gd" time="0.050606" >
	  </testcase>
	  <testcase name="test_ai_can_build_a_building_end_to_end" assertions="3" status="pass" classname="tests/test_ai_controller.gd" time="0.050279" >
	  </testcase>
	  <testcase name="test_ai_resolves_turn_event_at_end_of_turn" assertions="1" status="pass" classname="tests/test_ai_controller.gd" time="0.069945" >
	  </testcase>
	  <testcase name="test_ai_can_recover_a_card_from_played_pile" assertions="1" status="pass" classname="tests/test_ai_controller.gd" time="0.010719" >
	  </testcase>
	  <testcase name="test_max_iterations_caps_loop" assertions="1" status="pass" classname="tests/test_ai_controller.gd" time="0.005992" >
	  </testcase>
	  </testsuite>
  <testsuite name="tests/test_ai_event_resolver.gd" tests="11" failures="0" skipped="0" time="0.02245" >
	  <testcase name="test_simple_choice_resolved_via_manager_increases_gold" assertions="1" status="pass" classname="tests/test_ai_event_resolver.gd" time="0.001697" >
	  </testcase>
	  <testcase name="test_unaffordable_choice_is_filtered_out" assertions="1" status="pass" classname="tests/test_ai_event_resolver.gd" time="0.001495" >
	  </testcase>
	  <testcase name="test_skip_choice_added_when_allow_skip_and_no_affordable" assertions="2" status="pass" classname="tests/test_ai_event_resolver.gd" time="0.001426" >
	  </testcase>
	  <testcase name="test_unique_event_marked_after_resolve" assertions="1" status="pass" classname="tests/test_ai_event_resolver.gd" time="0.000929" >
	  </testcase>
	  <testcase name="test_non_unique_event_not_marked" assertions="1" status="pass" classname="tests/test_ai_event_resolver.gd" time="0.001351" >
	  </testcase>
	  <testcase name="test_tile_input_choice_executes_with_eligible_tile" assertions="1" status="pass" classname="tests/test_ai_event_resolver.gd" time="0.005876" >
	  </testcase>
	  <testcase name="test_card_input_choice_removes_random_candidate" assertions="1" status="pass" classname="tests/test_ai_event_resolver.gd" time="0.001967" >
	  </testcase>
	  <testcase name="test_shop_event_smoke_does_not_crash" assertions="1" status="pass" classname="tests/test_ai_event_resolver.gd" time="0.002506" >
	  </testcase>
	  <testcase name="test_shop_event_eventually_buys_at_least_one_item" assertions="1" status="pass" classname="tests/test_ai_event_resolver.gd" time="0.00177" >
	  </testcase>
	  <testcase name="test_shop_event_marks_unique_when_applicable" assertions="1" status="pass" classname="tests/test_ai_event_resolver.gd" time="0.001572" >
	  </testcase>
	  <testcase name="test_seeded_rng_produces_same_outcome_twice" assertions="1" status="pass" classname="tests/test_ai_event_resolver.gd" time="0.001861" >
	  </testcase>
	  </testsuite>
  <testsuite name="tests/test_ai_options_builder.gd" tests="26" failures="0" skipped="0" time="0.029195" >
	  <testcase name="test_colonize_one_option_per_adjacent_uncontrolled_tile" assertions="7" status="pass" classname="tests/test_ai_options_builder.gd" time="0.00246" >
	  </testcase>
	  <testcase name="test_colonize_no_options_if_no_uncontrolled_neighbors" assertions="1" status="pass" classname="tests/test_ai_options_builder.gd" time="0.001706" >
	  </testcase>
	  <testcase name="test_colonize_no_options_with_no_controlled_tiles" assertions="1" status="pass" classname="tests/test_ai_options_builder.gd" time="0.001986" >
	  </testcase>
	  <testcase name="test_generate_gold_returns_single_option_with_empty_targets" assertions="4" status="pass" classname="tests/test_ai_options_builder.gd" time="0.001724" >
	  </testcase>
	  <testcase name="test_card_draw_returns_a_draw_option_subclass" assertions="3" status="pass" classname="tests/test_ai_options_builder.gd" time="0.001071" >
	  </testcase>
	  <testcase name="test_direct_build_filters_by_gold_and_can_build" assertions="1" status="pass" classname="tests/test_ai_options_builder.gd" time="0.000948" >
	  </testcase>
	  <testcase name="test_direct_build_no_options_if_too_expensive" assertions="1" status="pass" classname="tests/test_ai_options_builder.gd" time="0.000986" >
	  </testcase>
	  <testcase name="test_null_card_returns_empty" assertions="1" status="pass" classname="tests/test_ai_options_builder.gd" time="0.000731" >
	  </testcase>
	  <testcase name="test_build_card_enumerates_tile_x_building_pairs" assertions="5" status="pass" classname="tests/test_ai_options_builder.gd" time="0.001202" >
	  </testcase>
	  <testcase name="test_build_card_filters_unaffordable_buildings" assertions="1" status="pass" classname="tests/test_ai_options_builder.gd" time="0.001422" >
	  </testcase>
	  <testcase name="test_build_card_filters_when_tile_cant_build" assertions="1" status="pass" classname="tests/test_ai_options_builder.gd" time="0.000887" >
	  </testcase>
	  <testcase name="test_build_card_empty_buildings_returns_no_options" assertions="1" status="pass" classname="tests/test_ai_options_builder.gd" time="0.000584" >
	  </testcase>
	  <testcase name="test_upgrade_building_enumerates_legal_pairs" assertions="4" status="pass" classname="tests/test_ai_options_builder.gd" time="0.001178" >
	  </testcase>
	  <testcase name="test_upgrade_building_filters_unaffordable" assertions="1" status="pass" classname="tests/test_ai_options_builder.gd" time="0.000618" >
	  </testcase>
	  <testcase name="test_upgrade_building_no_options_with_no_upgradable_buildings" assertions="1" status="pass" classname="tests/test_ai_options_builder.gd" time="0.000718" >
	  </testcase>
	  <testcase name="test_recruit_card_enumerates_one_per_affordable_troop" assertions="5" status="pass" classname="tests/test_ai_options_builder.gd" time="0.000873" >
	  </testcase>
	  <testcase name="test_recruit_card_no_options_when_all_unaffordable" assertions="1" status="pass" classname="tests/test_ai_options_builder.gd" time="0.000687" >
	  </testcase>
	  <testcase name="test_open_front_enumerates_enemy_x_own_neighbor_pairs" assertions="3" status="pass" classname="tests/test_ai_options_builder.gd" time="0.001346" >
	  </testcase>
	  <testcase name="test_open_front_excludes_tiles_with_active_front" assertions="1" status="pass" classname="tests/test_ai_options_builder.gd" time="0.00218" >
	  </testcase>
	  <testcase name="test_tactic_card_enumerates_active_fronts_where_ia_participates" assertions="3" status="pass" classname="tests/test_ai_options_builder.gd" time="0.001801" >
	  </testcase>
	  <testcase name="test_tactic_card_excludes_fronts_where_ia_does_not_participate" assertions="1" status="pass" classname="tests/test_ai_options_builder.gd" time="0.000991" >
	  </testcase>
	  <testcase name="test_tactic_card_excludes_resolved_fronts" assertions="1" status="pass" classname="tests/test_ai_options_builder.gd" time="0.000772" >
	  </testcase>
	  <testcase name="test_tactic_card_no_options_with_no_fronts" assertions="1" status="pass" classname="tests/test_ai_options_builder.gd" time="0.000514" >
	  </testcase>
	  <testcase name="test_recover_card_enumerates_one_per_played_pile_card" assertions="5" status="pass" classname="tests/test_ai_options_builder.gd" time="0.000577" >
	  </testcase>
	  <testcase name="test_recover_card_no_options_with_empty_played_pile" assertions="1" status="pass" classname="tests/test_ai_options_builder.gd" time="0.000507" >
	  </testcase>
	  <testcase name="test_open_front_no_options_at_max_fronts" assertions="1" status="pass" classname="tests/test_ai_options_builder.gd" time="0.000726" >
	  </testcase>
	  </testsuite>
  <testsuite name="tests/test_battle_front.gd" tests="37" failures="0" skipped="0" time="0.02855" >
	  <testcase name="test_pressure_formula_basic" assertions="2" status="pass" classname="tests/test_battle_front.gd" time="0.001032" >
	  </testcase>
	  <testcase name="test_pressure_with_troops" assertions="1" status="pass" classname="tests/test_battle_front.gd" time="0.000626" >
	  </testcase>
	  <testcase name="test_no_defender_troops_means_zero_counter_pressure" assertions="1" status="pass" classname="tests/test_battle_front.gd" time="0.000563" >
	  </testcase>
	  <testcase name="test_defense_diminishing_returns" assertions="2" status="pass" classname="tests/test_battle_front.gd" time="0.000629" >
	  </testcase>
	  <testcase name="test_marker_starts_at_zero" assertions="1" status="pass" classname="tests/test_battle_front.gd" time="0.000499" >
	  </testcase>
	  <testcase name="test_tick_moves_marker" assertions="1" status="pass" classname="tests/test_battle_front.gd" time="0.00079" >
	  </testcase>
	  <testcase name="test_symmetric_forces_marker_stays_near_zero" assertions="1" status="pass" classname="tests/test_battle_front.gd" time="0.001004" >
	  </testcase>
	  <testcase name="test_cannot_resolve_before_min_duration" assertions="2" status="pass" classname="tests/test_battle_front.gd" time="0.000786" >
	  </testcase>
	  <testcase name="test_resolves_after_min_duration_and_threshold" assertions="2" status="pass" classname="tests/test_battle_front.gd" time="0.001264" >
	  </testcase>
	  <testcase name="test_attacker_wins_with_positive_marker" assertions="2" status="pass" classname="tests/test_battle_front.gd" time="0.001239" >
	  </testcase>
	  <testcase name="test_defender_wins_with_negative_marker" assertions="2" status="pass" classname="tests/test_battle_front.gd" time="0.000534" >
	  </testcase>
	  <testcase name="test_flat_attack_bonus" assertions="1" status="pass" classname="tests/test_battle_front.gd" time="0.000491" >
	  </testcase>
	  <testcase name="test_bonus_expires_after_duration" assertions="2" status="pass" classname="tests/test_battle_front.gd" time="0.000643" >
	  </testcase>
	  <testcase name="test_permanent_bonus_persists" assertions="1" status="pass" classname="tests/test_battle_front.gd" time="0.000567" >
	  </testcase>
	  <testcase name="test_active_registry_records_new_front" assertions="2" status="pass" classname="tests/test_battle_front.gd" time="0.000478" >
	  </testcase>
	  <testcase name="test_active_registry_clears_on_resolve" assertions="2" status="pass" classname="tests/test_battle_front.gd" time="0.000564" >
	  </testcase>
	  <testcase name="test_is_tile_in_active_front_finds_attacker_and_defender_tiles" assertions="2" status="pass" classname="tests/test_battle_front.gd" time="0.000408" >
	  </testcase>
	  <testcase name="test_is_tile_in_active_front_returns_false_for_unrelated_tile" assertions="1" status="pass" classname="tests/test_battle_front.gd" time="0.000555" >
	  </testcase>
	  <testcase name="test_assigned_troops_attack_sums_only_troop_attack" assertions="2" status="pass" classname="tests/test_battle_front.gd" time="0.000907" >
	  </testcase>
	  <testcase name="test_assigned_troops_defense_sums_only_troop_defense" assertions="2" status="pass" classname="tests/test_battle_front.gd" time="0.000641" >
	  </testcase>
	  <testcase name="test_assigned_troops_stats_ignore_biome_and_bonuses" assertions="2" status="pass" classname="tests/test_battle_front.gd" time="0.000645" >
	  </testcase>
	  <testcase name="test_front_maintenance_scales_progressively" assertions="2" status="pass" classname="tests/test_battle_front.gd" time="0.00061" >
	  </testcase>
	  <testcase name="test_front_maintenance_empty" assertions="2" status="pass" classname="tests/test_battle_front.gd" time="0.000593" >
	  </testcase>
	  <testcase name="test_casualties_proportional" assertions="2" status="pass" classname="tests/test_battle_front.gd" time="0.000724" >
	  </testcase>
	  <testcase name="test_casualties_zero_when_no_troops" assertions="2" status="pass" classname="tests/test_battle_front.gd" time="0.000627" >
	  </testcase>
	  <testcase name="test_effective_attack_strong_matchup_increases_total_attack" assertions="1" status="pass" classname="tests/test_battle_front.gd" time="0.000537" >
	  </testcase>
	  <testcase name="test_effective_attack_weak_matchup_decreases_total_attack" assertions="1" status="pass" classname="tests/test_battle_front.gd" time="0.000497" >
	  </testcase>
	  <testcase name="test_effective_attack_neutral_when_no_enemy_troops" assertions="1" status="pass" classname="tests/test_battle_front.gd" time="0.000451" >
	  </testcase>
	  <testcase name="test_effective_attack_does_not_modify_buildings_or_bonuses" assertions="1" status="pass" classname="tests/test_battle_front.gd" time="0.00073" >
	  </testcase>
	  <testcase name="test_effective_attack_weighted_average_against_mixed_enemy" assertions="1" status="pass" classname="tests/test_battle_front.gd" time="0.000769" >
	  </testcase>
	  <testcase name="test_defense_is_not_affected_by_effectiveness" assertions="1" status="pass" classname="tests/test_battle_front.gd" time="0.000772" >
	  </testcase>
	  <testcase name="test_biome_attack_multiplier_uses_enemy_tile" assertions="2" status="pass" classname="tests/test_battle_front.gd" time="0.000906" >
	  </testcase>
	  <testcase name="test_biome_defense_multiplier_uses_own_tile" assertions="2" status="pass" classname="tests/test_battle_front.gd" time="0.001282" >
	  </testcase>
	  <testcase name="test_biome_attack_multiplier_per_biome_values" assertions="7" status="pass" classname="tests/test_battle_front.gd" time="0.001974" >
	  </testcase>
	  <testcase name="test_biome_defense_multiplier_per_biome_values" assertions="7" status="pass" classname="tests/test_battle_front.gd" time="0.001527" >
	  </testcase>
	  <testcase name="test_biome_does_not_scale_flat_bonus" assertions="1" status="pass" classname="tests/test_battle_front.gd" time="0.000693" >
	  </testcase>
	  <testcase name="test_no_troops_means_zero_attack_and_defense_in_any_biome" assertions="4" status="pass" classname="tests/test_battle_front.gd" time="0.000993" >
	  </testcase>
	  </testsuite>
  <testsuite name="tests/test_battle_front_manager.gd" tests="14" failures="0" skipped="0" time="0.011081" >
	  <testcase name="test_open_front_success" assertions="4" status="pass" classname="tests/test_battle_front_manager.gd" time="0.001232" >
	  </testcase>
	  <testcase name="test_open_front_not_adjacent" assertions="2" status="pass" classname="tests/test_battle_front_manager.gd" time="0.001122" >
	  </testcase>
	  <testcase name="test_open_front_duplicate_rejected" assertions="2" status="pass" classname="tests/test_battle_front_manager.gd" time="0.000813" >
	  </testcase>
	  <testcase name="test_cannot_open_front_with_attacker_tile_already_in_other_front" assertions="2" status="pass" classname="tests/test_battle_front_manager.gd" time="0.000842" >
	  </testcase>
	  <testcase name="test_cannot_open_front_with_defender_tile_already_in_other_front" assertions="2" status="pass" classname="tests/test_battle_front_manager.gd" time="0.0008" >
	  </testcase>
	  <testcase name="test_max_fronts_base" assertions="1" status="pass" classname="tests/test_battle_front_manager.gd" time="0.000779" >
	  </testcase>
	  <testcase name="test_max_fronts_scales_with_tiles" assertions="1" status="pass" classname="tests/test_battle_front_manager.gd" time="0.000769" >
	  </testcase>
	  <testcase name="test_cannot_open_beyond_limit" assertions="1" status="pass" classname="tests/test_battle_front_manager.gd" time="0.000657" >
	  </testcase>
	  <testcase name="test_extra_max_fronts_modifier" assertions="1" status="pass" classname="tests/test_battle_front_manager.gd" time="0.000592" >
	  </testcase>
	  <testcase name="test_assign_troop_to_front" assertions="3" status="pass" classname="tests/test_battle_front_manager.gd" time="0.0007" >
	  </testcase>
	  <testcase name="test_assign_troop_not_in_pool" assertions="1" status="pass" classname="tests/test_battle_front_manager.gd" time="0.00055" >
	  </testcase>
	  <testcase name="test_assign_troop_to_resolved_front" assertions="1" status="pass" classname="tests/test_battle_front_manager.gd" time="0.000492" >
	  </testcase>
	  <testcase name="test_get_front_for_tile" assertions="2" status="pass" classname="tests/test_battle_front_manager.gd" time="0.000813" >
	  </testcase>
	  <testcase name="test_get_front_for_tile_not_found" assertions="1" status="pass" classname="tests/test_battle_front_manager.gd" time="0.00092" >
	  </testcase>
	  </testsuite>
  <testsuite name="tests/test_battle_front_serializer.gd" tests="6" failures="0" skipped="0" time="0.006994" >
	  <testcase name="test_resolved_front_serializes_to_empty_dict" assertions="1" status="pass" classname="tests/test_battle_front_serializer.gd" time="0.000999" >
	  </testcase>
	  <testcase name="test_to_dict_captures_positions_and_empires" assertions="6" status="pass" classname="tests/test_battle_front_serializer.gd" time="0.002458" >
	  </testcase>
	  <testcase name="test_to_dict_serializes_troops_by_resource_path" assertions="1" status="pass" classname="tests/test_battle_front_serializer.gd" time="0.000955" >
	  </testcase>
	  <testcase name="test_to_dict_sanitizes_resource_in_bonuses" assertions="2" status="pass" classname="tests/test_battle_front_serializer.gd" time="0.00091" >
	  </testcase>
	  <testcase name="test_from_dict_returns_null_when_tiles_not_in_world" assertions="1" status="pass" classname="tests/test_battle_front_serializer.gd" time="0.000674" >
	  </testcase>
	  <testcase name="test_from_dict_rebuilds_with_world_and_empires" assertions="4" status="pass" classname="tests/test_battle_front_serializer.gd" time="0.000998" >
	  </testcase>
	  </testsuite>
  <testsuite name="tests/test_battle_front_ui.gd" tests="13" failures="0" skipped="0" time="0.092422" >
	  <testcase name="test_panel_creates_with_valid_front" assertions="3" status="pass" classname="tests/test_battle_front_ui.gd" time="0.010462" >
	  </testcase>
	  <testcase name="test_panel_shows_empire_names" assertions="2" status="pass" classname="tests/test_battle_front_ui.gd" time="0.007806" >
	  </testcase>
	  <testcase name="test_panel_shows_assign_button_for_participant" assertions="1" status="pass" classname="tests/test_battle_front_ui.gd" time="0.006793" >
	  </testcase>
	  <testcase name="test_panel_hides_assign_button_for_non_participant" assertions="1" status="pass" classname="tests/test_battle_front_ui.gd" time="0.006371" >
	  </testcase>
	  <testcase name="test_panel_emits_assign_signal" assertions="1" status="pass" classname="tests/test_battle_front_ui.gd" time="0.008717" >
	  </testcase>
	  <testcase name="test_panel_emits_close_signal" assertions="1" status="pass" classname="tests/test_battle_front_ui.gd" time="0.009072" >
	  </testcase>
	  <testcase name="test_panel_shows_assigned_troops_in_stats" assertions="3" status="pass" classname="tests/test_battle_front_ui.gd" time="0.008915" >
	  </testcase>
	  <testcase name="test_panel_shows_maintenance_cost_per_side" assertions="3" status="pass" classname="tests/test_battle_front_ui.gd" time="0.007939" >
	  </testcase>
	  <testcase name="test_panel_shows_zero_maintenance_with_no_troops" assertions="2" status="pass" classname="tests/test_battle_front_ui.gd" time="0.006407" >
	  </testcase>
	  <testcase name="test_assign_panel_shows_pool_troops" assertions="2" status="pass" classname="tests/test_battle_front_ui.gd" time="0.005929" >
	  </testcase>
	  <testcase name="test_assign_panel_empty_pool_message" assertions="1" status="pass" classname="tests/test_battle_front_ui.gd" time="0.003942" >
	  </testcase>
	  <testcase name="test_assign_panel_determines_correct_side" assertions="2" status="pass" classname="tests/test_battle_front_ui.gd" time="0.005485" >
	  </testcase>
	  <testcase name="test_assign_panel_emits_troop_assigned" assertions="1" status="pass" classname="tests/test_battle_front_ui.gd" time="0.004584" >
	  </testcase>
	  </testsuite>
  <testsuite name="tests/test_battle_front_visual.gd" tests="16" failures="0" skipped="0" time="0.243601" >
	  <testcase name="test_visual_positions_at_midpoint" assertions="2" status="pass" classname="tests/test_battle_front_visual.gd" time="0.084089" >
	  </testcase>
	  <testcase name="test_visual_has_area3d_on_layer_3" assertions="3" status="pass" classname="tests/test_battle_front_visual.gd" time="0.014052" >
	  </testcase>
	  <testcase name="test_visual_set_highlight" assertions="2" status="pass" classname="tests/test_battle_front_visual.gd" time="0.090671" >
	  </testcase>
	  <testcase name="test_visual_updates_color_on_marker_change" assertions="1" status="pass" classname="tests/test_battle_front_visual.gd" time="0.012908" >
	  </testcase>
	  <testcase name="test_visual_emits_front_clicked" assertions="1" status="pass" classname="tests/test_battle_front_visual.gd" time="0.002232" >
	  </testcase>
	  <testcase name="test_manager_creates_visual_on_front_opened" assertions="2" status="pass" classname="tests/test_battle_front_visual.gd" time="0.007339" >
	  </testcase>
	  <testcase name="test_manager_removes_visual_on_front_resolved" assertions="1" status="pass" classname="tests/test_battle_front_visual.gd" time="0.009115" >
	  </testcase>
	  <testcase name="test_manager_no_duplicate_visuals" assertions="1" status="pass" classname="tests/test_battle_front_visual.gd" time="0.006424" >
	  </testcase>
	  <testcase name="test_manager_get_all_visuals" assertions="1" status="pass" classname="tests/test_battle_front_visual.gd" time="0.007111" >
	  </testcase>
	  <testcase name="test_tactic_indicator_hidden_without_player_empire" assertions="1" status="pass" classname="tests/test_battle_front_visual.gd" time="0.002329" >
	  </testcase>
	  <testcase name="test_tactic_indicator_hidden_when_player_does_not_participate" assertions="1" status="pass" classname="tests/test_battle_front_visual.gd" time="0.001377" >
	  </testcase>
	  <testcase name="test_tactic_indicator_visible_when_player_attacker_has_tactic" assertions="1" status="pass" classname="tests/test_battle_front_visual.gd" time="0.001201" >
	  </testcase>
	  <testcase name="test_tactic_indicator_hidden_when_only_opponent_has_tactic" assertions="1" status="pass" classname="tests/test_battle_front_visual.gd" time="0.001109" >
	  </testcase>
	  <testcase name="test_tactic_indicator_visible_when_player_defender_has_tactic" assertions="1" status="pass" classname="tests/test_battle_front_visual.gd" time="0.001075" >
	  </testcase>
	  <testcase name="test_tactic_indicator_updates_on_bonuses_changed" assertions="3" status="pass" classname="tests/test_battle_front_visual.gd" time="0.0011" >
	  </testcase>
	  <testcase name="test_tactic_indicator_ignores_non_tactic_bonuses" assertions="1" status="pass" classname="tests/test_battle_front_visual.gd" time="0.001469" >
	  </testcase>
	  </testsuite>
  <testsuite name="tests/test_building.gd" tests="24" failures="0" skipped="0" time="0.082608" >
	  <testcase name="test_can_be_upgraded_true_when_affordable" assertions="1" status="pass" classname="tests/test_building.gd" time="0.001219" >
	  </testcase>
	  <testcase name="test_can_be_upgraded_false_when_too_expensive" assertions="1" status="pass" classname="tests/test_building.gd" time="0.001519" >
	  </testcase>
	  <testcase name="test_can_be_upgraded_false_with_no_upgrades" assertions="1" status="pass" classname="tests/test_building.gd" time="0.00168" >
	  </testcase>
	  <testcase name="test_can_build_basic_success" assertions="1" status="pass" classname="tests/test_building.gd" time="0.00126" >
	  </testcase>
	  <testcase name="test_can_build_fails_when_max_buildings_reached" assertions="1" status="pass" classname="tests/test_building.gd" time="0.001132" >
	  </testcase>
	  <testcase name="test_can_build_fails_when_building_already_exists" assertions="1" status="pass" classname="tests/test_building.gd" time="0.001234" >
	  </testcase>
	  <testcase name="test_can_build_fails_wrong_natural_resource" assertions="1" status="pass" classname="tests/test_building.gd" time="0.001214" >
	  </testcase>
	  <testcase name="test_can_build_succeeds_matching_natural_resource" assertions="1" status="pass" classname="tests/test_building.gd" time="0.001055" >
	  </testcase>
	  <testcase name="test_can_build_fails_wrong_location_type" assertions="1" status="pass" classname="tests/test_building.gd" time="0.001056" >
	  </testcase>
	  <testcase name="test_can_build_fails_wrong_biome" assertions="1" status="pass" classname="tests/test_building.gd" time="0.001034" >
	  </testcase>
	  <testcase name="test_can_build_succeeds_matching_biome" assertions="1" status="pass" classname="tests/test_building.gd" time="0.000985" >
	  </testcase>
	  <testcase name="test_build_adds_building_to_tile" assertions="1" status="pass" classname="tests/test_building.gd" time="0.001522" >
	  </testcase>
	  <testcase name="test_build_deducts_gold" assertions="1" status="pass" classname="tests/test_building.gd" time="0.001874" >
	  </testcase>
	  <testcase name="test_build_does_nothing_if_cannot_build" assertions="2" status="pass" classname="tests/test_building.gd" time="0.001713" >
	  </testcase>
	  <testcase name="test_build_recalculates_production" assertions="1" status="pass" classname="tests/test_building.gd" time="0.001946" >
	  </testcase>
	  <testcase name="test_get_valid_buildings_filters_correctly" assertions="2" status="pass" classname="tests/test_building.gd" time="0.001712" >
	  </testcase>
	  <testcase name="test_can_upgrade_success" assertions="1" status="pass" classname="tests/test_building.gd" time="0.001111" >
	  </testcase>
	  <testcase name="test_can_upgrade_fails_building_not_on_tile" assertions="1" status="pass" classname="tests/test_building.gd" time="0.00101" >
	  </testcase>
	  <testcase name="test_can_upgrade_fails_not_in_upgrade_path" assertions="1" status="pass" classname="tests/test_building.gd" time="0.00099" >
	  </testcase>
	  <testcase name="test_upgrade_replaces_building" assertions="2" status="pass" classname="tests/test_building.gd" time="0.054234" >
	  </testcase>
	  <testcase name="test_upgrade_deducts_new_building_cost" assertions="1" status="pass" classname="tests/test_building.gd" time="0.001135" >
	  </testcase>
	  <testcase name="test_demolish_removes_building" assertions="1" status="pass" classname="tests/test_building.gd" time="0.000859" >
	  </testcase>
	  <testcase name="test_demolish_does_nothing_for_missing_building" assertions="1" status="pass" classname="tests/test_building.gd" time="0.000594" >
	  </testcase>
	  <testcase name="test_recalculate_modifiers_includes_buildings" assertions="1" status="pass" classname="tests/test_building.gd" time="0.00052" >
	  </testcase>
	  </testsuite>
  <testsuite name="tests/test_building_panel.gd" tests="4" failures="0" skipped="0" time="0.051062" >
	  <testcase name="test_set_buildings_does_not_crash_when_player_cannot_afford" assertions="1" status="pass" classname="tests/test_building_panel.gd" time="0.014131" >
	  </testcase>
	  <testcase name="test_unaffordable_slot_marks_price_label_in_red" assertions="2" status="pass" classname="tests/test_building_panel.gd" time="0.012363" >
	  </testcase>
	  <testcase name="test_unaffordable_slot_does_not_emit_building_selected_on_click" assertions="1" status="pass" classname="tests/test_building_panel.gd" time="0.01266" >
	  </testcase>
	  <testcase name="test_affordable_slot_emits_card_confirmed_on_selection" assertions="1" status="pass" classname="tests/test_building_panel.gd" time="0.011908" >
	  </testcase>
	  </testsuite>
  <testsuite name="tests/test_card.gd" tests="13" failures="0" skipped="0" time="0.005463" >
	  <testcase name="test_is_tile_targeted_returns_true_for_tile_target" assertions="1" status="pass" classname="tests/test_card.gd" time="0.000672" >
	  </testcase>
	  <testcase name="test_is_tile_targeted_returns_false_for_self_target" assertions="1" status="pass" classname="tests/test_card.gd" time="0.000405" >
	  </testcase>
	  <testcase name="test_is_batle_front_targeted" assertions="1" status="pass" classname="tests/test_card.gd" time="0.000297" >
	  </testcase>
	  <testcase name="test_is_batle_front_targeted_false_for_tile" assertions="1" status="pass" classname="tests/test_card.gd" time="0.000371" >
	  </testcase>
	  <testcase name="test_is_single_use_true" assertions="1" status="pass" classname="tests/test_card.gd" time="0.000272" >
	  </testcase>
	  <testcase name="test_is_single_use_false_for_basic" assertions="1" status="pass" classname="tests/test_card.gd" time="0.000263" >
	  </testcase>
	  <testcase name="test_is_single_use_false_for_special" assertions="1" status="pass" classname="tests/test_card.gd" time="0.000273" >
	  </testcase>
	  <testcase name="test_get_tooltip_returns_tooltipe_text_when_set" assertions="1" status="pass" classname="tests/test_card.gd" time="0.000384" >
	  </testcase>
	  <testcase name="test_get_tooltip_generates_from_build_tooltip_when_empty" assertions="1" status="pass" classname="tests/test_card.gd" time="0.000347" >
	  </testcase>
	  <testcase name="test_get_valid_targets_returns_empty_by_default" assertions="1" status="pass" classname="tests/test_card.gd" time="0.000473" >
	  </testcase>
	  <testcase name="test_is_valid_target_returns_false_by_default" assertions="1" status="pass" classname="tests/test_card.gd" time="0.000348" >
	  </testcase>
	  <testcase name="test_card_type_enum_values" assertions="3" status="pass" classname="tests/test_card.gd" time="0.000537" >
	  </testcase>
	  <testcase name="test_card_target_enum_values" assertions="3" status="pass" classname="tests/test_card.gd" time="0.000821" >
	  </testcase>
	  </testsuite>
  <testsuite name="tests/test_card_confirming_state.gd" tests="6" failures="0" skipped="0" time="0.033349" >
	  <testcase name="test_exit_sets_card_menu_to_null_after_free" assertions="1" status="pass" classname="tests/test_card_confirming_state.gd" time="0.005367" >
	  </testcase>
	  <testcase name="test_exit_is_safe_when_menu_already_null" assertions="1" status="pass" classname="tests/test_card_confirming_state.gd" time="0.00195" >
	  </testcase>
	  <testcase name="test_enter_without_menu_requests_back_to_base_deferred" assertions="1" status="pass" classname="tests/test_card_confirming_state.gd" time="0.008127" >
	  </testcase>
	  <testcase name="test_enter_clears_dangling_freed_reference_before_confirming" assertions="2" status="pass" classname="tests/test_card_confirming_state.gd" time="0.008833" >
	  </testcase>
	  <testcase name="test_request_back_to_base_emits_with_base_target" assertions="1" status="pass" classname="tests/test_card_confirming_state.gd" time="0.003769" >
	  </testcase>
	  <testcase name="test_dragging_targeted_card_without_targets_returns_to_base" assertions="2" status="pass" classname="tests/test_card_confirming_state.gd" time="0.005303" >
	  </testcase>
	  </testsuite>
  <testsuite name="tests/test_card_pile.gd" tests="16" failures="0" skipped="0" time="0.009379" >
	  <testcase name="test_new_pile_is_empty" assertions="1" status="pass" classname="tests/test_card_pile.gd" time="0.000379" >
	  </testcase>
	  <testcase name="test_pile_not_empty_after_add" assertions="1" status="pass" classname="tests/test_card_pile.gd" time="0.000372" >
	  </testcase>
	  <testcase name="test_add_card_increases_size" assertions="1" status="pass" classname="tests/test_card_pile.gd" time="0.000436" >
	  </testcase>
	  <testcase name="test_draw_card_returns_last_added" assertions="1" status="pass" classname="tests/test_card_pile.gd" time="0.000394" >
	  </testcase>
	  <testcase name="test_draw_card_decreases_size" assertions="1" status="pass" classname="tests/test_card_pile.gd" time="0.000645" >
	  </testcase>
	  <testcase name="test_draw_all_cards_empties_pile" assertions="1" status="pass" classname="tests/test_card_pile.gd" time="0.00057" >
	  </testcase>
	  <testcase name="test_remove_card_returns_true_when_found" assertions="1" status="pass" classname="tests/test_card_pile.gd" time="0.000398" >
	  </testcase>
	  <testcase name="test_remove_card_returns_false_when_not_found" assertions="1" status="pass" classname="tests/test_card_pile.gd" time="0.000297" >
	  </testcase>
	  <testcase name="test_remove_card_decreases_size" assertions="1" status="pass" classname="tests/test_card_pile.gd" time="0.000498" >
	  </testcase>
	  <testcase name="test_shuffle_preserves_size" assertions="1" status="pass" classname="tests/test_card_pile.gd" time="0.000469" >
	  </testcase>
	  <testcase name="test_clear_empties_pile" assertions="2" status="pass" classname="tests/test_card_pile.gd" time="0.000435" >
	  </testcase>
	  <testcase name="test_add_card_emits_signal" assertions="1" status="pass" classname="tests/test_card_pile.gd" time="0.001475" >
	  </testcase>
	  <testcase name="test_draw_card_emits_signal" assertions="1" status="pass" classname="tests/test_card_pile.gd" time="0.000755" >
	  </testcase>
	  <testcase name="test_remove_card_emits_signal_on_success" assertions="1" status="pass" classname="tests/test_card_pile.gd" time="0.000668" >
	  </testcase>
	  <testcase name="test_clear_emits_signal" assertions="1" status="pass" classname="tests/test_card_pile.gd" time="0.001034" >
	  </testcase>
	  <testcase name="test_to_string_format" assertions="2" status="pass" classname="tests/test_card_pile.gd" time="0.000554" >
	  </testcase>
	  </testsuite>
  <testsuite name="tests/test_card_types.gd" tests="7" failures="0" skipped="0" time="0.004315" >
	  <testcase name="test_generate_gold_card_adds_gold" assertions="1" status="pass" classname="tests/test_card_types.gd" time="0.000713" >
	  </testcase>
	  <testcase name="test_generate_gold_card_tooltip_contains_amount" assertions="1" status="pass" classname="tests/test_card_types.gd" time="0.000439" >
	  </testcase>
	  <testcase name="test_card_draw_card_tooltip_singular" assertions="1" status="pass" classname="tests/test_card_types.gd" time="0.00042" >
	  </testcase>
	  <testcase name="test_card_draw_card_tooltip_plural" assertions="1" status="pass" classname="tests/test_card_types.gd" time="0.000832" >
	  </testcase>
	  <testcase name="test_build_card_is_valid_target_false_for_non_tile" assertions="1" status="pass" classname="tests/test_card_types.gd" time="0.000694" >
	  </testcase>
	  <testcase name="test_build_card_get_valid_targets_empty_with_no_buildings" assertions="1" status="pass" classname="tests/test_card_types.gd" time="0.000711" >
	  </testcase>
	  <testcase name="test_colonize_card_tooltip_not_empty" assertions="1" status="pass" classname="tests/test_card_types.gd" time="0.000506" >
	  </testcase>
	  </testsuite>
  <testsuite name="tests/test_conditions_effects.gd" tests="19" failures="0" skipped="0" time="1.388948" >
	  <testcase name="test_base_condition_returns_empty_targets" assertions="1" status="pass" classname="tests/test_conditions_effects.gd" time="0.000512" >
	  </testcase>
	  <testcase name="test_base_condition_is_valid_false" assertions="1" status="pass" classname="tests/test_conditions_effects.gd" time="0.000331" >
	  </testcase>
	  <testcase name="test_build_condition_valid_for_owned_tile" assertions="1" status="pass" classname="tests/test_conditions_effects.gd" time="0.097425" >
	  </testcase>
	  <testcase name="test_build_condition_invalid_for_enemy_tile" assertions="1" status="pass" classname="tests/test_conditions_effects.gd" time="0.100475" >
	  </testcase>
	  <testcase name="test_build_condition_invalid_for_non_tile" assertions="1" status="pass" classname="tests/test_conditions_effects.gd" time="0.035925" >
	  </testcase>
	  <testcase name="test_build_condition_invalid_no_buildings" assertions="1" status="pass" classname="tests/test_conditions_effects.gd" time="0.047596" >
	  </testcase>
	  <testcase name="test_build_condition_invalid_not_enough_gold" assertions="1" status="pass" classname="tests/test_conditions_effects.gd" time="0.100832" >
	  </testcase>
	  <testcase name="test_build_condition_valid_targets" assertions="1" status="pass" classname="tests/test_conditions_effects.gd" time="0.100337" >
	  </testcase>
	  <testcase name="test_adjacent_condition_valid_target" assertions="1" status="pass" classname="tests/test_conditions_effects.gd" time="0.100913" >
	  </testcase>
	  <testcase name="test_adjacent_condition_invalid_already_owned" assertions="1" status="pass" classname="tests/test_conditions_effects.gd" time="0.10225" >
	  </testcase>
	  <testcase name="test_adjacent_condition_invalid_not_adjacent" assertions="1" status="pass" classname="tests/test_conditions_effects.gd" time="0.100351" >
	  </testcase>
	  <testcase name="test_adjacent_condition_valid_targets" assertions="1" status="pass" classname="tests/test_conditions_effects.gd" time="0.10083" >
	  </testcase>
	  <testcase name="test_upgrade_condition_valid" assertions="1" status="pass" classname="tests/test_conditions_effects.gd" time="0.099918" >
	  </testcase>
	  <testcase name="test_upgrade_condition_invalid_no_upgradable" assertions="1" status="pass" classname="tests/test_conditions_effects.gd" time="0.100216" >
	  </testcase>
	  <testcase name="test_generate_gold_effect" assertions="1" status="pass" classname="tests/test_conditions_effects.gd" time="0.001042" >
	  </testcase>
	  <testcase name="test_generate_gold_effect_no_stats" assertions="1" status="pass" classname="tests/test_conditions_effects.gd" time="0.000378" >
	  </testcase>
	  <testcase name="test_build_effect_builds_on_tile" assertions="2" status="pass" classname="tests/test_conditions_effects.gd" time="0.098622" >
	  </testcase>
	  <testcase name="test_build_effect_no_building" assertions="1" status="pass" classname="tests/test_conditions_effects.gd" time="0.100592" >
	  </testcase>
	  <testcase name="test_building_effect_base_does_nothing" assertions="1" status="pass" classname="tests/test_conditions_effects.gd" time="0.100403" >
	  </testcase>
	  </testsuite>
  <testsuite name="tests/test_demolish_ui.gd" tests="12" failures="0" skipped="0" time="0.172751" >
	  <testcase name="test_demolish_button_hidden_by_default" assertions="1" status="pass" classname="tests/test_demolish_ui.gd" time="0.004711" >
	  </testcase>
	  <testcase name="test_demolish_button_hidden_when_no_building" assertions="1" status="pass" classname="tests/test_demolish_ui.gd" time="0.005102" >
	  </testcase>
	  <testcase name="test_demolish_button_visible_when_allowed_and_building_set" assertions="1" status="pass" classname="tests/test_demolish_ui.gd" time="0.003843" >
	  </testcase>
	  <testcase name="test_demolish_button_hides_when_building_cleared" assertions="2" status="pass" classname="tests/test_demolish_ui.gd" time="0.004215" >
	  </testcase>
	  <testcase name="test_pressing_demolish_button_emits_signal" assertions="2" status="pass" classname="tests/test_demolish_ui.gd" time="0.006624" >
	  </testcase>
	  <testcase name="test_pressing_demolish_does_nothing_when_no_building" assertions="1" status="pass" classname="tests/test_demolish_ui.gd" time="0.005053" >
	  </testcase>
	  <testcase name="test_tile_panel_disables_demolish_on_uncontrolled_tile" assertions="3" status="pass" classname="tests/test_demolish_ui.gd" time="0.018709" >
	  </testcase>
	  <testcase name="test_tile_panel_enables_demolish_on_controlled_tile" assertions="3" status="pass" classname="tests/test_demolish_ui.gd" time="0.01662" >
	  </testcase>
	  <testcase name="test_tile_panel_demolishes_on_confirm" assertions="1" status="pass" classname="tests/test_demolish_ui.gd" time="0.031279" >
	  </testcase>
	  <testcase name="test_tile_panel_keeps_building_on_cancel" assertions="1" status="pass" classname="tests/test_demolish_ui.gd" time="0.017818" >
	  </testcase>
	  <testcase name="test_tile_panel_ignores_demolish_request_on_uncontrolled_tile" assertions="1" status="pass" classname="tests/test_demolish_ui.gd" time="0.016644" >
	  </testcase>
	  <testcase name="test_tile_panel_frees_slot_after_demolish" assertions="3" status="pass" classname="tests/test_demolish_ui.gd" time="0.042133" >
	  </testcase>
	  </testsuite>
  <testsuite name="tests/test_empire.gd" tests="19" failures="0" skipped="0" time="0.687617" >
	  <testcase name="test_empire_add_tile" assertions="2" status="pass" classname="tests/test_empire.gd" time="0.112537" >
	  </testcase>
	  <testcase name="test_empire_add_tile_emits_signal" assertions="1" status="pass" classname="tests/test_empire.gd" time="0.099907" >
	  </testcase>
	  <testcase name="test_empire_add_tile_no_duplicate" assertions="1" status="pass" classname="tests/test_empire.gd" time="0.083771" >
	  </testcase>
	  <testcase name="test_empire_remove_tile" assertions="2" status="pass" classname="tests/test_empire.gd" time="0.099968" >
	  </testcase>
	  <testcase name="test_empire_remove_tile_emits_signal" assertions="1" status="pass" classname="tests/test_empire.gd" time="0.083343" >
	  </testcase>
	  <testcase name="test_empire_remove_tile_not_controlled_no_error" assertions="1" status="pass" classname="tests/test_empire.gd" time="0.100108" >
	  </testcase>
	  <testcase name="test_empire_reset_controlled_tiles" assertions="1" status="pass" classname="tests/test_empire.gd" time="0.10057" >
	  </testcase>
	  <testcase name="test_empire_create_instance" assertions="4" status="pass" classname="tests/test_empire.gd" time="0.001162" >
	  </testcase>
	  <testcase name="test_base_ability_creates_no_modifiers" assertions="1" status="pass" classname="tests/test_empire.gd" time="0.00049" >
	  </testcase>
	  <testcase name="test_banking_ability_creates_two_modifiers" assertions="1" status="pass" classname="tests/test_empire.gd" time="0.000415" >
	  </testcase>
	  <testcase name="test_banking_ability_has_gold_percent_modifier" assertions="2" status="pass" classname="tests/test_empire.gd" time="0.000572" >
	  </testcase>
	  <testcase name="test_banking_ability_has_build_cost_modifier" assertions="2" status="pass" classname="tests/test_empire.gd" time="0.000452" >
	  </testcase>
	  <testcase name="test_horde_ability_creates_two_modifiers" assertions="1" status="pass" classname="tests/test_empire.gd" time="0.000426" >
	  </testcase>
	  <testcase name="test_horde_ability_has_cards_per_turn_modifier" assertions="2" status="pass" classname="tests/test_empire.gd" time="0.000547" >
	  </testcase>
	  <testcase name="test_horde_ability_has_card_return_modifier" assertions="3" status="pass" classname="tests/test_empire.gd" time="0.000645" >
	  </testcase>
	  <testcase name="test_gardens_ability_without_wheat_creates_one_modifier" assertions="1" status="pass" classname="tests/test_empire.gd" time="0.00048" >
	  </testcase>
	  <testcase name="test_gardens_ability_with_wheat_creates_two_modifiers" assertions="1" status="pass" classname="tests/test_empire.gd" time="0.000802" >
	  </testcase>
	  <testcase name="test_gardens_ability_has_gold_on_card_modifier" assertions="3" status="pass" classname="tests/test_empire.gd" time="0.000651" >
	  </testcase>
	  <testcase name="test_gardens_ability_wheat_food_modifier" assertions="3" status="pass" classname="tests/test_empire.gd" time="0.000771" >
	  </testcase>
	  </testsuite>
  <testsuite name="tests/test_event_pause.gd" tests="6" failures="0" skipped="0" time="0.007017" >
	  <testcase name="test_turn_event_panel_process_mode_is_always" assertions="1" status="pass" classname="tests/test_event_pause.gd" time="0.001109" >
	  </testcase>
	  <testcase name="test_event_card_selection_panel_process_mode_is_always" assertions="1" status="pass" classname="tests/test_event_pause.gd" time="0.001559" >
	  </testcase>
	  <testcase name="test_shop_panel_process_mode_is_always" assertions="1" status="pass" classname="tests/test_event_pause.gd" time="0.002396" >
	  </testcase>
	  <testcase name="test_turn_event_resolved_unpauses_tree" assertions="1" status="pass" classname="tests/test_event_pause.gd" time="0.000631" >
	  </testcase>
	  <testcase name="test_shop_event_resolved_unpauses_tree" assertions="1" status="pass" classname="tests/test_event_pause.gd" time="0.000756" >
	  </testcase>
	  <testcase name="test_interaction_tracker_uses_unhandled_input" assertions="1" status="pass" classname="tests/test_event_pause.gd" time="0.000566" >
	  </testcase>
	  </testsuite>
  <testsuite name="tests/test_game_save_manager.gd" tests="8" failures="0" skipped="0" time="0.083967" >
	  <testcase name="test_list_slots_starts_without_test_slots" assertions="2" status="pass" classname="tests/test_game_save_manager.gd" time="0.006228" >
	  </testcase>
	  <testcase name="test_delete_slot_returns_false_when_missing" assertions="1" status="pass" classname="tests/test_game_save_manager.gd" time="0.004515" >
	  </testcase>
	  <testcase name="test_save_returns_false_when_no_game_active" assertions="1" status="pass" classname="tests/test_game_save_manager.gd" time="0.004254" >
	  </testcase>
	  <testcase name="test_load_missing_file_returns_false_and_emits_failure" assertions="2" status="pass" classname="tests/test_game_save_manager.gd" time="0.005111" >
	  </testcase>
	  <testcase name="test_load_rejects_unknown_version" assertions="2" status="pass" classname="tests/test_game_save_manager.gd" time="0.023129" >
	  </testcase>
	  <testcase name="test_load_rejects_non_dict_json" assertions="2" status="pass" classname="tests/test_game_save_manager.gd" time="0.008787" >
	  </testcase>
	  <testcase name="test_write_and_read_minimal_valid_snapshot" assertions="3" status="pass" classname="tests/test_game_save_manager.gd" time="0.019997" >
	  </testcase>
	  <testcase name="test_list_slots_includes_written_file" assertions="1" status="pass" classname="tests/test_game_save_manager.gd" time="0.011946" >
	  </testcase>
	  </testsuite>
  <testsuite name="tests/test_hand_interactive.gd" tests="5" failures="0" skipped="0" time="0.035214" >
	  <testcase name="test_hand_starts_interactive_by_default" assertions="1" status="pass" classname="tests/test_hand_interactive.gd" time="0.008789" >
	  </testcase>
	  <testcase name="test_set_interactive_false_disables_existing_cards" assertions="2" status="pass" classname="tests/test_hand_interactive.gd" time="0.007652" >
	  </testcase>
	  <testcase name="test_set_interactive_true_reenables_existing_cards" assertions="2" status="pass" classname="tests/test_hand_interactive.gd" time="0.00747" >
	  </testcase>
	  <testcase name="test_add_card_while_disabled_creates_non_interactive_card" assertions="1" status="pass" classname="tests/test_hand_interactive.gd" time="0.005854" >
	  </testcase>
	  <testcase name="test_add_card_while_enabled_creates_interactive_card" assertions="1" status="pass" classname="tests/test_hand_interactive.gd" time="0.005449" >
	  </testcase>
	  </testsuite>
  <testsuite name="tests/test_interaction_tracker.gd" tests="1" failures="0" skipped="0" time="0.000739" >
	  <testcase name="test_uses_unhandled_input_callback" assertions="2" status="pass" classname="tests/test_interaction_tracker.gd" time="0.000739" >
	  </testcase>
	  </testsuite>
  <testsuite name="tests/test_military_cards.gd" tests="10" failures="0" skipped="0" time="0.006358" >
	  <testcase name="test_recruit_card_apply_effects_success" assertions="2" status="pass" classname="tests/test_military_cards.gd" time="0.000989" >
	  </testcase>
	  <testcase name="test_recruit_card_apply_effects_no_chosen" assertions="2" status="pass" classname="tests/test_military_cards.gd" time="0.000553" >
	  </testcase>
	  <testcase name="test_recruit_card_apply_effects_insufficient_gold" assertions="1" status="pass" classname="tests/test_military_cards.gd" time="0.000592" >
	  </testcase>
	  <testcase name="test_recruit_card_is_basic_type" assertions="1" status="pass" classname="tests/test_military_cards.gd" time="0.000391" >
	  </testcase>
	  <testcase name="test_open_front_card_valid_targets" assertions="2" status="pass" classname="tests/test_military_cards.gd" time="0.00088" >
	  </testcase>
	  <testcase name="test_open_front_card_no_targets_without_enemy_neighbors" assertions="1" status="pass" classname="tests/test_military_cards.gd" time="0.000638" >
	  </testcase>
	  <testcase name="test_open_front_card_excludes_tiles_with_active_front" assertions="1" status="pass" classname="tests/test_military_cards.gd" time="0.000797" >
	  </testcase>
	  <testcase name="test_open_front_card_apply_effects" assertions="1" status="pass" classname="tests/test_military_cards.gd" time="0.00065" >
	  </testcase>
	  <testcase name="test_enemy_adjacent_condition_valid" assertions="2" status="pass" classname="tests/test_military_cards.gd" time="0.000451" >
	  </testcase>
	  <testcase name="test_enemy_adjacent_condition_ignores_uncontrolled" assertions="1" status="pass" classname="tests/test_military_cards.gd" time="0.000417" >
	  </testcase>
	  </testsuite>
  <testsuite name="tests/test_military_events.gd" tests="36" failures="0" skipped="0" time="3.224008" >
	  <testcase name="test_has_adjacent_enemy_true_when_neighbor_is_enemy" assertions="1" status="pass" classname="tests/test_military_events.gd" time="0.110959" >
	  </testcase>
	  <testcase name="test_has_adjacent_enemy_false_when_no_enemy_neighbor" assertions="1" status="pass" classname="tests/test_military_events.gd" time="0.100138" >
	  </testcase>
	  <testcase name="test_has_adjacent_enemy_false_when_neighbor_is_own" assertions="1" status="pass" classname="tests/test_military_events.gd" time="0.083061" >
	  </testcase>
	  <testcase name="test_has_troops_true_with_troops" assertions="1" status="pass" classname="tests/test_military_events.gd" time="0.11812" >
	  </testcase>
	  <testcase name="test_has_troops_false_without_troops" assertions="1" status="pass" classname="tests/test_military_events.gd" time="0.100629" >
	  </testcase>
	  <testcase name="test_has_troops_min_count" assertions="2" status="pass" classname="tests/test_military_events.gd" time="0.101293" >
	  </testcase>
	  <testcase name="test_has_active_fronts_true" assertions="1" status="pass" classname="tests/test_military_events.gd" time="0.100454" >
	  </testcase>
	  <testcase name="test_has_active_fronts_false" assertions="1" status="pass" classname="tests/test_military_events.gd" time="0.100319" >
	  </testcase>
	  <testcase name="test_context_includes_troop_pool_size" assertions="1" status="pass" classname="tests/test_military_events.gd" time="0.099971" >
	  </testcase>
	  <testcase name="test_context_includes_active_front_count" assertions="1" status="pass" classname="tests/test_military_events.gd" time="0.100704" >
	  </testcase>
	  <testcase name="test_context_has_adjacent_enemy_flag" assertions="1" status="pass" classname="tests/test_military_events.gd" time="0.099552" >
	  </testcase>
	  <testcase name="test_unlock_recruit_event_conditions_not_met_without_town" assertions="1" status="pass" classname="tests/test_military_events.gd" time="0.100336" >
	  </testcase>
	  <testcase name="test_unlock_recruit_event_conditions_met" assertions="1" status="pass" classname="tests/test_military_events.gd" time="0.100322" >
	  </testcase>
	  <testcase name="test_unlock_open_front_requires_recruit_and_troops" assertions="3" status="pass" classname="tests/test_military_events.gd" time="0.101098" >
	  </testcase>
	  <testcase name="test_unlock_recruit_choice_adds_card_to_discard" assertions="2" status="pass" classname="tests/test_military_events.gd" time="0.100393" >
	  </testcase>
	  <testcase name="test_unlock_open_front_choice_adds_card_to_discard" assertions="2" status="pass" classname="tests/test_military_events.gd" time="0.101035" >
	  </testcase>
	  <testcase name="test_unlock_recruit_not_skippable" assertions="1" status="pass" classname="tests/test_military_events.gd" time="0.000944" >
	  </testcase>
	  <testcase name="test_all_military_events_are_unique" assertions="2" status="pass" classname="tests/test_military_events.gd" time="0.00055" >
	  </testcase>
	  <testcase name="test_unlock_open_front_card_loaded_from_resource" assertions="6" status="pass" classname="tests/test_military_events.gd" time="0.098628" >
	  </testcase>
	  <testcase name="test_unlock_open_front_pool_entry_uses_resource" assertions="2" status="pass" classname="tests/test_military_events.gd" time="0.10119" >
	  </testcase>
	  <testcase name="test_unlock_open_front_card_added_is_a_copy" assertions="1" status="pass" classname="tests/test_military_events.gd" time="0.100013" >
	  </testcase>
	  <testcase name="test_has_recruited_troop_of_type_true_when_pool_contains_type" assertions="1" status="pass" classname="tests/test_military_events.gd" time="0.100952" >
	  </testcase>
	  <testcase name="test_has_recruited_troop_of_type_false_when_no_match" assertions="1" status="pass" classname="tests/test_military_events.gd" time="0.100312" >
	  </testcase>
	  <testcase name="test_has_recruited_troop_of_type_false_with_empty_pool" assertions="1" status="pass" classname="tests/test_military_events.gd" time="0.100243" >
	  </testcase>
	  <testcase name="test_has_recruited_troop_of_type_respects_min_count" assertions="2" status="pass" classname="tests/test_military_events.gd" time="0.10104" >
	  </testcase>
	  <testcase name="test_has_recruited_troop_of_type_invalid_type_returns_false" assertions="1" status="pass" classname="tests/test_military_events.gd" time="0.100853" >
	  </testcase>
	  <testcase name="test_unlock_cavalry_charge_requires_open_front_and_cavalry" assertions="3" status="pass" classname="tests/test_military_events.gd" time="0.100041" >
	  </testcase>
	  <testcase name="test_unlock_cavalry_charge_does_not_trigger_with_other_troop_type" assertions="1" status="pass" classname="tests/test_military_events.gd" time="0.099964" >
	  </testcase>
	  <testcase name="test_unlock_cavalry_charge_choice_adds_card_and_pool" assertions="3" status="pass" classname="tests/test_military_events.gd" time="0.100241" >
	  </testcase>
	  <testcase name="test_unlock_phalanx_requires_pikemen" assertions="2" status="pass" classname="tests/test_military_events.gd" time="0.100615" >
	  </testcase>
	  <testcase name="test_unlock_arrow_rain_requires_ranged" assertions="2" status="pass" classname="tests/test_military_events.gd" time="0.100034" >
	  </testcase>
	  <testcase name="test_unlock_ambush_requires_light_infantry" assertions="2" status="pass" classname="tests/test_military_events.gd" time="0.100391" >
	  </testcase>
	  <testcase name="test_unlock_frontal_assault_requires_heavy_infantry" assertions="2" status="pass" classname="tests/test_military_events.gd" time="0.099541" >
	  </testcase>
	  <testcase name="test_all_tactic_unlock_events_are_unique" assertions="5" status="pass" classname="tests/test_military_events.gd" time="0.001088" >
	  </testcase>
	  <testcase name="test_tactic_unlock_events_are_skippable" assertions="5" status="pass" classname="tests/test_military_events.gd" time="0.000653" >
	  </testcase>
	  <testcase name="test_tactic_unlock_card_added_is_a_copy" assertions="1" status="pass" classname="tests/test_military_events.gd" time="0.098331" >
	  </testcase>
	  </testsuite>
  <testsuite name="tests/test_modifier.gd" tests="39" failures="0" skipped="0" time="3.920472" >
	  <testcase name="test_modifier_init_defaults" assertions="3" status="pass" classname="tests/test_modifier.gd" time="0.098361" >
	  </testcase>
	  <testcase name="test_modifier_activate_sets_stats" assertions="1" status="pass" classname="tests/test_modifier.gd" time="0.10153" >
	  </testcase>
	  <testcase name="test_modifier_deactivate_clears_stats" assertions="1" status="pass" classname="tests/test_modifier.gd" time="0.101216" >
	  </testcase>
	  <testcase name="test_modifier_permanent_duration" assertions="1" status="pass" classname="tests/test_modifier.gd" time="0.099963" >
	  </testcase>
	  <testcase name="test_stat_modifier_flat_gold" assertions="3" status="pass" classname="tests/test_modifier.gd" time="0.100215" >
	  </testcase>
	  <testcase name="test_stat_modifier_description_flat_gold_positive" assertions="2" status="pass" classname="tests/test_modifier.gd" time="0.08378" >
	  </testcase>
	  <testcase name="test_stat_modifier_description_flat_gold_negative" assertions="1" status="pass" classname="tests/test_modifier.gd" time="0.116889" >
	  </testcase>
	  <testcase name="test_stat_modifier_description_percent_gold" assertions="1" status="pass" classname="tests/test_modifier.gd" time="0.10112" >
	  </testcase>
	  <testcase name="test_stat_modifier_description_cards_per_turn" assertions="1" status="pass" classname="tests/test_modifier.gd" time="0.101315" >
	  </testcase>
	  <testcase name="test_stat_modifier_description_tile_resource" assertions="1" status="pass" classname="tests/test_modifier.gd" time="0.100634" >
	  </testcase>
	  <testcase name="test_stat_modifier_duplicate" assertions="3" status="pass" classname="tests/test_modifier.gd" time="0.100878" >
	  </testcase>
	  <testcase name="test_build_cost_modifier_discount" assertions="2" status="pass" classname="tests/test_modifier.gd" time="0.100991" >
	  </testcase>
	  <testcase name="test_build_cost_modifier_increase" assertions="2" status="pass" classname="tests/test_modifier.gd" time="0.100186" >
	  </testcase>
	  <testcase name="test_build_cost_modifier_duplicate" assertions="2" status="pass" classname="tests/test_modifier.gd" time="0.101458" >
	  </testcase>
	  <testcase name="test_card_return_should_return_matching_card" assertions="1" status="pass" classname="tests/test_modifier.gd" time="0.100217" >
	  </testcase>
	  <testcase name="test_card_return_does_not_return_wrong_card" assertions="1" status="pass" classname="tests/test_modifier.gd" time="0.09963" >
	  </testcase>
	  <testcase name="test_card_return_only_once_per_turn" assertions="2" status="pass" classname="tests/test_modifier.gd" time="0.100563" >
	  </testcase>
	  <testcase name="test_card_return_resets_on_turn_start" assertions="1" status="pass" classname="tests/test_modifier.gd" time="0.100647" >
	  </testcase>
	  <testcase name="test_add_modifier" assertions="1" status="pass" classname="tests/test_modifier.gd" time="0.098768" >
	  </testcase>
	  <testcase name="test_add_modifier_emits_signals" assertions="2" status="pass" classname="tests/test_modifier.gd" time="0.100421" >
	  </testcase>
	  <testcase name="test_remove_modifier" assertions="1" status="pass" classname="tests/test_modifier.gd" time="0.100558" >
	  </testcase>
	  <testcase name="test_remove_modifier_emits_signals" assertions="2" status="pass" classname="tests/test_modifier.gd" time="0.100293" >
	  </testcase>
	  <testcase name="test_tick_decreases_duration" assertions="1" status="pass" classname="tests/test_modifier.gd" time="0.100502" >
	  </testcase>
	  <testcase name="test_tick_removes_expired_modifiers" assertions="1" status="pass" classname="tests/test_modifier.gd" time="0.1003" >
	  </testcase>
	  <testcase name="test_tick_does_not_touch_permanent" assertions="2" status="pass" classname="tests/test_modifier.gd" time="0.100206" >
	  </testcase>
	  <testcase name="test_get_flat_gold" assertions="1" status="pass" classname="tests/test_modifier.gd" time="0.100288" >
	  </testcase>
	  <testcase name="test_get_percent_gold" assertions="1" status="pass" classname="tests/test_modifier.gd" time="0.101036" >
	  </testcase>
	  <testcase name="test_get_flat_food" assertions="1" status="pass" classname="tests/test_modifier.gd" time="0.100878" >
	  </testcase>
	  <testcase name="test_get_percent_food" assertions="1" status="pass" classname="tests/test_modifier.gd" time="0.100251" >
	  </testcase>
	  <testcase name="test_get_cards_per_turn_bonus" assertions="1" status="pass" classname="tests/test_modifier.gd" time="0.101003" >
	  </testcase>
	  <testcase name="test_get_card_draw_bonus" assertions="1" status="pass" classname="tests/test_modifier.gd" time="0.100487" >
	  </testcase>
	  <testcase name="test_get_tile_gold_bonus" assertions="1" status="pass" classname="tests/test_modifier.gd" time="0.100881" >
	  </testcase>
	  <testcase name="test_get_tile_gold_bonus_no_match" assertions="1" status="pass" classname="tests/test_modifier.gd" time="0.100564" >
	  </testcase>
	  <testcase name="test_get_build_cost_multiplier_discount" assertions="1" status="pass" classname="tests/test_modifier.gd" time="0.101325" >
	  </testcase>
	  <testcase name="test_get_build_cost_multiplier_increase" assertions="1" status="pass" classname="tests/test_modifier.gd" time="0.099834" >
	  </testcase>
	  <testcase name="test_get_build_cost_multiplier_stacked" assertions="1" status="pass" classname="tests/test_modifier.gd" time="0.100824" >
	  </testcase>
	  <testcase name="test_should_return_to_hand" assertions="1" status="pass" classname="tests/test_modifier.gd" time="0.100252" >
	  </testcase>
	  <testcase name="test_should_return_to_hand_false_for_wrong_card" assertions="1" status="pass" classname="tests/test_modifier.gd" time="0.101658" >
	  </testcase>
	  <testcase name="test_multiple_ticks_expire_correctly" assertions="3" status="pass" classname="tests/test_modifier.gd" time="0.10055" >
	  </testcase>
	  </testsuite>
  <testsuite name="tests/test_modifier_serializer.gd" tests="7" failures="0" skipped="0" time="0.007876" >
	  <testcase name="test_stat_modifier_round_trip" assertions="12" status="pass" classname="tests/test_modifier_serializer.gd" time="0.001629" >
	  </testcase>
	  <testcase name="test_build_cost_modifier_round_trip" assertions="5" status="pass" classname="tests/test_modifier_serializer.gd" time="0.000922" >
	  </testcase>
	  <testcase name="test_gold_on_card_modifier_round_trip" assertions="7" status="pass" classname="tests/test_modifier_serializer.gd" time="0.001043" >
	  </testcase>
	  <testcase name="test_card_return_modifier_round_trip" assertions="7" status="pass" classname="tests/test_modifier_serializer.gd" time="0.000933" >
	  </testcase>
	  <testcase name="test_unknown_kind_returns_null" assertions="1" status="pass" classname="tests/test_modifier_serializer.gd" time="0.000679" >
	  </testcase>
	  <testcase name="test_serialize_manager_returns_array_with_all_modifiers" assertions="3" status="pass" classname="tests/test_modifier_serializer.gd" time="0.0015" >
	  </testcase>
	  <testcase name="test_apply_to_manager_restores_modifiers_in_order" assertions="5" status="pass" classname="tests/test_modifier_serializer.gd" time="0.00117" >
	  </testcase>
	  </testsuite>
  <testsuite name="tests/test_player_resume_turn.gd" tests="4" failures="0" skipped="0" time="0.003692" >
	  <testcase name="test_player_resume_turn_emits_player_hand_drawn" assertions="1" status="pass" classname="tests/test_player_resume_turn.gd" time="0.000995" >
	  </testcase>
	  <testcase name="test_player_resume_turn_does_not_increment_turn_number" assertions="1" status="pass" classname="tests/test_player_resume_turn.gd" time="0.000705" >
	  </testcase>
	  <testcase name="test_player_resume_turn_does_not_modify_total_gold" assertions="1" status="pass" classname="tests/test_player_resume_turn.gd" time="0.001041" >
	  </testcase>
	  <testcase name="test_base_controller_resume_turn_defaults_to_start_turn" assertions="1" status="pass" classname="tests/test_player_resume_turn.gd" time="0.000951" >
	  </testcase>
	  </testsuite>
  <testsuite name="tests/test_recruit_panel.gd" tests="12" failures="0" skipped="0" time="0.115954" >
	  <testcase name="test_slot_displays_name" assertions="1" status="pass" classname="tests/test_recruit_panel.gd" time="0.002546" >
	  </testcase>
	  <testcase name="test_slot_displays_attack_and_defense" assertions="2" status="pass" classname="tests/test_recruit_panel.gd" time="0.002106" >
	  </testcase>
	  <testcase name="test_slot_displays_recruitment_cost" assertions="2" status="pass" classname="tests/test_recruit_panel.gd" time="0.00243" >
	  </testcase>
	  <testcase name="test_slot_displays_maintenance" assertions="3" status="pass" classname="tests/test_recruit_panel.gd" time="0.002567" >
	  </testcase>
	  <testcase name="test_slot_displays_zero_maintenance" assertions="1" status="pass" classname="tests/test_recruit_panel.gd" time="0.00249" >
	  </testcase>
	  <testcase name="test_slot_emits_troop_selected_on_click" assertions="2" status="pass" classname="tests/test_recruit_panel.gd" time="0.004915" >
	  </testcase>
	  <testcase name="test_slot_does_not_emit_on_release" assertions="1" status="pass" classname="tests/test_recruit_panel.gd" time="0.004588" >
	  </testcase>
	  <testcase name="test_panel_populates_one_slot_per_troop" assertions="1" status="pass" classname="tests/test_recruit_panel.gd" time="0.017478" >
	  </testcase>
	  <testcase name="test_panel_emits_card_confirmed_on_selection" assertions="2" status="pass" classname="tests/test_recruit_panel.gd" time="0.010175" >
	  </testcase>
	  <testcase name="test_panel_marks_unaffordable_troops_in_red" assertions="2" status="pass" classname="tests/test_recruit_panel.gd" time="0.010854" >
	  </testcase>
	  <testcase name="test_panel_does_not_connect_unaffordable_troops" assertions="1" status="pass" classname="tests/test_recruit_panel.gd" time="0.010381" >
	  </testcase>
	  <testcase name="test_panel_repopulates_when_troops_reassigned" assertions="2" status="pass" classname="tests/test_recruit_panel.gd" time="0.045424" >
	  </testcase>
	  </testsuite>
  <testsuite name="tests/test_save_constants.gd" tests="4" failures="0" skipped="0" time="0.003438" >
	  <testcase name="test_save_format_version_is_positive" assertions="1" status="pass" classname="tests/test_save_constants.gd" time="0.000919" >
	  </testcase>
	  <testcase name="test_user_slot_path_uses_user_dir" assertions="3" status="pass" classname="tests/test_save_constants.gd" time="0.000797" >
	  </testcase>
	  <testcase name="test_fixture_path_uses_test_dir" assertions="3" status="pass" classname="tests/test_save_constants.gd" time="0.000896" >
	  </testcase>
	  <testcase name="test_quicksave_slot_constant_defined" assertions="1" status="pass" classname="tests/test_save_constants.gd" time="0.000826" >
	  </testcase>
	  </testsuite>
  <testsuite name="tests/test_shop.gd" tests="48" failures="0" skipped="0" time="0.561015" >
	  <testcase name="test_item_is_available_with_stock" assertions="1" status="pass" classname="tests/test_shop.gd" time="0.000568" >
	  </testcase>
	  <testcase name="test_item_not_available_after_sold_out" assertions="1" status="pass" classname="tests/test_shop.gd" time="0.000727" >
	  </testcase>
	  <testcase name="test_item_unlimited_stock" assertions="1" status="pass" classname="tests/test_shop.gd" time="0.000746" >
	  </testcase>
	  <testcase name="test_item_can_afford_true" assertions="1" status="pass" classname="tests/test_shop.gd" time="0.000414" >
	  </testcase>
	  <testcase name="test_item_can_afford_exact" assertions="1" status="pass" classname="tests/test_shop.gd" time="0.000377" >
	  </testcase>
	  <testcase name="test_item_cannot_afford" assertions="1" status="pass" classname="tests/test_shop.gd" time="0.00041" >
	  </testcase>
	  <testcase name="test_item_purchase_deducts_gold" assertions="1" status="pass" classname="tests/test_shop.gd" time="0.000683" >
	  </testcase>
	  <testcase name="test_item_purchase_adds_card_to_discard" assertions="2" status="pass" classname="tests/test_shop.gd" time="0.001132" >
	  </testcase>
	  <testcase name="test_item_purchase_duplicates_card" assertions="1" status="pass" classname="tests/test_shop.gd" time="0.001508" >
	  </testcase>
	  <testcase name="test_item_purchase_increments_sold_count" assertions="1" status="pass" classname="tests/test_shop.gd" time="0.001707" >
	  </testcase>
	  <testcase name="test_config_can_purge_with_gold" assertions="1" status="pass" classname="tests/test_shop.gd" time="0.000906" >
	  </testcase>
	  <testcase name="test_config_cannot_purge_without_gold" assertions="1" status="pass" classname="tests/test_shop.gd" time="0.000896" >
	  </testcase>
	  <testcase name="test_config_cannot_purge_when_disabled" assertions="1" status="pass" classname="tests/test_shop.gd" time="0.000936" >
	  </testcase>
	  <testcase name="test_config_cannot_purge_over_max" assertions="1" status="pass" classname="tests/test_shop.gd" time="0.000769" >
	  </testcase>
	  <testcase name="test_config_purge_removes_from_draw_pile" assertions="2" status="pass" classname="tests/test_shop.gd" time="0.001215" >
	  </testcase>
	  <testcase name="test_config_purge_removes_from_discard_pile" assertions="2" status="pass" classname="tests/test_shop.gd" time="0.001209" >
	  </testcase>
	  <testcase name="test_config_purge_deducts_gold" assertions="1" status="pass" classname="tests/test_shop.gd" time="0.001104" >
	  </testcase>
	  <testcase name="test_config_purge_increments_global_counter" assertions="1" status="pass" classname="tests/test_shop.gd" time="0.000984" >
	  </testcase>
	  <testcase name="test_config_purge_increments_visit_counter" assertions="1" status="pass" classname="tests/test_shop.gd" time="0.00078" >
	  </testcase>
	  <testcase name="test_config_purge_cost_scales_after_purge" assertions="1" status="pass" classname="tests/test_shop.gd" time="0.001158" >
	  </testcase>
	  <testcase name="test_config_purge_fails_if_card_not_in_piles" assertions="2" status="pass" classname="tests/test_shop.gd" time="0.001083" >
	  </testcase>
	  <testcase name="test_config_purge_fails_without_gold" assertions="2" status="pass" classname="tests/test_shop.gd" time="0.001001" >
	  </testcase>
	  <testcase name="test_purge_cost_base" assertions="1" status="pass" classname="tests/test_shop.gd" time="0.000501" >
	  </testcase>
	  <testcase name="test_purge_cost_scales_linearly" assertions="3" status="pass" classname="tests/test_shop.gd" time="0.000541" >
	  </testcase>
	  <testcase name="test_scaled_price_no_scaling_at_base_turn" assertions="1" status="pass" classname="tests/test_shop.gd" time="0.000353" >
	  </testcase>
	  <testcase name="test_scaled_price_increases_past_base_turn" assertions="1" status="pass" classname="tests/test_shop.gd" time="0.000377" >
	  </testcase>
	  <testcase name="test_scaled_price_no_negative_scaling" assertions="1" status="pass" classname="tests/test_shop.gd" time="0.000359" >
	  </testcase>
	  <testcase name="test_basic_shop_has_2_or_3_items" assertions="2" status="pass" classname="tests/test_shop.gd" time="0.000606" >
	  </testcase>
	  <testcase name="test_basic_shop_allows_1_purge" assertions="2" status="pass" classname="tests/test_shop.gd" time="0.000855" >
	  </testcase>
	  <testcase name="test_basic_shop_prices_in_range" assertions="6" status="pass" classname="tests/test_shop.gd" time="0.00107" >
	  </testcase>
	  <testcase name="test_special_shop_has_3_items" assertions="1" status="pass" classname="tests/test_shop.gd" time="0.000938" >
	  </testcase>
	  <testcase name="test_special_shop_allows_2_or_3_purges" assertions="3" status="pass" classname="tests/test_shop.gd" time="0.000871" >
	  </testcase>
	  <testcase name="test_special_shop_prices_in_valid_range" assertions="6" status="pass" classname="tests/test_shop.gd" time="0.000798" >
	  </testcase>
	  <testcase name="test_generator_items_have_stock_1" assertions="2" status="pass" classname="tests/test_shop.gd" time="0.00075" >
	  </testcase>
	  <testcase name="test_generator_purge_cost_uses_global_count" assertions="1" status="pass" classname="tests/test_shop.gd" time="0.000638" >
	  </testcase>
	  <testcase name="test_weighted_pick_no_duplicates" assertions="4" status="pass" classname="tests/test_shop.gd" time="0.000543" >
	  </testcase>
	  <testcase name="test_weighted_pick_empty_pool" assertions="1" status="pass" classname="tests/test_shop.gd" time="0.000368" >
	  </testcase>
	  <testcase name="test_weighted_pick_pool_smaller_than_count" assertions="1" status="pass" classname="tests/test_shop.gd" time="0.000357" >
	  </testcase>
	  <testcase name="test_basic_shop_event_not_available_early" assertions="1" status="pass" classname="tests/test_shop.gd" time="0.021646" >
	  </testcase>
	  <testcase name="test_basic_shop_event_available_at_turn_8" assertions="1" status="pass" classname="tests/test_shop.gd" time="0.100492" >
	  </testcase>
	  <testcase name="test_special_shop_event_not_available_early" assertions="1" status="pass" classname="tests/test_shop.gd" time="0.1005" >
	  </testcase>
	  <testcase name="test_special_shop_event_available_at_turn_12" assertions="1" status="pass" classname="tests/test_shop.gd" time="0.10111" >
	  </testcase>
	  <testcase name="test_special_shop_event_not_available_low_gold" assertions="1" status="pass" classname="tests/test_shop.gd" time="0.101075" >
	  </testcase>
	  <testcase name="test_special_shop_event_not_available_few_tiles" assertions="1" status="pass" classname="tests/test_shop.gd" time="0.100399" >
	  </testcase>
	  <testcase name="test_shop_event_generates_basic_config" assertions="3" status="pass" classname="tests/test_shop.gd" time="0.001347" >
	  </testcase>
	  <testcase name="test_shop_event_generates_special_config" assertions="3" status="pass" classname="tests/test_shop.gd" time="0.00157" >
	  </testcase>
	  <testcase name="test_full_buy_and_purge_flow" assertions="8" status="pass" classname="tests/test_shop.gd" time="0.001273" >
	  </testcase>
	  <testcase name="test_purge_cost_escalation_across_visits" assertions="4" status="pass" classname="tests/test_shop.gd" time="0.001365" >
	  </testcase>
	  </testsuite>
  <testsuite name="tests/test_stats.gd" tests="19" failures="0" skipped="0" time="0.021519" >
	  <testcase name="test_create_instance_sets_initial_gold" assertions="1" status="pass" classname="tests/test_stats.gd" time="0.001277" >
	  </testcase>
	  <testcase name="test_create_instance_sets_initial_gold_per_turn" assertions="1" status="pass" classname="tests/test_stats.gd" time="0.001001" >
	  </testcase>
	  <testcase name="test_create_instance_sets_food_to_zero" assertions="1" status="pass" classname="tests/test_stats.gd" time="0.001033" >
	  </testcase>
	  <testcase name="test_create_instance_creates_empty_piles" assertions="6" status="pass" classname="tests/test_stats.gd" time="0.001018" >
	  </testcase>
	  <testcase name="test_create_instance_duplicates_deck" assertions="1" status="pass" classname="tests/test_stats.gd" time="0.000925" >
	  </testcase>
	  <testcase name="test_create_instance_resets_turn_number" assertions="1" status="pass" classname="tests/test_stats.gd" time="0.001328" >
	  </testcase>
	  <testcase name="test_create_instance_resets_unique_events" assertions="1" status="pass" classname="tests/test_stats.gd" time="0.001245" >
	  </testcase>
	  <testcase name="test_set_gold_emits_stats_changed" assertions="1" status="pass" classname="tests/test_stats.gd" time="0.001503" >
	  </testcase>
	  <testcase name="test_set_gold_per_turn_emits_stats_changed" assertions="1" status="pass" classname="tests/test_stats.gd" time="0.001394" >
	  </testcase>
	  <testcase name="test_set_food_emits_stats_changed" assertions="1" status="pass" classname="tests/test_stats.gd" time="0.001577" >
	  </testcase>
	  <testcase name="test_set_cards_per_turn_clamped_min" assertions="1" status="pass" classname="tests/test_stats.gd" time="0.000938" >
	  </testcase>
	  <testcase name="test_set_cards_per_turn_clamped_max" assertions="1" status="pass" classname="tests/test_stats.gd" time="0.000761" >
	  </testcase>
	  <testcase name="test_set_cards_per_turn_normal_value" assertions="1" status="pass" classname="tests/test_stats.gd" time="0.00087" >
	  </testcase>
	  <testcase name="test_add_possible_building" assertions="1" status="pass" classname="tests/test_stats.gd" time="0.000937" >
	  </testcase>
	  <testcase name="test_add_possible_building_emits_signal" assertions="1" status="pass" classname="tests/test_stats.gd" time="0.001452" >
	  </testcase>
	  <testcase name="test_add_possible_building_no_duplicate" assertions="1" status="pass" classname="tests/test_stats.gd" time="0.000849" >
	  </testcase>
	  <testcase name="test_remove_possible_building" assertions="1" status="pass" classname="tests/test_stats.gd" time="0.000824" >
	  </testcase>
	  <testcase name="test_remove_possible_building_emits_signal" assertions="1" status="pass" classname="tests/test_stats.gd" time="0.001399" >
	  </testcase>
	  <testcase name="test_remove_nonexistent_building_no_error" assertions="1" status="pass" classname="tests/test_stats.gd" time="0.001188" >
	  </testcase>
	  </testsuite>
  <testsuite name="tests/test_stats_serializer.gd" tests="9" failures="0" skipped="0" time="0.822368" >
	  <testcase name="test_to_dict_captures_resources" assertions="4" status="pass" classname="tests/test_stats_serializer.gd" time="0.002062" >
	  </testcase>
	  <testcase name="test_to_dict_captures_progress" assertions="4" status="pass" classname="tests/test_stats_serializer.gd" time="0.002127" >
	  </testcase>
	  <testcase name="test_to_dict_records_draw_pile_order" assertions="5" status="pass" classname="tests/test_stats_serializer.gd" time="0.001637" >
	  </testcase>
	  <testcase name="test_round_trip_preserves_resources" assertions="5" status="pass" classname="tests/test_stats_serializer.gd" time="0.797689" >
	  </testcase>
	  <testcase name="test_round_trip_preserves_progress" assertions="4" status="pass" classname="tests/test_stats_serializer.gd" time="0.004599" >
	  </testcase>
	  <testcase name="test_round_trip_preserves_pile_order" assertions="5" status="pass" classname="tests/test_stats_serializer.gd" time="0.004381" >
	  </testcase>
	  <testcase name="test_round_trip_preserves_unlocked_pools" assertions="3" status="pass" classname="tests/test_stats_serializer.gd" time="0.006693" >
	  </testcase>
	  <testcase name="test_round_trip_with_empty_pools_works" assertions="5" status="pass" classname="tests/test_stats_serializer.gd" time="0.002379" >
	  </testcase>
	  <testcase name="test_from_dict_returns_null_on_empty_dict" assertions="2" status="pass" classname="tests/test_stats_serializer.gd" time="0.000801" >
	  </testcase>
	  </testsuite>
  <testsuite name="tests/test_tactic_cards.gd" tests="37" failures="0" skipped="0" time="0.174269" >
	  <testcase name="test_troop_type_bonus_attack_scales_with_matching_troops" assertions="1" status="pass" classname="tests/test_tactic_cards.gd" time="0.001589" >
	  </testcase>
	  <testcase name="test_troop_type_bonus_defense_scales_with_matching_troops" assertions="1" status="pass" classname="tests/test_tactic_cards.gd" time="0.001331" >
	  </testcase>
	  <testcase name="test_troop_type_bonus_ignores_other_troop_types" assertions="1" status="pass" classname="tests/test_tactic_cards.gd" time="0.001446" >
	  </testcase>
	  <testcase name="test_troop_type_bonus_zero_matching_troops" assertions="1" status="pass" classname="tests/test_tactic_cards.gd" time="0.001598" >
	  </testcase>
	  <testcase name="test_troop_type_bonus_is_permanent_without_duration" assertions="1" status="pass" classname="tests/test_tactic_cards.gd" time="0.001569" >
	  </testcase>
	  <testcase name="test_multiple_troop_type_bonuses_stack" assertions="1" status="pass" classname="tests/test_tactic_cards.gd" time="0.000955" >
	  </testcase>
	  <testcase name="test_count_troops_by_name" assertions="4" status="pass" classname="tests/test_tactic_cards.gd" time="0.001183" >
	  </testcase>
	  <testcase name="test_count_troops_by_type" assertions="3" status="pass" classname="tests/test_tactic_cards.gd" time="0.001401" >
	  </testcase>
	  <testcase name="test_bonus_targets_troops_by_type" assertions="1" status="pass" classname="tests/test_tactic_cards.gd" time="0.00102" >
	  </testcase>
	  <testcase name="test_bonus_by_type_ignores_other_types" assertions="1" status="pass" classname="tests/test_tactic_cards.gd" time="0.000938" >
	  </testcase>
	  <testcase name="test_bonus_with_troop_types_array_takes_precedence_over_singular" assertions="1" status="pass" classname="tests/test_tactic_cards.gd" time="0.00087" >
	  </testcase>
	  <testcase name="test_count_bonus_targets_with_array_of_types" assertions="1" status="pass" classname="tests/test_tactic_cards.gd" time="0.000857" >
	  </testcase>
	  <testcase name="test_bonus_with_multiple_types_affects_all_listed" assertions="1" status="pass" classname="tests/test_tactic_cards.gd" time="0.000884" >
	  </testcase>
	  <testcase name="test_attack_percent_per_type_applies_to_effective_attack" assertions="1" status="pass" classname="tests/test_tactic_cards.gd" time="0.001404" >
	  </testcase>
	  <testcase name="test_attack_percent_per_type_passes_through_weak_matchup" assertions="1" status="pass" classname="tests/test_tactic_cards.gd" time="0.001375" >
	  </testcase>
	  <testcase name="test_defense_percent_per_type_applies_to_base_defense" assertions="1" status="pass" classname="tests/test_tactic_cards.gd" time="0.000979" >
	  </testcase>
	  <testcase name="test_attack_biome_modifier_scales_percent_bonus" assertions="1" status="pass" classname="tests/test_tactic_cards.gd" time="0.000942" >
	  </testcase>
	  <testcase name="test_zero_biome_modifier_nullifies_percent_bonus" assertions="1" status="pass" classname="tests/test_tactic_cards.gd" time="0.00105" >
	  </testcase>
	  <testcase name="test_percent_bonus_dynamically_includes_newly_assigned_troops" assertions="1" status="pass" classname="tests/test_tactic_cards.gd" time="0.000988" >
	  </testcase>
	  <testcase name="test_tactic_card_has_correct_properties" assertions="3" status="pass" classname="tests/test_tactic_cards.gd" time="0.000731" >
	  </testcase>
	  <testcase name="test_tactic_card_tooltip_contains_name_and_bonuses" assertions="4" status="pass" classname="tests/test_tactic_cards.gd" time="0.000753" >
	  </testcase>
	  <testcase name="test_get_biome_modifier_for_tile_returns_neutral_when_unlisted" assertions="1" status="pass" classname="tests/test_tactic_cards.gd" time="0.000737" >
	  </testcase>
	  <testcase name="test_get_biome_modifier_for_tile_clamps_negative_to_zero" assertions="1" status="pass" classname="tests/test_tactic_cards.gd" time="0.000624" >
	  </testcase>
	  <testcase name="test_get_biome_modifier_for_tile_returns_value_for_listed" assertions="2" status="pass" classname="tests/test_tactic_cards.gd" time="0.001251" >
	  </testcase>
	  <testcase name="test_apply_effects_adds_bonus_to_attacker_side_with_correct_data" assertions="5" status="pass" classname="tests/test_tactic_cards.gd" time="0.019535" >
	  </testcase>
	  <testcase name="test_apply_effects_uses_own_tile_for_defense_biome" assertions="2" status="pass" classname="tests/test_tactic_cards.gd" time="0.016185" >
	  </testcase>
	  <testcase name="test_apply_effects_full_flow_bonus_affects_combat" assertions="1" status="pass" classname="tests/test_tactic_cards.gd" time="0.067883" >
	  </testcase>
	  <testcase name="test_clear_tactics_removes_only_entries_with_tactic_name" assertions="3" status="pass" classname="tests/test_tactic_cards.gd" time="0.001505" >
	  </testcase>
	  <testcase name="test_clear_tactics_does_not_touch_opposite_side" assertions="2" status="pass" classname="tests/test_tactic_cards.gd" time="0.001289" >
	  </testcase>
	  <testcase name="test_clear_tactics_empty_returns_zero" assertions="1" status="pass" classname="tests/test_tactic_cards.gd" time="0.00104" >
	  </testcase>
	  <testcase name="test_has_active_tactic_on_side" assertions="3" status="pass" classname="tests/test_tactic_cards.gd" time="0.000843" >
	  </testcase>
	  <testcase name="test_has_active_tactic_ignores_non_tactic_bonuses" assertions="1" status="pass" classname="tests/test_tactic_cards.gd" time="0.000711" >
	  </testcase>
	  <testcase name="test_has_any_active_tactic_detects_either_side" assertions="2" status="pass" classname="tests/test_tactic_cards.gd" time="0.000722" >
	  </testcase>
	  <testcase name="test_add_bonus_emits_bonuses_changed" assertions="1" status="pass" classname="tests/test_tactic_cards.gd" time="0.001271" >
	  </testcase>
	  <testcase name="test_clear_tactics_emits_signal_only_when_changes" assertions="2" status="pass" classname="tests/test_tactic_cards.gd" time="0.00109" >
	  </testcase>
	  <testcase name="test_apply_effects_replaces_previous_tactic_on_same_side" assertions="4" status="pass" classname="tests/test_tactic_cards.gd" time="0.019026" >
	  </testcase>
	  <testcase name="test_apply_effects_does_not_clear_opposite_side_tactic" assertions="4" status="pass" classname="tests/test_tactic_cards.gd" time="0.016694" >
	  </testcase>
	  </testsuite>
  <testsuite name="tests/test_tile_resources.gd" tests="18" failures="0" skipped="0" time="0.1751" >
	  <testcase name="test_natural_resource_defaults" assertions="2" status="pass" classname="tests/test_tile_resources.gd" time="0.00087" >
	  </testcase>
	  <testcase name="test_natural_resource_with_values" assertions="3" status="pass" classname="tests/test_tile_resources.gd" time="0.000935" >
	  </testcase>
	  <testcase name="test_natural_resource_biome_dictionary" assertions="4" status="pass" classname="tests/test_tile_resources.gd" time="0.001548" >
	  </testcase>
	  <testcase name="test_location_type_properties" assertions="3" status="pass" classname="tests/test_tile_resources.gd" time="0.000914" >
	  </testcase>
	  <testcase name="test_location_type_uncolonized" assertions="1" status="pass" classname="tests/test_tile_resources.gd" time="0.000688" >
	  </testcase>
	  <testcase name="test_location_type_megalopolis" assertions="1" status="pass" classname="tests/test_tile_resources.gd" time="0.00062" >
	  </testcase>
	  <testcase name="test_position_data_defaults" assertions="4" status="pass" classname="tests/test_tile_resources.gd" time="0.000734" >
	  </testcase>
	  <testcase name="test_position_data_with_values" assertions="4" status="pass" classname="tests/test_tile_resources.gd" time="0.001052" >
	  </testcase>
	  <testcase name="test_tile_mesh_data_biome_type" assertions="2" status="pass" classname="tests/test_tile_resources.gd" time="0.001008" >
	  </testcase>
	  <testcase name="test_biome_type_enum" assertions="7" status="pass" classname="tests/test_tile_resources.gd" time="0.001027" >
	  </testcase>
	  <testcase name="test_location_type_enum" assertions="4" status="pass" classname="tests/test_tile_resources.gd" time="0.000742" >
	  </testcase>
	  <testcase name="test_recalculate_modifiers_base_production" assertions="2" status="pass" classname="tests/test_tile_resources.gd" time="0.000728" >
	  </testcase>
	  <testcase name="test_recalculate_modifiers_with_building" assertions="2" status="pass" classname="tests/test_tile_resources.gd" time="0.000676" >
	  </testcase>
	  <testcase name="test_recalculate_max_buildings_from_location" assertions="1" status="pass" classname="tests/test_tile_resources.gd" time="0.000558" >
	  </testcase>
	  <testcase name="test_set_controller" assertions="1" status="pass" classname="tests/test_tile_resources.gd" time="0.059158" >
	  </testcase>
	  <testcase name="test_set_controller_null" assertions="1" status="pass" classname="tests/test_tile_resources.gd" time="0.101036" >
	  </testcase>
	  <testcase name="test_hex_vertices_returns_six" assertions="1" status="pass" classname="tests/test_tile_resources.gd" time="0.00135" >
	  </testcase>
	  <testcase name="test_hex_vertices_unit_radius" assertions="6" status="pass" classname="tests/test_tile_resources.gd" time="0.001456" >
	  </testcase>
	  </testsuite>
  <testsuite name="tests/test_tile_serializer.gd" tests="7" failures="0" skipped="0" time="0.008351" >
	  <testcase name="test_to_dict_records_grid_position" assertions="1" status="pass" classname="tests/test_tile_serializer.gd" time="0.001074" >
	  </testcase>
	  <testcase name="test_to_dict_records_world_position" assertions="1" status="pass" classname="tests/test_tile_serializer.gd" time="0.001308" >
	  </testcase>
	  <testcase name="test_to_dict_records_flags" assertions="3" status="pass" classname="tests/test_tile_serializer.gd" time="0.000581" >
	  </testcase>
	  <testcase name="test_to_dict_records_biome" assertions="1" status="pass" classname="tests/test_tile_serializer.gd" time="0.000655" >
	  </testcase>
	  <testcase name="test_to_dict_empty_buildings_when_none" assertions="1" status="pass" classname="tests/test_tile_serializer.gd" time="0.001212" >
	  </testcase>
	  <testcase name="test_to_dict_records_buildings_by_path" assertions="2" status="pass" classname="tests/test_tile_serializer.gd" time="0.002782" >
	  </testcase>
	  <testcase name="test_to_dict_no_controller_serializes_empty_string" assertions="1" status="pass" classname="tests/test_tile_serializer.gd" time="0.000739" >
	  </testcase>
	  </testsuite>
  <testsuite name="tests/test_troop_effectiveness.gd" tests="16" failures="0" skipped="0" time="0.011759" >
	  <testcase name="test_same_type_is_neutral" assertions="5" status="pass" classname="tests/test_troop_effectiveness.gd" time="0.001837" >
	  </testcase>
	  <testcase name="test_caballeria_strong_vs_a_distancia_and_ligera" assertions="2" status="pass" classname="tests/test_troop_effectiveness.gd" time="0.001081" >
	  </testcase>
	  <testcase name="test_caballeria_weak_vs_piqueros_and_pesada" assertions="2" status="pass" classname="tests/test_troop_effectiveness.gd" time="0.000821" >
	  </testcase>
	  <testcase name="test_a_distancia_weak_vs_caballeria_strong_vs_ligera" assertions="2" status="pass" classname="tests/test_troop_effectiveness.gd" time="0.000691" >
	  </testcase>
	  <testcase name="test_piqueros_strong_vs_caballeria" assertions="1" status="pass" classname="tests/test_troop_effectiveness.gd" time="0.000474" >
	  </testcase>
	  <testcase name="test_matrix_is_balanced_each_type_has_two_strong_two_weak" assertions="10" status="pass" classname="tests/test_troop_effectiveness.gd" time="0.001314" >
	  </testcase>
	  <testcase name="test_no_enemy_troops_returns_flat_sum" assertions="1" status="pass" classname="tests/test_troop_effectiveness.gd" time="0.000533" >
	  </testcase>
	  <testcase name="test_no_own_troops_returns_zero" assertions="1" status="pass" classname="tests/test_troop_effectiveness.gd" time="0.000519" >
	  </testcase>
	  <testcase name="test_pure_strong_matchup_applies_full_multiplier" assertions="1" status="pass" classname="tests/test_troop_effectiveness.gd" time="0.000472" >
	  </testcase>
	  <testcase name="test_pure_weak_matchup_applies_full_multiplier" assertions="1" status="pass" classname="tests/test_troop_effectiveness.gd" time="0.000564" >
	  </testcase>
	  <testcase name="test_neutral_matchup_unchanged" assertions="1" status="pass" classname="tests/test_troop_effectiveness.gd" time="0.000471" >
	  </testcase>
	  <testcase name="test_weighted_average_with_mixed_enemy_composition" assertions="1" status="pass" classname="tests/test_troop_effectiveness.gd" time="0.000523" >
	  </testcase>
	  <testcase name="test_weighted_average_with_uneven_enemy_composition" assertions="1" status="pass" classname="tests/test_troop_effectiveness.gd" time="0.000534" >
	  </testcase>
	  <testcase name="test_mixed_own_lineup_each_troop_resolves_its_own_matchup" assertions="1" status="pass" classname="tests/test_troop_effectiveness.gd" time="0.000727" >
	  </testcase>
	  <testcase name="test_average_multiplier_no_enemies_is_neutral" assertions="1" status="pass" classname="tests/test_troop_effectiveness.gd" time="0.000556" >
	  </testcase>
	  <testcase name="test_average_multiplier_pure_enemy" assertions="1" status="pass" classname="tests/test_troop_effectiveness.gd" time="0.000642" >
	  </testcase>
	  </testsuite>
  <testsuite name="tests/test_troop_pool_view.gd" tests="15" failures="0" skipped="0" time="0.138219" >
	  <testcase name="test_opener_counter_shows_initial_pool_size" assertions="1" status="pass" classname="tests/test_troop_pool_view.gd" time="0.001504" >
	  </testcase>
	  <testcase name="test_opener_counter_updates_when_troop_recruited" assertions="2" status="pass" classname="tests/test_troop_pool_view.gd" time="0.002049" >
	  </testcase>
	  <testcase name="test_opener_counter_updates_when_troop_removed" assertions="2" status="pass" classname="tests/test_troop_pool_view.gd" time="0.002209" >
	  </testcase>
	  <testcase name="test_opener_does_not_double_connect_signal" assertions="1" status="pass" classname="tests/test_troop_pool_view.gd" time="0.001389" >
	  </testcase>
	  <testcase name="test_opener_handles_null_stats_gracefully" assertions="1" status="pass" classname="tests/test_troop_pool_view.gd" time="0.001349" >
	  </testcase>
	  <testcase name="test_menu_ui_displays_troop_info" assertions="3" status="pass" classname="tests/test_troop_pool_view.gd" time="0.002808" >
	  </testcase>
	  <testcase name="test_menu_ui_count_badge_hidden_when_one" assertions="1" status="pass" classname="tests/test_troop_pool_view.gd" time="0.002503" >
	  </testcase>
	  <testcase name="test_menu_ui_count_badge_visible_when_many" assertions="2" status="pass" classname="tests/test_troop_pool_view.gd" time="0.0022" >
	  </testcase>
	  <testcase name="test_view_groups_troops_by_type" assertions="1" status="pass" classname="tests/test_troop_pool_view.gd" time="0.022021" >
	  </testcase>
	  <testcase name="test_view_count_badge_reflects_quantity" assertions="3" status="pass" classname="tests/test_troop_pool_view.gd" time="0.010174" >
	  </testcase>
	  <testcase name="test_view_sets_title" assertions="1" status="pass" classname="tests/test_troop_pool_view.gd" time="0.008955" >
	  </testcase>
	  <testcase name="test_view_shows_empty_state" assertions="2" status="pass" classname="tests/test_troop_pool_view.gd" time="0.007672" >
	  </testcase>
	  <testcase name="test_view_hides_empty_state_with_troops" assertions="2" status="pass" classname="tests/test_troop_pool_view.gd" time="0.010776" >
	  </testcase>
	  <testcase name="test_view_back_button_hides_view" assertions="2" status="pass" classname="tests/test_troop_pool_view.gd" time="0.012127" >
	  </testcase>
	  <testcase name="test_view_show_clears_previous_slots" assertions="2" status="pass" classname="tests/test_troop_pool_view.gd" time="0.050483" >
	  </testcase>
	  </testsuite>
  <testsuite name="tests/test_troops.gd" tests="18" failures="0" skipped="0" time="0.017612" >
	  <testcase name="test_recruit_troop_success" assertions="3" status="pass" classname="tests/test_troops.gd" time="0.000749" >
	  </testcase>
	  <testcase name="test_recruit_troop_insufficient_gold" assertions="3" status="pass" classname="tests/test_troops.gd" time="0.000671" >
	  </testcase>
	  <testcase name="test_recruit_emits_signal" assertions="1" status="pass" classname="tests/test_troops.gd" time="0.000953" >
	  </testcase>
	  <testcase name="test_recruit_emits_troop_pool_changed_with_size" assertions="2" status="pass" classname="tests/test_troops.gd" time="0.00156" >
	  </testcase>
	  <testcase name="test_recruit_failure_does_not_emit_pool_changed" assertions="2" status="pass" classname="tests/test_troops.gd" time="0.001235" >
	  </testcase>
	  <testcase name="test_pool_changed_payload_grows_with_each_recruit" assertions="1" status="pass" classname="tests/test_troops.gd" time="0.001618" >
	  </testcase>
	  <testcase name="test_recruit_multiple_troops" assertions="2" status="pass" classname="tests/test_troops.gd" time="0.001298" >
	  </testcase>
	  <testcase name="test_can_afford_troop_true" assertions="1" status="pass" classname="tests/test_troops.gd" time="0.0007" >
	  </testcase>
	  <testcase name="test_can_afford_troop_exact" assertions="1" status="pass" classname="tests/test_troops.gd" time="0.000453" >
	  </testcase>
	  <testcase name="test_can_afford_troop_false" assertions="1" status="pass" classname="tests/test_troops.gd" time="0.00037" >
	  </testcase>
	  <testcase name="test_remove_troop" assertions="4" status="pass" classname="tests/test_troops.gd" time="0.001868" >
	  </testcase>
	  <testcase name="test_remove_troop_not_in_pool" assertions="2" status="pass" classname="tests/test_troops.gd" time="0.001434" >
	  </testcase>
	  <testcase name="test_maintenance_calculation" assertions="2" status="pass" classname="tests/test_troops.gd" time="0.000867" >
	  </testcase>
	  <testcase name="test_maintenance_empty_pool" assertions="2" status="pass" classname="tests/test_troops.gd" time="0.000746" >
	  </testcase>
	  <testcase name="test_maintenance_after_removal" assertions="2" status="pass" classname="tests/test_troops.gd" time="0.000734" >
	  </testcase>
	  <testcase name="test_troop_type_defaults_to_infanteria_ligera" assertions="1" status="pass" classname="tests/test_troops.gd" time="0.000508" >
	  </testcase>
	  <testcase name="test_troop_type_label_matches_enum" assertions="5" status="pass" classname="tests/test_troops.gd" time="0.000851" >
	  </testcase>
	  <testcase name="test_troop_get_type_label_uses_instance_type" assertions="1" status="pass" classname="tests/test_troops.gd" time="0.000997" >
	  </testcase>
	  </testsuite>
  <testsuite name="tests/test_turn_events.gd" tests="76" failures="0" skipped="0" time="4.105335" >
	  <testcase name="test_comparison_greater" assertions="3" status="pass" classname="tests/test_turn_events.gd" time="0.000931" >
	  </testcase>
	  <testcase name="test_comparison_greater_equal" assertions="3" status="pass" classname="tests/test_turn_events.gd" time="0.000712" >
	  </testcase>
	  <testcase name="test_comparison_less" assertions="3" status="pass" classname="tests/test_turn_events.gd" time="0.000714" >
	  </testcase>
	  <testcase name="test_comparison_less_equal" assertions="3" status="pass" classname="tests/test_turn_events.gd" time="0.000969" >
	  </testcase>
	  <testcase name="test_comparison_equal" assertions="2" status="pass" classname="tests/test_turn_events.gd" time="0.00103" >
	  </testcase>
	  <testcase name="test_base_condition_always_true" assertions="1" status="pass" classname="tests/test_turn_events.gd" time="0.067582" >
	  </testcase>
	  <testcase name="test_gold_threshold_condition_met" assertions="1" status="pass" classname="tests/test_turn_events.gd" time="0.115793" >
	  </testcase>
	  <testcase name="test_gold_threshold_condition_not_met" assertions="1" status="pass" classname="tests/test_turn_events.gd" time="0.101366" >
	  </testcase>
	  <testcase name="test_food_threshold_condition" assertions="1" status="pass" classname="tests/test_turn_events.gd" time="0.101057" >
	  </testcase>
	  <testcase name="test_turn_number_condition" assertions="1" status="pass" classname="tests/test_turn_events.gd" time="0.087016" >
	  </testcase>
	  <testcase name="test_turn_number_condition_not_met" assertions="1" status="pass" classname="tests/test_turn_events.gd" time="0.081721" >
	  </testcase>
	  <testcase name="test_event_available_no_conditions" assertions="1" status="pass" classname="tests/test_turn_events.gd" time="0.11623" >
	  </testcase>
	  <testcase name="test_event_not_available_condition_fails" assertions="1" status="pass" classname="tests/test_turn_events.gd" time="0.10016" >
	  </testcase>
	  <testcase name="test_event_available_all_conditions_pass" assertions="1" status="pass" classname="tests/test_turn_events.gd" time="0.09897" >
	  </testcase>
	  <testcase name="test_gold_event_effect_adds_gold" assertions="1" status="pass" classname="tests/test_turn_events.gd" time="0.100223" >
	  </testcase>
	  <testcase name="test_gold_event_effect_subtracts_gold" assertions="1" status="pass" classname="tests/test_turn_events.gd" time="0.10014" >
	  </testcase>
	  <testcase name="test_food_event_effect" assertions="1" status="pass" classname="tests/test_turn_events.gd" time="0.100053" >
	  </testcase>
	  <testcase name="test_scaled_gold_effect_base_only" assertions="1" status="pass" classname="tests/test_turn_events.gd" time="0.101346" >
	  </testcase>
	  <testcase name="test_scaled_gold_effect_with_turn_factor" assertions="1" status="pass" classname="tests/test_turn_events.gd" time="0.099897" >
	  </testcase>
	  <testcase name="test_scaled_gold_effect_with_gpt_percent" assertions="1" status="pass" classname="tests/test_turn_events.gd" time="0.101033" >
	  </testcase>
	  <testcase name="test_unlock_building_effect" assertions="1" status="pass" classname="tests/test_turn_events.gd" time="0.100808" >
	  </testcase>
	  <testcase name="test_cost_can_pay_enough_gold" assertions="1" status="pass" classname="tests/test_turn_events.gd" time="0.1004" >
	  </testcase>
	  <testcase name="test_cost_cannot_pay_not_enough_gold" assertions="1" status="pass" classname="tests/test_turn_events.gd" time="0.100807" >
	  </testcase>
	  <testcase name="test_cost_pay_deducts_gold" assertions="1" status="pass" classname="tests/test_turn_events.gd" time="0.100575" >
	  </testcase>
	  <testcase name="test_cost_pay_deducts_food" assertions="1" status="pass" classname="tests/test_turn_events.gd" time="0.10058" >
	  </testcase>
	  <testcase name="test_scaled_gold_cost_can_pay" assertions="1" status="pass" classname="tests/test_turn_events.gd" time="0.101514" >
	  </testcase>
	  <testcase name="test_scaled_gold_cost_cannot_pay" assertions="1" status="pass" classname="tests/test_turn_events.gd" time="0.100847" >
	  </testcase>
	  <testcase name="test_scaled_gold_cost_pay" assertions="1" status="pass" classname="tests/test_turn_events.gd" time="0.100354" >
	  </testcase>
	  <testcase name="test_choice_is_affordable_no_cost" assertions="1" status="pass" classname="tests/test_turn_events.gd" time="0.101041" >
	  </testcase>
	  <testcase name="test_choice_is_affordable_with_payable_cost" assertions="1" status="pass" classname="tests/test_turn_events.gd" time="0.100479" >
	  </testcase>
	  <testcase name="test_choice_not_affordable" assertions="1" status="pass" classname="tests/test_turn_events.gd" time="0.100444" >
	  </testcase>
	  <testcase name="test_choice_execute_applies_effects" assertions="1" status="pass" classname="tests/test_turn_events.gd" time="0.10086" >
	  </testcase>
	  <testcase name="test_choice_execute_pays_cost_then_applies" assertions="1" status="pass" classname="tests/test_turn_events.gd" time="0.100191" >
	  </testcase>
	  <testcase name="test_choice_needs_player_input_false_by_default" assertions="1" status="pass" classname="tests/test_turn_events.gd" time="0.000699" >
	  </testcase>
	  <testcase name="test_filter_matches_by_id" assertions="2" status="pass" classname="tests/test_turn_events.gd" time="0.000699" >
	  </testcase>
	  <testcase name="test_filter_matches_by_type" assertions="2" status="pass" classname="tests/test_turn_events.gd" time="0.000528" >
	  </testcase>
	  <testcase name="test_filter_find_first" assertions="2" status="pass" classname="tests/test_turn_events.gd" time="0.000485" >
	  </testcase>
	  <testcase name="test_filter_find_first_empty_when_no_match" assertions="1" status="pass" classname="tests/test_turn_events.gd" time="0.000369" >
	  </testcase>
	  <testcase name="test_filter_has_match" assertions="1" status="pass" classname="tests/test_turn_events.gd" time="0.000404" >
	  </testcase>
	  <testcase name="test_filter_no_match" assertions="1" status="pass" classname="tests/test_turn_events.gd" time="0.000331" >
	  </testcase>
	  <testcase name="test_context_build_populates_gold" assertions="3" status="pass" classname="tests/test_turn_events.gd" time="0.096661" >
	  </testcase>
	  <testcase name="test_context_card_count_by_id" assertions="2" status="pass" classname="tests/test_turn_events.gd" time="0.101188" >
	  </testcase>
	  <testcase name="test_context_card_count_by_type" assertions="2" status="pass" classname="tests/test_turn_events.gd" time="0.099123" >
	  </testcase>
	  <testcase name="test_weights_returns_fallback_when_curve_is_null" assertions="1" status="pass" classname="tests/test_turn_events.gd" time="0.001129" >
	  </testcase>
	  <testcase name="test_weights_curve_basic_sampling_within_default_range" assertions="1" status="pass" classname="tests/test_turn_events.gd" time="0.001468" >
	  </testcase>
	  <testcase name="test_weights_clamps_turn_to_curve_domain" assertions="3" status="pass" classname="tests/test_turn_events.gd" time="0.000644" >
	  </testcase>
	  <testcase name="test_weights_curve_takes_precedence_over_fallback" assertions="1" status="pass" classname="tests/test_turn_events.gd" time="0.000573" >
	  </testcase>
	  <testcase name="test_event_chance_returns_fallback_when_curve_is_null" assertions="1" status="pass" classname="tests/test_turn_events.gd" time="0.000492" >
	  </testcase>
	  <testcase name="test_event_chance_uses_curve_when_present" assertions="3" status="pass" classname="tests/test_turn_events.gd" time="0.000468" >
	  </testcase>
	  <testcase name="test_event_chance_clamps_turn_to_curve_domain" assertions="2" status="pass" classname="tests/test_turn_events.gd" time="0.000367" >
	  </testcase>
	  <testcase name="test_event_chance_clamps_output_to_zero_one" assertions="2" status="pass" classname="tests/test_turn_events.gd" time="0.000386" >
	  </testcase>
	  <testcase name="test_manager_uses_event_chance_curve" assertions="20" status="pass" classname="tests/test_turn_events.gd" time="0.096968" >
	  </testcase>
	  <testcase name="test_manager_falls_back_to_stats_event_chance_when_no_weights" assertions="20" status="pass" classname="tests/test_turn_events.gd" time="0.100196" >
	  </testcase>
	  <testcase name="test_manager_returns_null_when_event_chance_fails" assertions="20" status="pass" classname="tests/test_turn_events.gd" time="0.101018" >
	  </testcase>
	  <testcase name="test_manager_returns_null_when_no_events_available" assertions="1" status="pass" classname="tests/test_turn_events.gd" time="0.100659" >
	  </testcase>
	  <testcase name="test_manager_prioritizes_core_when_priority_chance_one" assertions="40" status="pass" classname="tests/test_turn_events.gd" time="0.100696" >
	  </testcase>
	  <testcase name="test_manager_skips_core_priority_when_chance_zero" assertions="2" status="pass" classname="tests/test_turn_events.gd" time="0.100517" >
	  </testcase>
	  <testcase name="test_manager_excludes_categories_without_candidates" assertions="20" status="pass" classname="tests/test_turn_events.gd" time="0.100788" >
	  </testcase>
	  <testcase name="test_manager_skips_used_unique_events" assertions="1" status="pass" classname="tests/test_turn_events.gd" time="0.100509" >
	  </testcase>
	  <testcase name="test_manager_resolve_marks_unique_as_used" assertions="1" status="pass" classname="tests/test_turn_events.gd" time="0.100444" >
	  </testcase>
	  <testcase name="test_manager_works_without_category_weights" assertions="2" status="pass" classname="tests/test_turn_events.gd" time="0.101547" >
	  </testcase>
	  <testcase name="test_construction_boom_is_core_progression" assertions="1" status="pass" classname="tests/test_turn_events.gd" time="0.001397" >
	  </testcase>
	  <testcase name="test_unlock_recruit_is_core_progression" assertions="1" status="pass" classname="tests/test_turn_events.gd" time="0.001166" >
	  </testcase>
	  <testcase name="test_unlock_upgrade_is_core_progression" assertions="1" status="pass" classname="tests/test_turn_events.gd" time="0.000649" >
	  </testcase>
	  <testcase name="test_unlock_caravana_is_optional_progression" assertions="1" status="pass" classname="tests/test_turn_events.gd" time="0.00046" >
	  </testcase>
	  <testcase name="test_unlock_palacio_is_optional_progression" assertions="1" status="pass" classname="tests/test_turn_events.gd" time="0.000427" >
	  </testcase>
	  <testcase name="test_bandits_is_flavour" assertions="1" status="pass" classname="tests/test_turn_events.gd" time="0.000549" >
	  </testcase>
	  <testcase name="test_wise_travelers_is_flavour" assertions="1" status="pass" classname="tests/test_turn_events.gd" time="0.000597" >
	  </testcase>
	  <testcase name="test_mercenaries_is_flavour" assertions="1" status="pass" classname="tests/test_turn_events.gd" time="0.000848" >
	  </testcase>
	  <testcase name="test_card_offering_is_deck" assertions="1" status="pass" classname="tests/test_turn_events.gd" time="0.000918" >
	  </testcase>
	  <testcase name="test_deck_purge_is_deck" assertions="1" status="pass" classname="tests/test_turn_events.gd" time="0.000791" >
	  </testcase>
	  <testcase name="test_basic_shop_is_shop" assertions="1" status="pass" classname="tests/test_turn_events.gd" time="0.000568" >
	  </testcase>
	  <testcase name="test_special_shop_is_shop" assertions="1" status="pass" classname="tests/test_turn_events.gd" time="0.000523" >
	  </testcase>
	  <testcase name="test_spirit_pacto_is_spirit" assertions="1" status="pass" classname="tests/test_turn_events.gd" time="0.000446" >
	  </testcase>
	  <testcase name="test_megalopolis_is_decision" assertions="1" status="pass" classname="tests/test_turn_events.gd" time="0.000444" >
	  </testcase>
	  <testcase name="test_default_turn_event_category_is_flavour" assertions="1" status="pass" classname="tests/test_turn_events.gd" time="0.000353" >
	  </testcase>
	  </testsuite>
  <testsuite name="tests/test_world_gen.gd" tests="20" failures="0" skipped="0" time="0.014498" >
	  <testcase name="test_tile_to_world_origin_stagger" assertions="2" status="pass" classname="tests/test_world_gen.gd" time="0.000629" >
	  </testcase>
	  <testcase name="test_tile_to_world_origin_no_stagger" assertions="2" status="pass" classname="tests/test_world_gen.gd" time="0.000617" >
	  </testcase>
	  <testcase name="test_tile_to_world_horizontal_spacing" assertions="1" status="pass" classname="tests/test_world_gen.gd" time="0.000469" >
	  </testcase>
	  <testcase name="test_tile_to_world_y_is_zero" assertions="1" status="pass" classname="tests/test_world_gen.gd" time="0.000795" >
	  </testcase>
	  <testcase name="test_tile_to_world_tile_size_scales" assertions="1" status="pass" classname="tests/test_world_gen.gd" time="0.000628" >
	  </testcase>
	  <testcase name="test_noise_at_tile_normalized" assertions="121" status="pass" classname="tests/test_world_gen.gd" time="0.004091" >
	  </testcase>
	  <testcase name="test_circle_shape_filter_origin" assertions="1" status="pass" classname="tests/test_world_gen.gd" time="0.000581" >
	  </testcase>
	  <testcase name="test_circle_shape_filter_inside" assertions="1" status="pass" classname="tests/test_world_gen.gd" time="0.000492" >
	  </testcase>
	  <testcase name="test_circle_shape_filter_outside" assertions="1" status="pass" classname="tests/test_world_gen.gd" time="0.000389" >
	  </testcase>
	  <testcase name="test_diamond_shape_filter_origin" assertions="1" status="pass" classname="tests/test_world_gen.gd" time="0.000431" >
	  </testcase>
	  <testcase name="test_diamond_shape_filter_outside" assertions="1" status="pass" classname="tests/test_world_gen.gd" time="0.000423" >
	  </testcase>
	  <testcase name="test_hexagonal_buffer_filter_center_inside" assertions="1" status="pass" classname="tests/test_world_gen.gd" time="0.000618" >
	  </testcase>
	  <testcase name="test_hexagonal_buffer_filter_edge_outside" assertions="1" status="pass" classname="tests/test_world_gen.gd" time="0.000461" >
	  </testcase>
	  <testcase name="test_rectangular_buffer_filter" assertions="2" status="pass" classname="tests/test_world_gen.gd" time="0.00045" >
	  </testcase>
	  <testcase name="test_circular_buffer_filter" assertions="2" status="pass" classname="tests/test_world_gen.gd" time="0.000437" >
	  </testcase>
	  <testcase name="test_diamond_buffer_filter" assertions="2" status="pass" classname="tests/test_world_gen.gd" time="0.000428" >
	  </testcase>
	  <testcase name="test_find_noise_caps" assertions="2" status="pass" classname="tests/test_world_gen.gd" time="0.000521" >
	  </testcase>
	  <testcase name="test_generate_position" assertions="2" status="pass" classname="tests/test_world_gen.gd" time="0.000647" >
	  </testcase>
	  <testcase name="test_generation_settings_defaults" assertions="2" status="pass" classname="tests/test_world_gen.gd" time="0.000699" >
	  </testcase>
	  <testcase name="test_generation_settings_shape_enum" assertions="4" status="pass" classname="tests/test_world_gen.gd" time="0.000692" >
	  </testcase>
	  </testsuite>
  </testsuites>
