Godot Engine v4.5.stable.official.876b29033 - https://godotengine.org

Godot_v4.5-stable_win64.exe : SCRIPT ERROR: Parse Error: The method "get()" overrides a method from native class 
"Object". This won't be called by the engine and may not work as expected. (Warning treated as error.)
En línea: 1 Carácter: 41
+ ... FG\source"; & "C:\Users\ibaip\Desktop\Godot_v4.5-stable_win64.exe\God ...
+                 ~~~~~~~~~~~~~~~~~~~~~~~~~~~~~~~~~~~~~~~~~~~~~~~~~~~~~~~~~
    + CategoryInfo          : NotSpecified: (SCRIPT ERROR: P...ated as error.):String) [], RemoteException
    + FullyQualifiedErrorId : NativeCommandError
 
   at: GDScript::reload (res://scripts/military/tactic_bonus.gd:128)
SCRIPT ERROR: Compile Error: Failed to compile depended scripts.
   at: GDScript::reload (res://scripts/military/battle_front.gd:0)
SCRIPT ERROR: Compile Error: Failed to compile depended scripts.
   at: GDScript::reload (res://scripts/military/battle_front_manager.gd:0)
SCRIPT ERROR: Compile Error: Failed to compile depended scripts.
   at: GDScript::reload (res://scripts/turn_events/event_context.gd:0)
SCRIPT ERROR: Compile Error: Failed to compile depended scripts.
   at: GDScript::reload (res://scripts/turn_events/effects/turn_event_effect.gd:0)
SCRIPT ERROR: Compile Error: Failed to compile depended scripts.
   at: GDScript::reload (res://scripts/turn_events/turn_event_choice.gd:0)
SCRIPT ERROR: Compile Error: Failed to compile depended scripts.
   at: GDScript::reload (res://scripts/turn_events/turn_event.gd:0)
SCRIPT ERROR: Compile Error: Failed to compile depended scripts.
   at: GDScript::reload (res://scripts/player/stats.gd:0)
SCRIPT ERROR: Compile Error: Failed to compile depended scripts.
   at: GDScript::reload (res://scripts/building/building.gd:0)
SCRIPT ERROR: Compile Error: Failed to compile depended scripts.
   at: GDScript::reload (res://scripts/empire/empire_ability.gd:0)
SCRIPT ERROR: Compile Error: Failed to compile depended scripts.
   at: GDScript::reload (res://scripts/empire/empire.gd:0)
SCRIPT ERROR: Compile Error: Failed to compile depended scripts.
   at: GDScript::reload (res://scripts/tile/tile.gd:0)
SCRIPT ERROR: Compile Error: Failed to compile depended scripts.
   at: GDScript::reload (res://scripts/tile/tile_mesh_data.gd:0)
SCRIPT ERROR: Compile Error: Failed to compile depended scripts.
   at: GDScript::reload (res://scripts/world_gen/generation_settings.gd:0)
SCRIPT ERROR: Compile Error: Failed to compile depended scripts.
   at: GDScript::reload (res://scripts/events.gd:0)
ERROR: Failed to load script "res://scripts/events.gd" with error "Compilation failed".
   at: load (modules/gdscript/gdscript.cpp:3041)
SCRIPT ERROR: Parse Error: Static function "info()" not found in base "GDScriptNativeClass".
   at: GDScript::reload (res://scripts/world_gen/map.gd:102)
ERROR: Failed to load script "res://scripts/world_gen/map.gd" with error "Parse error".
   at: load (modules/gdscript/gdscript.cpp:3041)
SCRIPT ERROR: Parse Error: Static function "debug()" not found in base "GDScriptNativeClass".
   at: GDScript::reload (res://scripts/world_gen/world_generator.gd:38)
SCRIPT ERROR: Parse Error: Static function "debug()" not found in base "GDScriptNativeClass".
   at: GDScript::reload (res://scripts/world_gen/world_generator.gd:82)
SCRIPT ERROR: Parse Error: Static function "debug()" not found in base "GDScriptNativeClass".
   at: GDScript::reload (res://scripts/world_gen/world_generator.gd:88)
SCRIPT ERROR: Parse Error: Static function "debug()" not found in base "GDScriptNativeClass".
   at: GDScript::reload (res://scripts/world_gen/world_generator.gd:91)
SCRIPT ERROR: Parse Error: Static function "info()" not found in base "GDScriptNativeClass".
   at: GDScript::reload (res://scripts/world_gen/world_generator.gd:98)
ERROR: Failed to load script "res://scripts/world_gen/world_generator.gd" with error "Parse error".
   at: load (modules/gdscript/gdscript.cpp:3041)
SCRIPT ERROR: Parse Error: Static function "debug()" not found in base "GDScriptNativeClass".
   at: GDScript::reload (res://scripts/map/interaction.gd:69)
ERROR: Failed to load script "res://scripts/map/interaction.gd" with error "Parse error".
   at: load (modules/gdscript/gdscript.cpp:3041)
SCRIPT ERROR: Parse Error: Static function "warn()" not found in base "GDScriptNativeClass".
   at: GDScript::reload (res://scripts/ui/menus/save_load_panel.gd:128)
SCRIPT ERROR: Parse Error: Static function "warn()" not found in base "GDScriptNativeClass".
   at: GDScript::reload (res://scripts/ui/menus/save_load_panel.gd:137)
SCRIPT ERROR: Compile Error: Failed to compile depended scripts.
   at: GDScript::reload (res://scripts/ui/menus/main_menu.gd:0)
ERROR: Failed to load script "res://scripts/ui/menus/main_menu.gd" with error "Compilation failed".
   at: load (modules/gdscript/gdscript.cpp:3041)
SCRIPT ERROR: Parse Error: Static function "info()" not found in base "GDScriptNativeClass".
   at: GDScript::reload (res://scripts/ui/generation_ui.gd:283)
SCRIPT ERROR: Parse Error: Static function "info()" not found in base "GDScriptNativeClass".
   at: GDScript::reload (res://scripts/ui/generation_ui.gd:284)
SCRIPT ERROR: Parse Error: Static function "info()" not found in base "GDScriptNativeClass".
   at: GDScript::reload (res://scripts/ui/generation_ui.gd:285)
SCRIPT ERROR: Parse Error: Static function "info()" not found in base "GDScriptNativeClass".
   at: GDScript::reload (res://scripts/ui/generation_ui.gd:286)
SCRIPT ERROR: Parse Error: Static function "info()" not found in base "GDScriptNativeClass".
   at: GDScript::reload (res://scripts/ui/generation_ui.gd:287)
SCRIPT ERROR: Parse Error: Static function "info()" not found in base "GDScriptNativeClass".
   at: GDScript::reload (res://scripts/ui/generation_ui.gd:288)
SCRIPT ERROR: Parse Error: Static function "info()" not found in base "GDScriptNativeClass".
   at: GDScript::reload (res://scripts/ui/generation_ui.gd:289)
SCRIPT ERROR: Parse Error: Static function "info()" not found in base "GDScriptNativeClass".
   at: GDScript::reload (res://scripts/ui/generation_ui.gd:290)
SCRIPT ERROR: Parse Error: Static function "info()" not found in base "GDScriptNativeClass".
   at: GDScript::reload (res://scripts/ui/generation_ui.gd:291)
ERROR: Failed to load script "res://scripts/ui/generation_ui.gd" with error "Parse error".
   at: load (modules/gdscript/gdscript.cpp:3041)
SCRIPT ERROR: Parse Error: Static function "info()" not found in base "GDScriptNativeClass".
   at: GDScript::reload (res://scripts/save/game_save_manager.gd:34)
SCRIPT ERROR: Parse Error: Static function "warn()" not found in base "GDScriptNativeClass".
   at: GDScript::reload (res://scripts/save/game_save_manager.gd:36)
SCRIPT ERROR: Parse Error: Static function "info()" not found in base "GDScriptNativeClass".
   at: GDScript::reload (res://scripts/save/game_save_manager.gd:40)
SCRIPT ERROR: Parse Error: Static function "warn()" not found in base "GDScriptNativeClass".
   at: GDScript::reload (res://scripts/save/game_save_manager.gd:42)
SCRIPT ERROR: Parse Error: Static function "warn()" not found in base "GDScriptNativeClass".
   at: GDScript::reload (res://scripts/save/game_save_manager.gd:53)
SCRIPT ERROR: Parse Error: Static function "warn()" not found in base "GDScriptNativeClass".
   at: GDScript::reload (res://scripts/save/game_save_manager.gd:129)
SCRIPT ERROR: Parse Error: Static function "error()" not found in base "GDScriptNativeClass".
   at: GDScript::reload (res://scripts/save/game_save_manager.gd:136)
SCRIPT ERROR: Parse Error: Static function "error()" not found in base "GDScriptNativeClass".
   at: GDScript::reload (res://scripts/save/game_save_manager.gd:146)
SCRIPT ERROR: Parse Error: Static function "warn()" not found in base "GDScriptNativeClass".
   at: GDScript::reload (res://scripts/save/game_save_manager.gd:154)
SCRIPT ERROR: Compile Error: Failed to compile depended scripts.
   at: GDScript::reload (res://scripts/scene_manager.gd:0)
ERROR: Failed to load script "res://scripts/scene_manager.gd" with error "Compilation failed".
   at: load (modules/gdscript/gdscript.cpp:3041)
ERROR: Failed to instantiate an autoload, script 'res://scripts/save/game_save_manager.gd' does not inherit from 
'Node'.
   at: start (main/main.cpp:4335)
SCRIPT ERROR: Invalid access to property or key 'load_requested' on a base object of type 'Nil'.
   at: _ready (res://scripts/scene_manager.gd:32)
   GDScript backtrace (most recent call first):
       [0] _ready (res://scripts/scene_manager.gd:32)
---  GUT  ---
[1m[INFO]:  [0musing [C:/Users/ibaip/AppData/Roaming/Godot/app_userdata/Source] for temporary output.
Godot version:  4.5.0
GUT version:  9.5.0
SCRIPT ERROR: Parse Error: Static function "debug()" not found in base "GDScriptNativeClass".
   at: GDScript::reload (res://scripts/empire/ai_controller.gd:82)
   GDScript backtrace (most recent call first):
       [0] load_script_using_custom_warnings (res://addons/gut/warnings_manager.gd:159)
       [1] _parse_script (res://addons/gut/test_collector.gd:76)
       [2] add_script (res://addons/gut/test_collector.gd:127)
       [3] add_script (res://addons/gut/gut.gd:1050)
       [4] add_directory (res://addons/gut/gut.gd:1073)
       [5] _apply_options (res://addons/gut/gut_config.gd:136)
       [6] apply_options (res://addons/gut/gut_config.gd:207)
       [7] run_tests (res://addons/gut/gui/GutRunner.gd:191)
       [8] _run_tests (res://addons/gut/cli/gut_cli.gd:238)
       [9] main (res://addons/gut/cli/gut_cli.gd:284)
       [10] _init (res://addons/gut/gut_cmdln.gd:39)
SCRIPT ERROR: Parse Error: Static function "debug()" not found in base "GDScriptNativeClass".
   at: GDScript::reload (res://scripts/empire/ai_controller.gd:97)
   GDScript backtrace (most recent call first):
       [0] load_script_using_custom_warnings (res://addons/gut/warnings_manager.gd:159)
       [1] _parse_script (res://addons/gut/test_collector.gd:76)
       [2] add_script (res://addons/gut/test_collector.gd:127)
       [3] add_script (res://addons/gut/gut.gd:1050)
       [4] add_directory (res://addons/gut/gut.gd:1073)
       [5] _apply_options (res://addons/gut/gut_config.gd:136)
       [6] apply_options (res://addons/gut/gut_config.gd:207)
       [7] run_tests (res://addons/gut/gui/GutRunner.gd:191)
       [8] _run_tests (res://addons/gut/cli/gut_cli.gd:238)
       [9] main (res://addons/gut/cli/gut_cli.gd:284)
       [10] _init (res://addons/gut/gut_cmdln.gd:39)
SCRIPT ERROR: Parse Error: Static function "debug()" not found in base "GDScriptNativeClass".
   at: GDScript::reload (res://scripts/empire/ai_controller.gd:109)
   GDScript backtrace (most recent call first):
       [0] load_script_using_custom_warnings (res://addons/gut/warnings_manager.gd:159)
       [1] _parse_script (res://addons/gut/test_collector.gd:76)
       [2] add_script (res://addons/gut/test_collector.gd:127)
       [3] add_script (res://addons/gut/gut.gd:1050)
       [4] add_directory (res://addons/gut/gut.gd:1073)
       [5] _apply_options (res://addons/gut/gut_config.gd:136)
       [6] apply_options (res://addons/gut/gut_config.gd:207)
       [7] run_tests (res://addons/gut/gui/GutRunner.gd:191)
       [8] _run_tests (res://addons/gut/cli/gut_cli.gd:238)
       [9] main (res://addons/gut/cli/gut_cli.gd:284)
       [10] _init (res://addons/gut/gut_cmdln.gd:39)
SCRIPT ERROR: Parse Error: Static function "debug()" not found in base "GDScriptNativeClass".
   at: GDScript::reload (res://scripts/empire/ai_controller.gd:122)
   GDScript backtrace (most recent call first):
       [0] load_script_using_custom_warnings (res://addons/gut/warnings_manager.gd:159)
       [1] _parse_script (res://addons/gut/test_collector.gd:76)
       [2] add_script (res://addons/gut/test_collector.gd:127)
       [3] add_script (res://addons/gut/gut.gd:1050)
       [4] add_directory (res://addons/gut/gut.gd:1073)
       [5] _apply_options (res://addons/gut/gut_config.gd:136)
       [6] apply_options (res://addons/gut/gut_config.gd:207)
       [7] run_tests (res://addons/gut/gui/GutRunner.gd:191)
       [8] _run_tests (res://addons/gut/cli/gut_cli.gd:238)
       [9] main (res://addons/gut/cli/gut_cli.gd:284)
       [10] _init (res://addons/gut/gut_cmdln.gd:39)
SCRIPT ERROR: Parse Error: Static function "debug()" not found in base "GDScriptNativeClass".
   at: GDScript::reload (res://scripts/empire/ai_controller.gd:125)
   GDScript backtrace (most recent call first):
       [0] load_script_using_custom_warnings (res://addons/gut/warnings_manager.gd:159)
       [1] _parse_script (res://addons/gut/test_collector.gd:76)
       [2] add_script (res://addons/gut/test_collector.gd:127)
       [3] add_script (res://addons/gut/gut.gd:1050)
       [4] add_directory (res://addons/gut/gut.gd:1073)
       [5] _apply_options (res://addons/gut/gut_config.gd:136)
       [6] apply_options (res://addons/gut/gut_config.gd:207)
       [7] run_tests (res://addons/gut/gui/GutRunner.gd:191)
       [8] _run_tests (res://addons/gut/cli/gut_cli.gd:238)
       [9] main (res://addons/gut/cli/gut_cli.gd:284)
       [10] _init (res://addons/gut/gut_cmdln.gd:39)
SCRIPT ERROR: Parse Error: Static function "debug()" not found in base "GDScriptNativeClass".
   at: GDScript::reload (res://scripts/empire/ai_controller.gd:142)
   GDScript backtrace (most recent call first):
       [0] load_script_using_custom_warnings (res://addons/gut/warnings_manager.gd:159)
       [1] _parse_script (res://addons/gut/test_collector.gd:76)
       [2] add_script (res://addons/gut/test_collector.gd:127)
       [3] add_script (res://addons/gut/gut.gd:1050)
       [4] add_directory (res://addons/gut/gut.gd:1073)
       [5] _apply_options (res://addons/gut/gut_config.gd:136)
       [6] apply_options (res://addons/gut/gut_config.gd:207)
       [7] run_tests (res://addons/gut/gui/GutRunner.gd:191)
       [8] _run_tests (res://addons/gut/cli/gut_cli.gd:238)
       [9] main (res://addons/gut/cli/gut_cli.gd:284)
       [10] _init (res://addons/gut/gut_cmdln.gd:39)
SCRIPT ERROR: Parse Error: Static function "debug()" not found in base "GDScriptNativeClass".
   at: GDScript::reload (res://scripts/empire/ai_controller.gd:174)
   GDScript backtrace (most recent call first):
       [0] load_script_using_custom_warnings (res://addons/gut/warnings_manager.gd:159)
       [1] _parse_script (res://addons/gut/test_collector.gd:76)
       [2] add_script (res://addons/gut/test_collector.gd:127)
       [3] add_script (res://addons/gut/gut.gd:1050)
       [4] add_directory (res://addons/gut/gut.gd:1073)
       [5] _apply_options (res://addons/gut/gut_config.gd:136)
       [6] apply_options (res://addons/gut/gut_config.gd:207)
       [7] run_tests (res://addons/gut/gui/GutRunner.gd:191)
       [8] _run_tests (res://addons/gut/cli/gut_cli.gd:238)
       [9] main (res://addons/gut/cli/gut_cli.gd:284)
       [10] _init (res://addons/gut/gut_cmdln.gd:39)
SCRIPT ERROR: Parse Error: Static function "debug()" not found in base "GDScriptNativeClass".
   at: GDScript::reload (res://scripts/empire/ai_controller.gd:225)
   GDScript backtrace (most recent call first):
       [0] load_script_using_custom_warnings (res://addons/gut/warnings_manager.gd:159)
       [1] _parse_script (res://addons/gut/test_collector.gd:76)
       [2] add_script (res://addons/gut/test_collector.gd:127)
       [3] add_script (res://addons/gut/gut.gd:1050)
       [4] add_directory (res://addons/gut/gut.gd:1073)
       [5] _apply_options (res://addons/gut/gut_config.gd:136)
       [6] apply_options (res://addons/gut/gut_config.gd:207)
       [7] run_tests (res://addons/gut/gui/GutRunner.gd:191)
       [8] _run_tests (res://addons/gut/cli/gut_cli.gd:238)
       [9] main (res://addons/gut/cli/gut_cli.gd:284)
       [10] _init (res://addons/gut/gut_cmdln.gd:39)
SCRIPT ERROR: Compile Error: Failed to compile depended scripts.
   at: GDScript::reload (res://tests/test_ai_controller.gd:0)
   GDScript backtrace (most recent call first):
       [0] load_script_using_custom_warnings (res://addons/gut/warnings_manager.gd:159)
       [1] _parse_script (res://addons/gut/test_collector.gd:76)
       [2] add_script (res://addons/gut/test_collector.gd:127)
       [3] add_script (res://addons/gut/gut.gd:1050)
       [4] add_directory (res://addons/gut/gut.gd:1073)
       [5] _apply_options (res://addons/gut/gut_config.gd:136)
       [6] apply_options (res://addons/gut/gut_config.gd:207)
       [7] run_tests (res://addons/gut/gui/GutRunner.gd:191)
       [8] _run_tests (res://addons/gut/cli/gut_cli.gd:238)
       [9] main (res://addons/gut/cli/gut_cli.gd:284)
       [10] _init (res://addons/gut/gut_cmdln.gd:39)
ERROR: Failed to load script "res://tests/test_ai_controller.gd" with error "Compilation failed".
   at: load (modules/gdscript/gdscript.cpp:3041)
   GDScript backtrace (most recent call first):
       [0] load_script_using_custom_warnings (res://addons/gut/warnings_manager.gd:159)
       [1] _parse_script (res://addons/gut/test_collector.gd:76)
       [2] add_script (res://addons/gut/test_collector.gd:127)
       [3] add_script (res://addons/gut/gut.gd:1050)
       [4] add_directory (res://addons/gut/gut.gd:1073)
       [5] _apply_options (res://addons/gut/gut_config.gd:136)
       [6] apply_options (res://addons/gut/gut_config.gd:207)
       [7] run_tests (res://addons/gut/gui/GutRunner.gd:191)
       [8] _run_tests (res://addons/gut/cli/gut_cli.gd:238)
       [9] main (res://addons/gut/cli/gut_cli.gd:284)
       [10] _init (res://addons/gut/gut_cmdln.gd:39)
SCRIPT ERROR: Parse Error: Static function "debug()" not found in base "GDScriptNativeClass".
   at: GDScript::reload (res://scripts/empire/ai/ai_event_resolver.gd:37)
   GDScript backtrace (most recent call first):
       [0] load_script_using_custom_warnings (res://addons/gut/warnings_manager.gd:159)
       [1] _parse_script (res://addons/gut/test_collector.gd:76)
       [2] add_script (res://addons/gut/test_collector.gd:127)
       [3] add_script (res://addons/gut/gut.gd:1050)
       [4] add_directory (res://addons/gut/gut.gd:1073)
       [5] _apply_options (res://addons/gut/gut_config.gd:136)
       [6] apply_options (res://addons/gut/gut_config.gd:207)
       [7] run_tests (res://addons/gut/gui/GutRunner.gd:191)
       [8] _run_tests (res://addons/gut/cli/gut_cli.gd:238)
       [9] main (res://addons/gut/cli/gut_cli.gd:284)
       [10] _init (res://addons/gut/gut_cmdln.gd:39)
SCRIPT ERROR: Parse Error: Static function "debug()" not found in base "GDScriptNativeClass".
   at: GDScript::reload (res://scripts/empire/ai/ai_event_resolver.gd:77)
   GDScript backtrace (most recent call first):
       [0] load_script_using_custom_warnings (res://addons/gut/warnings_manager.gd:159)
       [1] _parse_script (res://addons/gut/test_collector.gd:76)
       [2] add_script (res://addons/gut/test_collector.gd:127)
       [3] add_script (res://addons/gut/gut.gd:1050)
       [4] add_directory (res://addons/gut/gut.gd:1073)
       [5] _apply_options (res://addons/gut/gut_config.gd:136)
       [6] apply_options (res://addons/gut/gut_config.gd:207)
       [7] run_tests (res://addons/gut/gui/GutRunner.gd:191)
       [8] _run_tests (res://addons/gut/cli/gut_cli.gd:238)
       [9] main (res://addons/gut/cli/gut_cli.gd:284)
       [10] _init (res://addons/gut/gut_cmdln.gd:39)
SCRIPT ERROR: Parse Error: Static function "debug()" not found in base "GDScriptNativeClass".
   at: GDScript::reload (res://scripts/empire/ai/ai_event_resolver.gd:81)
   GDScript backtrace (most recent call first):
       [0] load_script_using_custom_warnings (res://addons/gut/warnings_manager.gd:159)
       [1] _parse_script (res://addons/gut/test_collector.gd:76)
       [2] add_script (res://addons/gut/test_collector.gd:127)
       [3] add_script (res://addons/gut/gut.gd:1050)
       [4] add_directory (res://addons/gut/gut.gd:1073)
       [5] _apply_options (res://addons/gut/gut_config.gd:136)
       [6] apply_options (res://addons/gut/gut_config.gd:207)
       [7] run_tests (res://addons/gut/gui/GutRunner.gd:191)
       [8] _run_tests (res://addons/gut/cli/gut_cli.gd:238)
       [9] main (res://addons/gut/cli/gut_cli.gd:284)
       [10] _init (res://addons/gut/gut_cmdln.gd:39)
SCRIPT ERROR: Parse Error: Static function "debug()" not found in base "GDScriptNativeClass".
   at: GDScript::reload (res://scripts/empire/ai/ai_event_resolver.gd:87)
   GDScript backtrace (most recent call first):
       [0] load_script_using_custom_warnings (res://addons/gut/warnings_manager.gd:159)
       [1] _parse_script (res://addons/gut/test_collector.gd:76)
       [2] add_script (res://addons/gut/test_collector.gd:127)
       [3] add_script (res://addons/gut/gut.gd:1050)
       [4] add_directory (res://addons/gut/gut.gd:1073)
       [5] _apply_options (res://addons/gut/gut_config.gd:136)
       [6] apply_options (res://addons/gut/gut_config.gd:207)
       [7] run_tests (res://addons/gut/gui/GutRunner.gd:191)
       [8] _run_tests (res://addons/gut/cli/gut_cli.gd:238)
       [9] main (res://addons/gut/cli/gut_cli.gd:284)
       [10] _init (res://addons/gut/gut_cmdln.gd:39)
SCRIPT ERROR: Compile Error: Failed to compile depended scripts.
   at: GDScript::reload (res://tests/test_ai_event_resolver.gd:0)
   GDScript backtrace (most recent call first):
       [0] load_script_using_custom_warnings (res://addons/gut/warnings_manager.gd:159)
       [1] _parse_script (res://addons/gut/test_collector.gd:76)
       [2] add_script (res://addons/gut/test_collector.gd:127)
       [3] add_script (res://addons/gut/gut.gd:1050)
       [4] add_directory (res://addons/gut/gut.gd:1073)
       [5] _apply_options (res://addons/gut/gut_config.gd:136)
       [6] apply_options (res://addons/gut/gut_config.gd:207)
       [7] run_tests (res://addons/gut/gui/GutRunner.gd:191)
       [8] _run_tests (res://addons/gut/cli/gut_cli.gd:238)
       [9] main (res://addons/gut/cli/gut_cli.gd:284)
       [10] _init (res://addons/gut/gut_cmdln.gd:39)
ERROR: Failed to load script "res://tests/test_ai_event_resolver.gd" with error "Compilation failed".
   at: load (modules/gdscript/gdscript.cpp:3041)
   GDScript backtrace (most recent call first):
       [0] load_script_using_custom_warnings (res://addons/gut/warnings_manager.gd:159)
       [1] _parse_script (res://addons/gut/test_collector.gd:76)
       [2] add_script (res://addons/gut/test_collector.gd:127)
       [3] add_script (res://addons/gut/gut.gd:1050)
       [4] add_directory (res://addons/gut/gut.gd:1073)
       [5] _apply_options (res://addons/gut/gut_config.gd:136)
       [6] apply_options (res://addons/gut/gut_config.gd:207)
       [7] run_tests (res://addons/gut/gui/GutRunner.gd:191)
       [8] _run_tests (res://addons/gut/cli/gut_cli.gd:238)
       [9] main (res://addons/gut/cli/gut_cli.gd:284)
       [10] _init (res://addons/gut/gut_cmdln.gd:39)
SCRIPT ERROR: Parse Error: Static function "debug()" not found in base "GDScriptNativeClass".
   at: GDScript::reload (res://scripts/map/interaction.gd:69)
   GDScript backtrace (most recent call first):
       [0] load_script_using_custom_warnings (res://addons/gut/warnings_manager.gd:159)
       [1] _parse_script (res://addons/gut/test_collector.gd:76)
       [2] add_script (res://addons/gut/test_collector.gd:127)
       [3] add_script (res://addons/gut/gut.gd:1050)
       [4] add_directory (res://addons/gut/gut.gd:1073)
       [5] _apply_options (res://addons/gut/gut_config.gd:136)
       [6] apply_options (res://addons/gut/gut_config.gd:207)
       [7] run_tests (res://addons/gut/gui/GutRunner.gd:191)
       [8] _run_tests (res://addons/gut/cli/gut_cli.gd:238)
       [9] main (res://addons/gut/cli/gut_cli.gd:284)
       [10] _init (res://addons/gut/gut_cmdln.gd:39)
SCRIPT ERROR: Compile Error: Failed to compile depended scripts.
   at: GDScript::reload (res://tests/test_event_pause.gd:0)
   GDScript backtrace (most recent call first):
       [0] load_script_using_custom_warnings (res://addons/gut/warnings_manager.gd:159)
       [1] _parse_script (res://addons/gut/test_collector.gd:76)
       [2] add_script (res://addons/gut/test_collector.gd:127)
       [3] add_script (res://addons/gut/gut.gd:1050)
       [4] add_directory (res://addons/gut/gut.gd:1073)
       [5] _apply_options (res://addons/gut/gut_config.gd:136)
       [6] apply_options (res://addons/gut/gut_config.gd:207)
       [7] run_tests (res://addons/gut/gui/GutRunner.gd:191)
       [8] _run_tests (res://addons/gut/cli/gut_cli.gd:238)
       [9] main (res://addons/gut/cli/gut_cli.gd:284)
       [10] _init (res://addons/gut/gut_cmdln.gd:39)
ERROR: Failed to load script "res://tests/test_event_pause.gd" with error "Compilation failed".
   at: load (modules/gdscript/gdscript.cpp:3041)
   GDScript backtrace (most recent call first):
       [0] load_script_using_custom_warnings (res://addons/gut/warnings_manager.gd:159)
       [1] _parse_script (res://addons/gut/test_collector.gd:76)
       [2] add_script (res://addons/gut/test_collector.gd:127)
       [3] add_script (res://addons/gut/gut.gd:1050)
       [4] add_directory (res://addons/gut/gut.gd:1073)
       [5] _apply_options (res://addons/gut/gut_config.gd:136)
       [6] apply_options (res://addons/gut/gut_config.gd:207)
       [7] run_tests (res://addons/gut/gui/GutRunner.gd:191)
       [8] _run_tests (res://addons/gut/cli/gut_cli.gd:238)
       [9] main (res://addons/gut/cli/gut_cli.gd:284)
       [10] _init (res://addons/gut/gut_cmdln.gd:39)
SCRIPT ERROR: Parse Error: Static function "info()" not found in base "GDScriptNativeClass".
   at: GDScript::reload (res://scripts/save/game_save_manager.gd:34)
   GDScript backtrace (most recent call first):
       [0] load_script_using_custom_warnings (res://addons/gut/warnings_manager.gd:159)
       [1] _parse_script (res://addons/gut/test_collector.gd:76)
       [2] add_script (res://addons/gut/test_collector.gd:127)
       [3] add_script (res://addons/gut/gut.gd:1050)
       [4] add_directory (res://addons/gut/gut.gd:1073)
       [5] _apply_options (res://addons/gut/gut_config.gd:136)
       [6] apply_options (res://addons/gut/gut_config.gd:207)
       [7] run_tests (res://addons/gut/gui/GutRunner.gd:191)
       [8] _run_tests (res://addons/gut/cli/gut_cli.gd:238)
       [9] main (res://addons/gut/cli/gut_cli.gd:284)
       [10] _init (res://addons/gut/gut_cmdln.gd:39)
SCRIPT ERROR: Parse Error: Static function "warn()" not found in base "GDScriptNativeClass".
   at: GDScript::reload (res://scripts/save/game_save_manager.gd:36)
   GDScript backtrace (most recent call first):
       [0] load_script_using_custom_warnings (res://addons/gut/warnings_manager.gd:159)
       [1] _parse_script (res://addons/gut/test_collector.gd:76)
       [2] add_script (res://addons/gut/test_collector.gd:127)
       [3] add_script (res://addons/gut/gut.gd:1050)
       [4] add_directory (res://addons/gut/gut.gd:1073)
       [5] _apply_options (res://addons/gut/gut_config.gd:136)
       [6] apply_options (res://addons/gut/gut_config.gd:207)
       [7] run_tests (res://addons/gut/gui/GutRunner.gd:191)
       [8] _run_tests (res://addons/gut/cli/gut_cli.gd:238)
       [9] main (res://addons/gut/cli/gut_cli.gd:284)
       [10] _init (res://addons/gut/gut_cmdln.gd:39)
SCRIPT ERROR: Parse Error: Static function "info()" not found in base "GDScriptNativeClass".
   at: GDScript::reload (res://scripts/save/game_save_manager.gd:40)
   GDScript backtrace (most recent call first):
       [0] load_script_using_custom_warnings (res://addons/gut/warnings_manager.gd:159)
       [1] _parse_script (res://addons/gut/test_collector.gd:76)
       [2] add_script (res://addons/gut/test_collector.gd:127)
       [3] add_script (res://addons/gut/gut.gd:1050)
       [4] add_directory (res://addons/gut/gut.gd:1073)
       [5] _apply_options (res://addons/gut/gut_config.gd:136)
       [6] apply_options (res://addons/gut/gut_config.gd:207)
       [7] run_tests (res://addons/gut/gui/GutRunner.gd:191)
       [8] _run_tests (res://addons/gut/cli/gut_cli.gd:238)
       [9] main (res://addons/gut/cli/gut_cli.gd:284)
       [10] _init (res://addons/gut/gut_cmdln.gd:39)
SCRIPT ERROR: Parse Error: Static function "warn()" not found in base "GDScriptNativeClass".
   at: GDScript::reload (res://scripts/save/game_save_manager.gd:42)
   GDScript backtrace (most recent call first):
       [0] load_script_using_custom_warnings (res://addons/gut/warnings_manager.gd:159)
       [1] _parse_script (res://addons/gut/test_collector.gd:76)
       [2] add_script (res://addons/gut/test_collector.gd:127)
       [3] add_script (res://addons/gut/gut.gd:1050)
       [4] add_directory (res://addons/gut/gut.gd:1073)
       [5] _apply_options (res://addons/gut/gut_config.gd:136)
       [6] apply_options (res://addons/gut/gut_config.gd:207)
       [7] run_tests (res://addons/gut/gui/GutRunner.gd:191)
       [8] _run_tests (res://addons/gut/cli/gut_cli.gd:238)
       [9] main (res://addons/gut/cli/gut_cli.gd:284)
       [10] _init (res://addons/gut/gut_cmdln.gd:39)
SCRIPT ERROR: Parse Error: Static function "warn()" not found in base "GDScriptNativeClass".
   at: GDScript::reload (res://scripts/save/game_save_manager.gd:53)
   GDScript backtrace (most recent call first):
       [0] load_script_using_custom_warnings (res://addons/gut/warnings_manager.gd:159)
       [1] _parse_script (res://addons/gut/test_collector.gd:76)
       [2] add_script (res://addons/gut/test_collector.gd:127)
       [3] add_script (res://addons/gut/gut.gd:1050)
       [4] add_directory (res://addons/gut/gut.gd:1073)
       [5] _apply_options (res://addons/gut/gut_config.gd:136)
       [6] apply_options (res://addons/gut/gut_config.gd:207)
       [7] run_tests (res://addons/gut/gui/GutRunner.gd:191)
       [8] _run_tests (res://addons/gut/cli/gut_cli.gd:238)
       [9] main (res://addons/gut/cli/gut_cli.gd:284)
       [10] _init (res://addons/gut/gut_cmdln.gd:39)
SCRIPT ERROR: Parse Error: Static function "warn()" not found in base "GDScriptNativeClass".
   at: GDScript::reload (res://scripts/save/game_save_manager.gd:129)
   GDScript backtrace (most recent call first):
       [0] load_script_using_custom_warnings (res://addons/gut/warnings_manager.gd:159)
       [1] _parse_script (res://addons/gut/test_collector.gd:76)
       [2] add_script (res://addons/gut/test_collector.gd:127)
       [3] add_script (res://addons/gut/gut.gd:1050)
       [4] add_directory (res://addons/gut/gut.gd:1073)
       [5] _apply_options (res://addons/gut/gut_config.gd:136)
       [6] apply_options (res://addons/gut/gut_config.gd:207)
       [7] run_tests (res://addons/gut/gui/GutRunner.gd:191)
       [8] _run_tests (res://addons/gut/cli/gut_cli.gd:238)
       [9] main (res://addons/gut/cli/gut_cli.gd:284)
       [10] _init (res://addons/gut/gut_cmdln.gd:39)
SCRIPT ERROR: Parse Error: Static function "error()" not found in base "GDScriptNativeClass".
   at: GDScript::reload (res://scripts/save/game_save_manager.gd:136)
   GDScript backtrace (most recent call first):
       [0] load_script_using_custom_warnings (res://addons/gut/warnings_manager.gd:159)
       [1] _parse_script (res://addons/gut/test_collector.gd:76)
       [2] add_script (res://addons/gut/test_collector.gd:127)
       [3] add_script (res://addons/gut/gut.gd:1050)
       [4] add_directory (res://addons/gut/gut.gd:1073)
       [5] _apply_options (res://addons/gut/gut_config.gd:136)
       [6] apply_options (res://addons/gut/gut_config.gd:207)
       [7] run_tests (res://addons/gut/gui/GutRunner.gd:191)
       [8] _run_tests (res://addons/gut/cli/gut_cli.gd:238)
       [9] main (res://addons/gut/cli/gut_cli.gd:284)
       [10] _init (res://addons/gut/gut_cmdln.gd:39)
SCRIPT ERROR: Parse Error: Static function "error()" not found in base "GDScriptNativeClass".
   at: GDScript::reload (res://scripts/save/game_save_manager.gd:146)
   GDScript backtrace (most recent call first):
       [0] load_script_using_custom_warnings (res://addons/gut/warnings_manager.gd:159)
       [1] _parse_script (res://addons/gut/test_collector.gd:76)
       [2] add_script (res://addons/gut/test_collector.gd:127)
       [3] add_script (res://addons/gut/gut.gd:1050)
       [4] add_directory (res://addons/gut/gut.gd:1073)
       [5] _apply_options (res://addons/gut/gut_config.gd:136)
       [6] apply_options (res://addons/gut/gut_config.gd:207)
       [7] run_tests (res://addons/gut/gui/GutRunner.gd:191)
       [8] _run_tests (res://addons/gut/cli/gut_cli.gd:238)
       [9] main (res://addons/gut/cli/gut_cli.gd:284)
       [10] _init (res://addons/gut/gut_cmdln.gd:39)
SCRIPT ERROR: Parse Error: Static function "warn()" not found in base "GDScriptNativeClass".
   at: GDScript::reload (res://scripts/save/game_save_manager.gd:154)
   GDScript backtrace (most recent call first):
       [0] load_script_using_custom_warnings (res://addons/gut/warnings_manager.gd:159)
       [1] _parse_script (res://addons/gut/test_collector.gd:76)
       [2] add_script (res://addons/gut/test_collector.gd:127)
       [3] add_script (res://addons/gut/gut.gd:1050)
       [4] add_directory (res://addons/gut/gut.gd:1073)
       [5] _apply_options (res://addons/gut/gut_config.gd:136)
       [6] apply_options (res://addons/gut/gut_config.gd:207)
       [7] run_tests (res://addons/gut/gui/GutRunner.gd:191)
       [8] _run_tests (res://addons/gut/cli/gut_cli.gd:238)
       [9] main (res://addons/gut/cli/gut_cli.gd:284)
       [10] _init (res://addons/gut/gut_cmdln.gd:39)
SCRIPT ERROR: Compile Error: Failed to compile depended scripts.
   at: GDScript::reload (res://tests/test_game_save_manager.gd:0)
   GDScript backtrace (most recent call first):
       [0] load_script_using_custom_warnings (res://addons/gut/warnings_manager.gd:159)
       [1] _parse_script (res://addons/gut/test_collector.gd:76)
       [2] add_script (res://addons/gut/test_collector.gd:127)
       [3] add_script (res://addons/gut/gut.gd:1050)
       [4] add_directory (res://addons/gut/gut.gd:1073)
       [5] _apply_options (res://addons/gut/gut_config.gd:136)
       [6] apply_options (res://addons/gut/gut_config.gd:207)
       [7] run_tests (res://addons/gut/gui/GutRunner.gd:191)
       [8] _run_tests (res://addons/gut/cli/gut_cli.gd:238)
       [9] main (res://addons/gut/cli/gut_cli.gd:284)
       [10] _init (res://addons/gut/gut_cmdln.gd:39)
ERROR: Failed to load script "res://tests/test_game_save_manager.gd" with error "Compilation failed".
   at: load (modules/gdscript/gdscript.cpp:3041)
   GDScript backtrace (most recent call first):
       [0] load_script_using_custom_warnings (res://addons/gut/warnings_manager.gd:159)
       [1] _parse_script (res://addons/gut/test_collector.gd:76)
       [2] add_script (res://addons/gut/test_collector.gd:127)
       [3] add_script (res://addons/gut/gut.gd:1050)
       [4] add_directory (res://addons/gut/gut.gd:1073)
       [5] _apply_options (res://addons/gut/gut_config.gd:136)
       [6] apply_options (res://addons/gut/gut_config.gd:207)
       [7] run_tests (res://addons/gut/gui/GutRunner.gd:191)
       [8] _run_tests (res://addons/gut/cli/gut_cli.gd:238)
       [9] main (res://addons/gut/cli/gut_cli.gd:284)
       [10] _init (res://addons/gut/gut_cmdln.gd:39)
SCRIPT ERROR: Parse Error: Static function "debug()" not found in base "GDScriptNativeClass".
   at: GDScript::reload (res://scripts/map/interaction.gd:69)
   GDScript backtrace (most recent call first):
       [0] load_script_using_custom_warnings (res://addons/gut/warnings_manager.gd:159)
       [1] _parse_script (res://addons/gut/test_collector.gd:76)
       [2] add_script (res://addons/gut/test_collector.gd:127)
       [3] add_script (res://addons/gut/gut.gd:1050)
       [4] add_directory (res://addons/gut/gut.gd:1073)
       [5] _apply_options (res://addons/gut/gut_config.gd:136)
       [6] apply_options (res://addons/gut/gut_config.gd:207)
       [7] run_tests (res://addons/gut/gui/GutRunner.gd:191)
       [8] _run_tests (res://addons/gut/cli/gut_cli.gd:238)
       [9] main (res://addons/gut/cli/gut_cli.gd:284)
       [10] _init (res://addons/gut/gut_cmdln.gd:39)
SCRIPT ERROR: Compile Error: Failed to compile depended scripts.
   at: GDScript::reload (res://tests/test_interaction_tracker.gd:0)
   GDScript backtrace (most recent call first):
       [0] load_script_using_custom_warnings (res://addons/gut/warnings_manager.gd:159)
       [1] _parse_script (res://addons/gut/test_collector.gd:76)
       [2] add_script (res://addons/gut/test_collector.gd:127)
       [3] add_script (res://addons/gut/gut.gd:1050)
       [4] add_directory (res://addons/gut/gut.gd:1073)
       [5] _apply_options (res://addons/gut/gut_config.gd:136)
       [6] apply_options (res://addons/gut/gut_config.gd:207)
       [7] run_tests (res://addons/gut/gui/GutRunner.gd:191)
       [8] _run_tests (res://addons/gut/cli/gut_cli.gd:238)
       [9] main (res://addons/gut/cli/gut_cli.gd:284)
       [10] _init (res://addons/gut/gut_cmdln.gd:39)
ERROR: Failed to load script "res://tests/test_interaction_tracker.gd" with error "Compilation failed".
   at: load (modules/gdscript/gdscript.cpp:3041)
   GDScript backtrace (most recent call first):
       [0] load_script_using_custom_warnings (res://addons/gut/warnings_manager.gd:159)
       [1] _parse_script (res://addons/gut/test_collector.gd:76)
       [2] add_script (res://addons/gut/test_collector.gd:127)
       [3] add_script (res://addons/gut/gut.gd:1050)
       [4] add_directory (res://addons/gut/gut.gd:1073)
       [5] _apply_options (res://addons/gut/gut_config.gd:136)
       [6] apply_options (res://addons/gut/gut_config.gd:207)
       [7] run_tests (res://addons/gut/gui/GutRunner.gd:191)
       [8] _run_tests (res://addons/gut/cli/gut_cli.gd:238)
       [9] main (res://addons/gut/cli/gut_cli.gd:284)
       [10] _init (res://addons/gut/gut_cmdln.gd:39)
SCRIPT ERROR: Parse Error: Static function "warn()" not found in base "GDScriptNativeClass".
   at: GDScript::reload (res://scripts/save/modifier_serializer.gd:113)
   GDScript backtrace (most recent call first):
       [0] load_script_using_custom_warnings (res://addons/gut/warnings_manager.gd:159)
       [1] _parse_script (res://addons/gut/test_collector.gd:76)
       [2] add_script (res://addons/gut/test_collector.gd:127)
       [3] add_script (res://addons/gut/gut.gd:1050)
       [4] add_directory (res://addons/gut/gut.gd:1073)
       [5] _apply_options (res://addons/gut/gut_config.gd:136)
       [6] apply_options (res://addons/gut/gut_config.gd:207)
       [7] run_tests (res://addons/gut/gui/GutRunner.gd:191)
       [8] _run_tests (res://addons/gut/cli/gut_cli.gd:238)
       [9] main (res://addons/gut/cli/gut_cli.gd:284)
       [10] _init (res://addons/gut/gut_cmdln.gd:39)
SCRIPT ERROR: Compile Error: Failed to compile depended scripts.
   at: GDScript::reload (res://tests/test_modifier_serializer.gd:0)
   GDScript backtrace (most recent call first):
       [0] load_script_using_custom_warnings (res://addons/gut/warnings_manager.gd:159)
       [1] _parse_script (res://addons/gut/test_collector.gd:76)
       [2] add_script (res://addons/gut/test_collector.gd:127)
       [3] add_script (res://addons/gut/gut.gd:1050)
       [4] add_directory (res://addons/gut/gut.gd:1073)
       [5] _apply_options (res://addons/gut/gut_config.gd:136)
       [6] apply_options (res://addons/gut/gut_config.gd:207)
       [7] run_tests (res://addons/gut/gui/GutRunner.gd:191)
       [8] _run_tests (res://addons/gut/cli/gut_cli.gd:238)
       [9] main (res://addons/gut/cli/gut_cli.gd:284)
       [10] _init (res://addons/gut/gut_cmdln.gd:39)
ERROR: Failed to load script "res://tests/test_modifier_serializer.gd" with error "Compilation failed".
   at: load (modules/gdscript/gdscript.cpp:3041)
   GDScript backtrace (most recent call first):
       [0] load_script_using_custom_warnings (res://addons/gut/warnings_manager.gd:159)
       [1] _parse_script (res://addons/gut/test_collector.gd:76)
       [2] add_script (res://addons/gut/test_collector.gd:127)
       [3] add_script (res://addons/gut/gut.gd:1050)
       [4] add_directory (res://addons/gut/gut.gd:1073)
       [5] _apply_options (res://addons/gut/gut_config.gd:136)
       [6] apply_options (res://addons/gut/gut_config.gd:207)
       [7] run_tests (res://addons/gut/gui/GutRunner.gd:191)
       [8] _run_tests (res://addons/gut/cli/gut_cli.gd:238)
       [9] main (res://addons/gut/cli/gut_cli.gd:284)
       [10] _init (res://addons/gut/gut_cmdln.gd:39)
SCRIPT ERROR: Parse Error: Invalid argument for "_count_bonus_targets()" function: argument 2 should be "TacticBonus" 
but is "Dictionary".
   at: GDScript::reload (res://tests/test_tactic_cards.gd:265)
   GDScript backtrace (most recent call first):
       [0] load_script_using_custom_warnings (res://addons/gut/warnings_manager.gd:159)
       [1] _parse_script (res://addons/gut/test_collector.gd:76)
       [2] add_script (res://addons/gut/test_collector.gd:127)
       [3] add_script (res://addons/gut/gut.gd:1050)
       [4] add_directory (res://addons/gut/gut.gd:1073)
       [5] _apply_options (res://addons/gut/gut_config.gd:136)
       [6] apply_options (res://addons/gut/gut_config.gd:207)
       [7] run_tests (res://addons/gut/gui/GutRunner.gd:191)
       [8] _run_tests (res://addons/gut/cli/gut_cli.gd:238)
       [9] main (res://addons/gut/cli/gut_cli.gd:284)
       [10] _init (res://addons/gut/gut_cmdln.gd:39)
SCRIPT ERROR: Parse Error: Cannot infer the type of "bonus" variable because the value doesn't have a set type.
   at: GDScript::reload (res://tests/test_tactic_cards.gd:485)
   GDScript backtrace (most recent call first):
       [0] load_script_using_custom_warnings (res://addons/gut/warnings_manager.gd:159)
       [1] _parse_script (res://addons/gut/test_collector.gd:76)
       [2] add_script (res://addons/gut/test_collector.gd:127)
       [3] add_script (res://addons/gut/gut.gd:1050)
       [4] add_directory (res://addons/gut/gut.gd:1073)
       [5] _apply_options (res://addons/gut/gut_config.gd:136)
       [6] apply_options (res://addons/gut/gut_config.gd:207)
       [7] run_tests (res://addons/gut/gui/GutRunner.gd:191)
       [8] _run_tests (res://addons/gut/cli/gut_cli.gd:238)
       [9] main (res://addons/gut/cli/gut_cli.gd:284)
       [10] _init (res://addons/gut/gut_cmdln.gd:39)
SCRIPT ERROR: Parse Error: Cannot infer the type of "bonus" variable because the value doesn't have a set type.
   at: GDScript::reload (res://tests/test_tactic_cards.gd:520)
   GDScript backtrace (most recent call first):
       [0] load_script_using_custom_warnings (res://addons/gut/warnings_manager.gd:159)
       [1] _parse_script (res://addons/gut/test_collector.gd:76)
       [2] add_script (res://addons/gut/test_collector.gd:127)
       [3] add_script (res://addons/gut/gut.gd:1050)
       [4] add_directory (res://addons/gut/gut.gd:1073)
       [5] _apply_options (res://addons/gut/gut_config.gd:136)
       [6] apply_options (res://addons/gut/gut_config.gd:207)
       [7] run_tests (res://addons/gut/gui/GutRunner.gd:191)
       [8] _run_tests (res://addons/gut/cli/gut_cli.gd:238)
       [9] main (res://addons/gut/cli/gut_cli.gd:284)
       [10] _init (res://addons/gut/gut_cmdln.gd:39)
ERROR: Failed to load script "res://tests/test_tactic_cards.gd" with error "Parse error".
   at: load (modules/gdscript/gdscript.cpp:3041)
   GDScript backtrace (most recent call first):
       [0] load_script_using_custom_warnings (res://addons/gut/warnings_manager.gd:159)
       [1] _parse_script (res://addons/gut/test_collector.gd:76)
       [2] add_script (res://addons/gut/test_collector.gd:127)
       [3] add_script (res://addons/gut/gut.gd:1050)
       [4] add_directory (res://addons/gut/gut.gd:1073)
       [5] _apply_options (res://addons/gut/gut_config.gd:136)
       [6] apply_options (res://addons/gut/gut_config.gd:207)
       [7] run_tests (res://addons/gut/gui/GutRunner.gd:191)
       [8] _run_tests (res://addons/gut/cli/gut_cli.gd:238)
       [9] main (res://addons/gut/cli/gut_cli.gd:284)
       [10] _init (res://addons/gut/gut_cmdln.gd:39)
[33m[WARNING]:  [0mIgnoring script res://tests/test_tactic_cards.gd because it does not extend GutTest
SCRIPT ERROR: Parse Error: Static function "debug()" not found in base "GDScriptNativeClass".
   at: GDScript::reload (res://scripts/world_gen/world_generator.gd:38)
   GDScript backtrace (most recent call first):
       [0] load_script_using_custom_warnings (res://addons/gut/warnings_manager.gd:159)
       [1] _parse_script (res://addons/gut/test_collector.gd:76)
       [2] add_script (res://addons/gut/test_collector.gd:127)
       [3] add_script (res://addons/gut/gut.gd:1050)
       [4] add_directory (res://addons/gut/gut.gd:1073)
       [5] _apply_options (res://addons/gut/gut_config.gd:136)
       [6] apply_options (res://addons/gut/gut_config.gd:207)
       [7] run_tests (res://addons/gut/gui/GutRunner.gd:191)
       [8] _run_tests (res://addons/gut/cli/gut_cli.gd:238)
       [9] main (res://addons/gut/cli/gut_cli.gd:284)
       [10] _init (res://addons/gut/gut_cmdln.gd:39)
SCRIPT ERROR: Parse Error: Static function "debug()" not found in base "GDScriptNativeClass".
   at: GDScript::reload (res://scripts/world_gen/world_generator.gd:82)
   GDScript backtrace (most recent call first):
       [0] load_script_using_custom_warnings (res://addons/gut/warnings_manager.gd:159)
       [1] _parse_script (res://addons/gut/test_collector.gd:76)
       [2] add_script (res://addons/gut/test_collector.gd:127)
       [3] add_script (res://addons/gut/gut.gd:1050)
       [4] add_directory (res://addons/gut/gut.gd:1073)
       [5] _apply_options (res://addons/gut/gut_config.gd:136)
       [6] apply_options (res://addons/gut/gut_config.gd:207)
       [7] run_tests (res://addons/gut/gui/GutRunner.gd:191)
       [8] _run_tests (res://addons/gut/cli/gut_cli.gd:238)
       [9] main (res://addons/gut/cli/gut_cli.gd:284)
       [10] _init (res://addons/gut/gut_cmdln.gd:39)
SCRIPT ERROR: Parse Error: Static function "debug()" not found in base "GDScriptNativeClass".
   at: GDScript::reload (res://scripts/world_gen/world_generator.gd:88)
   GDScript backtrace (most recent call first):
       [0] load_script_using_custom_warnings (res://addons/gut/warnings_manager.gd:159)
       [1] _parse_script (res://addons/gut/test_collector.gd:76)
       [2] add_script (res://addons/gut/test_collector.gd:127)
       [3] add_script (res://addons/gut/gut.gd:1050)
       [4] add_directory (res://addons/gut/gut.gd:1073)
       [5] _apply_options (res://addons/gut/gut_config.gd:136)
       [6] apply_options (res://addons/gut/gut_config.gd:207)
       [7] run_tests (res://addons/gut/gui/GutRunner.gd:191)
       [8] _run_tests (res://addons/gut/cli/gut_cli.gd:238)
       [9] main (res://addons/gut/cli/gut_cli.gd:284)
       [10] _init (res://addons/gut/gut_cmdln.gd:39)
SCRIPT ERROR: Parse Error: Static function "debug()" not found in base "GDScriptNativeClass".
   at: GDScript::reload (res://scripts/world_gen/world_generator.gd:91)
   GDScript backtrace (most recent call first):
       [0] load_script_using_custom_warnings (res://addons/gut/warnings_manager.gd:159)
       [1] _parse_script (res://addons/gut/test_collector.gd:76)
       [2] add_script (res://addons/gut/test_collector.gd:127)
       [3] add_script (res://addons/gut/gut.gd:1050)
       [4] add_directory (res://addons/gut/gut.gd:1073)
       [5] _apply_options (res://addons/gut/gut_config.gd:136)
       [6] apply_options (res://addons/gut/gut_config.gd:207)
       [7] run_tests (res://addons/gut/gui/GutRunner.gd:191)
       [8] _run_tests (res://addons/gut/cli/gut_cli.gd:238)
       [9] main (res://addons/gut/cli/gut_cli.gd:284)
       [10] _init (res://addons/gut/gut_cmdln.gd:39)
SCRIPT ERROR: Parse Error: Static function "info()" not found in base "GDScriptNativeClass".
   at: GDScript::reload (res://scripts/world_gen/world_generator.gd:98)
   GDScript backtrace (most recent call first):
       [0] load_script_using_custom_warnings (res://addons/gut/warnings_manager.gd:159)
       [1] _parse_script (res://addons/gut/test_collector.gd:76)
       [2] add_script (res://addons/gut/test_collector.gd:127)
       [3] add_script (res://addons/gut/gut.gd:1050)
       [4] add_directory (res://addons/gut/gut.gd:1073)
       [5] _apply_options (res://addons/gut/gut_config.gd:136)
       [6] apply_options (res://addons/gut/gut_config.gd:207)
       [7] run_tests (res://addons/gut/gui/GutRunner.gd:191)
       [8] _run_tests (res://addons/gut/cli/gut_cli.gd:238)
       [9] main (res://addons/gut/cli/gut_cli.gd:284)
       [10] _init (res://addons/gut/gut_cmdln.gd:39)
SCRIPT ERROR: Compile Error: Failed to compile depended scripts.
   at: GDScript::reload (res://tests/test_world_generator.gd:0)
   GDScript backtrace (most recent call first):
       [0] load_script_using_custom_warnings (res://addons/gut/warnings_manager.gd:159)
       [1] _parse_script (res://addons/gut/test_collector.gd:76)
       [2] add_script (res://addons/gut/test_collector.gd:127)
       [3] add_script (res://addons/gut/gut.gd:1050)
       [4] add_directory (res://addons/gut/gut.gd:1073)
       [5] _apply_options (res://addons/gut/gut_config.gd:136)
       [6] apply_options (res://addons/gut/gut_config.gd:207)
       [7] run_tests (res://addons/gut/gui/GutRunner.gd:191)
       [8] _run_tests (res://addons/gut/cli/gut_cli.gd:238)
       [9] main (res://addons/gut/cli/gut_cli.gd:284)
       [10] _init (res://addons/gut/gut_cmdln.gd:39)
ERROR: Failed to load script "res://tests/test_world_generator.gd" with error "Compilation failed".
   at: load (modules/gdscript/gdscript.cpp:3041)
   GDScript backtrace (most recent call first):
       [0] load_script_using_custom_warnings (res://addons/gut/warnings_manager.gd:159)
       [1] _parse_script (res://addons/gut/test_collector.gd:76)
       [2] add_script (res://addons/gut/test_collector.gd:127)
       [3] add_script (res://addons/gut/gut.gd:1050)
       [4] add_directory (res://addons/gut/gut.gd:1073)
       [5] _apply_options (res://addons/gut/gut_config.gd:136)
       [6] apply_options (res://addons/gut/gut_config.gd:207)
       [7] run_tests (res://addons/gut/gui/GutRunner.gd:191)
       [8] _run_tests (res://addons/gut/cli/gut_cli.gd:238)
       [9] main (res://addons/gut/cli/gut_cli.gd:284)
       [10] _init (res://addons/gut/gut_cmdln.gd:39)
ERROR: Condition "p_logger.is_null()" is true.
   at: add_logger (core/core_bind.cpp:704)
   GDScript backtrace (most recent call first):
       [0] register_logger (res://addons/gut/error_tracker.gd:14)
       [1] run_tests (res://addons/gut/gui/GutRunner.gd:193)
       [2] _run_tests (res://addons/gut/cli/gut_cli.gd:238)
       [3] main (res://addons/gut/cli/gut_cli.gd:284)
       [4] _init (res://addons/gut/gut_cmdln.gd:39)
[4m

res://tests/test_add_card_to_deck_effect.gd
[0m* test_apply_effect_adds_card_to_discard_pile
* test_apply_effect_duplicates_the_card
* test_apply_effect_with_null_card_is_safe
* test_apply_effect_with_null_stats_is_safe
* test_apply_effect_multiple_times_adds_multiple_cards
* test_remove_effect_is_noop
* test_should_reapply_on_load_returns_false
* test_first_only_triggers_when_no_other_instance
* test_first_only_skips_when_another_instance_exists
* test_first_only_false_always_triggers
* test_first_only_with_different_named_buildings_still_triggers
[1m11/11 passed.
[0m[4m

res://tests/test_ai_action_feedback.gd
[0m* test_floating_label_spawns_when_card_played_with_tile
* test_no_floating_label_when_anchor_tile_null
* test_no_floating_label_when_card_or_empire_null
* test_log_appends_one_line_per_event
* test_log_respects_max_lines
* test_log_describes_building_from_payload
* test_log_describes_troop_from_payload
[1m7/7 passed.
[0m[4m

res://tests/test_ai_controller.gd
[0m* test_turn_emits_turn_finished_signal
SCRIPT ERROR: Invalid call. Nonexistent function 'new' in base 'GDScript'.
   at: _spawn_ai (res://tests/test_ai_controller.gd:70)
   GDScript backtrace (most recent call first):
       [0] _spawn_ai (res://tests/test_ai_controller.gd:70)
       [1] test_turn_emits_turn_finished_signal (res://tests/test_ai_controller.gd:118)
       [2] _run_test (res://addons/gut/gut.gd:612)
       [3] _test_the_scripts (res://addons/gut/gut.gd:815)
       [4] _run_test (res://addons/gut/gut.gd:640)
       [5] test_log_describes_troop_from_payload (res://tests/test_ai_action_feedback.gd:182)
SCRIPT ERROR: Invalid call. Nonexistent function 'get_signal_list' in base 'Nil'.
   at: watch_signals (res://addons/gut/signal_watcher.gd:123)
   GDScript backtrace (most recent call first):
       [0] watch_signals (res://addons/gut/signal_watcher.gd:123)
       [1] watch_signals (res://addons/gut/test.gd:542)
       [2] test_turn_emits_turn_finished_signal (res://tests/test_ai_controller.gd:119)
       [3] _run_test (res://addons/gut/gut.gd:612)
       [4] _test_the_scripts (res://addons/gut/gut.gd:815)
       [5] _run_test (res://addons/gut/gut.gd:640)
       [6] test_log_describes_troop_from_payload (res://tests/test_ai_action_feedback.gd:182)
SCRIPT ERROR: Invalid call. Nonexistent function 'start_turn' in base 'Nil'.
   at: _run_ai_turn (res://tests/test_ai_controller.gd:89)
   GDScript backtrace (most recent call first):
       [0] _run_ai_turn (res://tests/test_ai_controller.gd:89)
       [1] test_turn_emits_turn_finished_signal (res://tests/test_ai_controller.gd:121)
       [2] _run_test (res://addons/gut/gut.gd:612)
       [3] _test_the_scripts (res://addons/gut/gut.gd:815)
       [4] _run_test (res://addons/gut/gut.gd:640)
       [5] test_log_describes_troop_from_payload (res://tests/test_ai_action_feedback.gd:182)
SCRIPT ERROR: Invalid call. Nonexistent function 'get' in base 'Nil'.
   at: SignalAssertParameters._init (res://addons/gut/test.gd:51)
   GDScript backtrace (most recent call first):
       [0] _init (res://addons/gut/test.gd:51)
       [1] assert_signal_emit_count (res://addons/gut/test.gd:1621)
       [2] test_turn_emits_turn_finished_signal (res://tests/test_ai_controller.gd:123)
       [3] _run_test (res://addons/gut/gut.gd:612)
       [4] _test_the_scripts (res://addons/gut/gut.gd:815)
       [5] _run_test (res://addons/gut/gut.gd:640)
       [6] test_log_describes_troop_from_payload (res://tests/test_ai_action_feedback.gd:182)
[31m    [Failed]:  [0mCannot make signal assertions because the object <null> is not being watched.  Call watch_signals(some_object) to be able to make assertions about signals.
      at line 123
* test_played_gold_card_increases_total_gold
SCRIPT ERROR: Invalid call. Nonexistent function 'new' in base 'GDScript'.
   at: _spawn_ai (res://tests/test_ai_controller.gd:70)
   GDScript backtrace (most recent call first):
       [0] _spawn_ai (res://tests/test_ai_controller.gd:70)
       [1] test_played_gold_card_increases_total_gold (res://tests/test_ai_controller.gd:130)
       [2] _run_test (res://addons/gut/gut.gd:612)
       [3] _test_the_scripts (res://addons/gut/gut.gd:815)
       [4] _run_test (res://addons/gut/gut.gd:640)
       [5] test_log_describes_troop_from_payload (res://tests/test_ai_action_feedback.gd:182)
SCRIPT ERROR: Invalid assignment of property or key 'max_iterations' with value of type 'int' on a base object of type 
'Nil'.
   at: test_played_gold_card_increases_total_gold (res://tests/test_ai_controller.gd:131)
   GDScript backtrace (most recent call first):
       [0] test_played_gold_card_increases_total_gold (res://tests/test_ai_controller.gd:131)
       [1] _run_test (res://addons/gut/gut.gd:612)
       [2] _test_the_scripts (res://addons/gut/gut.gd:815)
       [3] _run_test (res://addons/gut/gut.gd:640)
       [4] test_log_describes_troop_from_payload (res://tests/test_ai_action_feedback.gd:182)
[33m    [Risky]:  [0mtest_played_gold_card_increases_total_gold did not assert
* test_seeded_rng_produces_same_outcome_twice
SCRIPT ERROR: Invalid call. Nonexistent function 'new' in base 'GDScript'.
   at: _spawn_ai (res://tests/test_ai_controller.gd:70)
   GDScript backtrace (most recent call first):
       [0] _spawn_ai (res://tests/test_ai_controller.gd:70)
       [1] test_seeded_rng_produces_same_outcome_twice (res://tests/test_ai_controller.gd:155)
       [2] _run_test (res://addons/gut/gut.gd:612)
       [3] _test_the_scripts (res://addons/gut/gut.gd:815)
       [4] _run_test (res://addons/gut/gut.gd:640)
       [5] test_log_describes_troop_from_payload (res://tests/test_ai_action_feedback.gd:182)
SCRIPT ERROR: Invalid call. Nonexistent function 'new' in base 'GDScript'.
   at: _spawn_ai (res://tests/test_ai_controller.gd:70)
   GDScript backtrace (most recent call first):
       [0] _spawn_ai (res://tests/test_ai_controller.gd:70)
       [1] test_seeded_rng_produces_same_outcome_twice (res://tests/test_ai_controller.gd:156)
       [2] _run_test (res://addons/gut/gut.gd:612)
       [3] _test_the_scripts (res://addons/gut/gut.gd:815)
       [4] _run_test (res://addons/gut/gut.gd:640)
       [5] test_log_describes_troop_from_payload (res://tests/test_ai_action_feedback.gd:182)
SCRIPT ERROR: Invalid call. Nonexistent function 'start_turn' in base 'Nil'.
   at: _run_ai_turn (res://tests/test_ai_controller.gd:89)
   GDScript backtrace (most recent call first):
       [0] _run_ai_turn (res://tests/test_ai_controller.gd:89)
       [1] test_seeded_rng_produces_same_outcome_twice (res://tests/test_ai_controller.gd:158)
       [2] _run_test (res://addons/gut/gut.gd:612)
       [3] _test_the_scripts (res://addons/gut/gut.gd:815)
       [4] _run_test (res://addons/gut/gut.gd:640)
       [5] test_log_describes_troop_from_payload (res://tests/test_ai_action_feedback.gd:182)
SCRIPT ERROR: Invalid call. Nonexistent function 'start_turn' in base 'Nil'.
   at: _run_ai_turn (res://tests/test_ai_controller.gd:89)
   GDScript backtrace (most recent call first):
       [0] _run_ai_turn (res://tests/test_ai_controller.gd:89)
       [1] test_seeded_rng_produces_same_outcome_twice (res://tests/test_ai_controller.gd:159)
       [2] _run_test (res://addons/gut/gut.gd:612)
       [3] _test_the_scripts (res://addons/gut/gut.gd:815)
       [4] _run_test (res://addons/gut/gut.gd:640)
       [5] test_log_describes_troop_from_payload (res://tests/test_ai_action_feedback.gd:182)
* test_no_playable_options_only_pass_is_chosen
SCRIPT ERROR: Invalid call. Nonexistent function 'new' in base 'GDScript'.
   at: _spawn_ai (res://tests/test_ai_controller.gd:70)
   GDScript backtrace (most recent call first):
       [0] _spawn_ai (res://tests/test_ai_controller.gd:70)
       [1] test_no_playable_options_only_pass_is_chosen (res://tests/test_ai_controller.gd:179)
       [2] _run_test (res://addons/gut/gut.gd:612)
       [3] _test_the_scripts (res://addons/gut/gut.gd:815)
       [4] _run_test (res://addons/gut/gut.gd:640)
       [5] test_log_describes_troop_from_payload (res://tests/test_ai_action_feedback.gd:182)
SCRIPT ERROR: Invalid call. Nonexistent function 'start_turn' in base 'Nil'.
   at: _run_ai_turn (res://tests/test_ai_controller.gd:89)
   GDScript backtrace (most recent call first):
       [0] _run_ai_turn (res://tests/test_ai_controller.gd:89)
       [1] test_no_playable_options_only_pass_is_chosen (res://tests/test_ai_controller.gd:180)
       [2] _run_test (res://addons/gut/gut.gd:612)
       [3] _test_the_scripts (res://addons/gut/gut.gd:815)
       [4] _run_test (res://addons/gut/gut.gd:640)
       [5] test_log_describes_troop_from_payload (res://tests/test_ai_action_feedback.gd:182)
[31m    [Failed]:  [0m[0] expected to equal [2]:  Cartas no jugadas deben ir al discard
      at line 183
* test_unplayed_cards_go_to_discard_pile
SCRIPT ERROR: Invalid call. Nonexistent function 'new' in base 'GDScript'.
   at: _spawn_ai (res://tests/test_ai_controller.gd:70)
   GDScript backtrace (most recent call first):
       [0] _spawn_ai (res://tests/test_ai_controller.gd:70)
       [1] test_unplayed_cards_go_to_discard_pile (res://tests/test_ai_controller.gd:195)
       [2] _run_test (res://addons/gut/gut.gd:612)
       [3] _test_the_scripts (res://addons/gut/gut.gd:815)
       [4] _run_test (res://addons/gut/gut.gd:640)
       [5] test_log_describes_troop_from_payload (res://tests/test_ai_action_feedback.gd:182)
SCRIPT ERROR: Invalid call. Nonexistent function 'start_turn' in base 'Nil'.
   at: _run_ai_turn (res://tests/test_ai_controller.gd:89)
   GDScript backtrace (most recent call first):
       [0] _run_ai_turn (res://tests/test_ai_controller.gd:89)
       [1] test_unplayed_cards_go_to_discard_pile (res://tests/test_ai_controller.gd:196)
       [2] _run_test (res://addons/gut/gut.gd:612)
       [3] _test_the_scripts (res://addons/gut/gut.gd:815)
       [4] _run_test (res://addons/gut/gut.gd:640)
       [5] test_log_describes_troop_from_payload (res://tests/test_ai_action_feedback.gd:182)
[31m    [Failed]:  [0m[0] expected to equal [2]:  Las 2 cartas robadas deben terminar en discard (jugada o no)
      at line 198
* test_single_use_played_card_goes_to_played_pile
SCRIPT ERROR: Invalid call. Nonexistent function 'new' in base 'GDScript'.
   at: _spawn_ai (res://tests/test_ai_controller.gd:70)
   GDScript backtrace (most recent call first):
       [0] _spawn_ai (res://tests/test_ai_controller.gd:70)
       [1] test_single_use_played_card_goes_to_played_pile (res://tests/test_ai_controller.gd:217)
       [2] _run_test (res://addons/gut/gut.gd:612)
       [3] _test_the_scripts (res://addons/gut/gut.gd:815)
       [4] _run_test (res://addons/gut/gut.gd:640)
       [5] test_log_describes_troop_from_payload (res://tests/test_ai_action_feedback.gd:182)
SCRIPT ERROR: Invalid call. Nonexistent function 'start_turn' in base 'Nil'.
   at: _run_ai_turn (res://tests/test_ai_controller.gd:89)
   GDScript backtrace (most recent call first):
       [0] _run_ai_turn (res://tests/test_ai_controller.gd:89)
       [1] test_single_use_played_card_goes_to_played_pile (res://tests/test_ai_controller.gd:218)
       [2] _run_test (res://addons/gut/gut.gd:612)
       [3] _test_the_scripts (res://addons/gut/gut.gd:815)
       [4] _run_test (res://addons/gut/gut.gd:640)
       [5] test_log_describes_troop_from_payload (res://tests/test_ai_action_feedback.gd:182)
SCRIPT ERROR: Invalid call. Nonexistent function 'new' in base 'GDScript'.
   at: _spawn_ai (res://tests/test_ai_controller.gd:70)
   GDScript backtrace (most recent call first):
       [0] _spawn_ai (res://tests/test_ai_controller.gd:70)
       [1] test_single_use_played_card_goes_to_played_pile (res://tests/test_ai_controller.gd:217)
       [2] _run_test (res://addons/gut/gut.gd:612)
       [3] _test_the_scripts (res://addons/gut/gut.gd:815)
       [4] _run_test (res://addons/gut/gut.gd:640)
       [5] test_log_describes_troop_from_payload (res://tests/test_ai_action_feedback.gd:182)
SCRIPT ERROR: Invalid call. Nonexistent function 'start_turn' in base 'Nil'.
   at: _run_ai_turn (res://tests/test_ai_controller.gd:89)
   GDScript backtrace (most recent call first):
       [0] _run_ai_turn (res://tests/test_ai_controller.gd:89)
       [1] test_single_use_played_card_goes_to_played_pile (res://tests/test_ai_controller.gd:218)
       [2] _run_test (res://addons/gut/gut.gd:612)
       [3] _test_the_scripts (res://addons/gut/gut.gd:815)
       [4] _run_test (res://addons/gut/gut.gd:640)
       [5] test_log_describes_troop_from_payload (res://tests/test_ai_action_feedback.gd:182)
SCRIPT ERROR: Invalid call. Nonexistent function 'new' in base 'GDScript'.
   at: _spawn_ai (res://tests/test_ai_controller.gd:70)
   GDScript backtrace (most recent call first):
       [0] _spawn_ai (res://tests/test_ai_controller.gd:70)
       [1] test_single_use_played_card_goes_to_played_pile (res://tests/test_ai_controller.gd:217)
       [2] _run_test (res://addons/gut/gut.gd:612)
       [3] _test_the_scripts (res://addons/gut/gut.gd:815)
       [4] _run_test (res://addons/gut/gut.gd:640)
       [5] test_log_describes_troop_from_payload (res://tests/test_ai_action_feedback.gd:182)
SCRIPT ERROR: Invalid call. Nonexistent function 'start_turn' in base 'Nil'.
   at: _run_ai_turn (res://tests/test_ai_controller.gd:89)
   GDScript backtrace (most recent call first):
       [0] _run_ai_turn (res://tests/test_ai_controller.gd:89)
       [1] test_single_use_played_card_goes_to_played_pile (res://tests/test_ai_controller.gd:218)
       [2] _run_test (res://addons/gut/gut.gd:612)
       [3] _test_the_scripts (res://addons/gut/gut.gd:815)
       [4] _run_test (res://addons/gut/gut.gd:640)
       [5] test_log_describes_troop_from_payload (res://tests/test_ai_action_feedback.gd:182)
SCRIPT ERROR: Invalid call. Nonexistent function 'new' in base 'GDScript'.
   at: _spawn_ai (res://tests/test_ai_controller.gd:70)
   GDScript backtrace (most recent call first):
       [0] _spawn_ai (res://tests/test_ai_controller.gd:70)
       [1] test_single_use_played_card_goes_to_played_pile (res://tests/test_ai_controller.gd:217)
       [2] _run_test (res://addons/gut/gut.gd:612)
       [3] _test_the_scripts (res://addons/gut/gut.gd:815)
       [4] _run_test (res://addons/gut/gut.gd:640)
       [5] test_log_describes_troop_from_payload (res://tests/test_ai_action_feedback.gd:182)
SCRIPT ERROR: Invalid call. Nonexistent function 'start_turn' in base 'Nil'.
   at: _run_ai_turn (res://tests/test_ai_controller.gd:89)
   GDScript backtrace (most recent call first):
       [0] _run_ai_turn (res://tests/test_ai_controller.gd:89)
       [1] test_single_use_played_card_goes_to_played_pile (res://tests/test_ai_controller.gd:218)
       [2] _run_test (res://addons/gut/gut.gd:612)
       [3] _test_the_scripts (res://addons/gut/gut.gd:815)
       [4] _run_test (res://addons/gut/gut.gd:640)
       [5] test_log_describes_troop_from_payload (res://tests/test_ai_action_feedback.gd:182)
SCRIPT ERROR: Invalid call. Nonexistent function 'new' in base 'GDScript'.
   at: _spawn_ai (res://tests/test_ai_controller.gd:70)
   GDScript backtrace (most recent call first):
       [0] _spawn_ai (res://tests/test_ai_controller.gd:70)
       [1] test_single_use_played_card_goes_to_played_pile (res://tests/test_ai_controller.gd:217)
       [2] _run_test (res://addons/gut/gut.gd:612)
       [3] _test_the_scripts (res://addons/gut/gut.gd:815)
       [4] _run_test (res://addons/gut/gut.gd:640)
       [5] test_log_describes_troop_from_payload (res://tests/test_ai_action_feedback.gd:182)
SCRIPT ERROR: Invalid call. Nonexistent function 'start_turn' in base 'Nil'.
   at: _run_ai_turn (res://tests/test_ai_controller.gd:89)
   GDScript backtrace (most recent call first):
       [0] _run_ai_turn (res://tests/test_ai_controller.gd:89)
       [1] test_single_use_played_card_goes_to_played_pile (res://tests/test_ai_controller.gd:218)
       [2] _run_test (res://addons/gut/gut.gd:612)
       [3] _test_the_scripts (res://addons/gut/gut.gd:815)
       [4] _run_test (res://addons/gut/gut.gd:640)
       [5] test_log_describes_troop_from_payload (res://tests/test_ai_action_feedback.gd:182)
SCRIPT ERROR: Invalid call. Nonexistent function 'new' in base 'GDScript'.
   at: _spawn_ai (res://tests/test_ai_controller.gd:70)
   GDScript backtrace (most recent call first):
       [0] _spawn_ai (res://tests/test_ai_controller.gd:70)
       [1] test_single_use_played_card_goes_to_played_pile (res://tests/test_ai_controller.gd:217)
       [2] _run_test (res://addons/gut/gut.gd:612)
       [3] _test_the_scripts (res://addons/gut/gut.gd:815)
       [4] _run_test (res://addons/gut/gut.gd:640)
       [5] test_log_describes_troop_from_payload (res://tests/test_ai_action_feedback.gd:182)
SCRIPT ERROR: Invalid call. Nonexistent function 'start_turn' in base 'Nil'.
   at: _run_ai_turn (res://tests/test_ai_controller.gd:89)
   GDScript backtrace (most recent call first):
       [0] _run_ai_turn (res://tests/test_ai_controller.gd:89)
       [1] test_single_use_played_card_goes_to_played_pile (res://tests/test_ai_controller.gd:218)
       [2] _run_test (res://addons/gut/gut.gd:612)
       [3] _test_the_scripts (res://addons/gut/gut.gd:815)
       [4] _run_test (res://addons/gut/gut.gd:640)
       [5] test_log_describes_troop_from_payload (res://tests/test_ai_action_feedback.gd:182)
SCRIPT ERROR: Invalid call. Nonexistent function 'new' in base 'GDScript'.
   at: _spawn_ai (res://tests/test_ai_controller.gd:70)
   GDScript backtrace (most recent call first):
       [0] _spawn_ai (res://tests/test_ai_controller.gd:70)
       [1] test_single_use_played_card_goes_to_played_pile (res://tests/test_ai_controller.gd:217)
       [2] _run_test (res://addons/gut/gut.gd:612)
       [3] _test_the_scripts (res://addons/gut/gut.gd:815)
       [4] _run_test (res://addons/gut/gut.gd:640)
       [5] test_log_describes_troop_from_payload (res://tests/test_ai_action_feedback.gd:182)
SCRIPT ERROR: Invalid call. Nonexistent function 'start_turn' in base 'Nil'.
   at: _run_ai_turn (res://tests/test_ai_controller.gd:89)
   GDScript backtrace (most recent call first):
       [0] _run_ai_turn (res://tests/test_ai_controller.gd:89)
       [1] test_single_use_played_card_goes_to_played_pile (res://tests/test_ai_controller.gd:218)
       [2] _run_test (res://addons/gut/gut.gd:612)
       [3] _test_the_scripts (res://addons/gut/gut.gd:815)
       [4] _run_test (res://addons/gut/gut.gd:640)
       [5] test_log_describes_troop_from_payload (res://tests/test_ai_action_feedback.gd:182)
SCRIPT ERROR: Invalid call. Nonexistent function 'new' in base 'GDScript'.
   at: _spawn_ai (res://tests/test_ai_controller.gd:70)
   GDScript backtrace (most recent call first):
       [0] _spawn_ai (res://tests/test_ai_controller.gd:70)
       [1] test_single_use_played_card_goes_to_played_pile (res://tests/test_ai_controller.gd:217)
       [2] _run_test (res://addons/gut/gut.gd:612)
       [3] _test_the_scripts (res://addons/gut/gut.gd:815)
       [4] _run_test (res://addons/gut/gut.gd:640)
       [5] test_log_describes_troop_from_payload (res://tests/test_ai_action_feedback.gd:182)
SCRIPT ERROR: Invalid call. Nonexistent function 'start_turn' in base 'Nil'.
   at: _run_ai_turn (res://tests/test_ai_controller.gd:89)
   GDScript backtrace (most recent call first):
       [0] _run_ai_turn (res://tests/test_ai_controller.gd:89)
       [1] test_single_use_played_card_goes_to_played_pile (res://tests/test_ai_controller.gd:218)
       [2] _run_test (res://addons/gut/gut.gd:612)
       [3] _test_the_scripts (res://addons/gut/gut.gd:815)
       [4] _run_test (res://addons/gut/gut.gd:640)
       [5] test_log_describes_troop_from_payload (res://tests/test_ai_action_feedback.gd:182)
SCRIPT ERROR: Invalid call. Nonexistent function 'new' in base 'GDScript'.
   at: _spawn_ai (res://tests/test_ai_controller.gd:70)
   GDScript backtrace (most recent call first):
       [0] _spawn_ai (res://tests/test_ai_controller.gd:70)
       [1] test_single_use_played_card_goes_to_played_pile (res://tests/test_ai_controller.gd:217)
       [2] _run_test (res://addons/gut/gut.gd:612)
       [3] _test_the_scripts (res://addons/gut/gut.gd:815)
       [4] _run_test (res://addons/gut/gut.gd:640)
       [5] test_log_describes_troop_from_payload (res://tests/test_ai_action_feedback.gd:182)
SCRIPT ERROR: Invalid call. Nonexistent function 'start_turn' in base 'Nil'.
   at: _run_ai_turn (res://tests/test_ai_controller.gd:89)
   GDScript backtrace (most recent call first):
       [0] _run_ai_turn (res://tests/test_ai_controller.gd:89)
       [1] test_single_use_played_card_goes_to_played_pile (res://tests/test_ai_controller.gd:218)
       [2] _run_test (res://addons/gut/gut.gd:612)
       [3] _test_the_scripts (res://addons/gut/gut.gd:815)
       [4] _run_test (res://addons/gut/gut.gd:640)
       [5] test_log_describes_troop_from_payload (res://tests/test_ai_action_feedback.gd:182)
SCRIPT ERROR: Invalid call. Nonexistent function 'new' in base 'GDScript'.
   at: _spawn_ai (res://tests/test_ai_controller.gd:70)
   GDScript backtrace (most recent call first):
       [0] _spawn_ai (res://tests/test_ai_controller.gd:70)
       [1] test_single_use_played_card_goes_to_played_pile (res://tests/test_ai_controller.gd:217)
       [2] _run_test (res://addons/gut/gut.gd:612)
       [3] _test_the_scripts (res://addons/gut/gut.gd:815)
       [4] _run_test (res://addons/gut/gut.gd:640)
       [5] test_log_describes_troop_from_payload (res://tests/test_ai_action_feedback.gd:182)
SCRIPT ERROR: Invalid call. Nonexistent function 'start_turn' in base 'Nil'.
   at: _run_ai_turn (res://tests/test_ai_controller.gd:89)
   GDScript backtrace (most recent call first):
       [0] _run_ai_turn (res://tests/test_ai_controller.gd:89)
       [1] test_single_use_played_card_goes_to_played_pile (res://tests/test_ai_controller.gd:218)
       [2] _run_test (res://addons/gut/gut.gd:612)
       [3] _test_the_scripts (res://addons/gut/gut.gd:815)
       [4] _run_test (res://addons/gut/gut.gd:640)
       [5] test_log_describes_troop_from_payload (res://tests/test_ai_action_feedback.gd:182)
SCRIPT ERROR: Invalid call. Nonexistent function 'new' in base 'GDScript'.
   at: _spawn_ai (res://tests/test_ai_controller.gd:70)
   GDScript backtrace (most recent call first):
       [0] _spawn_ai (res://tests/test_ai_controller.gd:70)
       [1] test_single_use_played_card_goes_to_played_pile (res://tests/test_ai_controller.gd:217)
       [2] _run_test (res://addons/gut/gut.gd:612)
       [3] _test_the_scripts (res://addons/gut/gut.gd:815)
       [4] _run_test (res://addons/gut/gut.gd:640)
       [5] test_log_describes_troop_from_payload (res://tests/test_ai_action_feedback.gd:182)
SCRIPT ERROR: Invalid call. Nonexistent function 'start_turn' in base 'Nil'.
   at: _run_ai_turn (res://tests/test_ai_controller.gd:89)
   GDScript backtrace (most recent call first):
       [0] _run_ai_turn (res://tests/test_ai_controller.gd:89)
       [1] test_single_use_played_card_goes_to_played_pile (res://tests/test_ai_controller.gd:218)
       [2] _run_test (res://addons/gut/gut.gd:612)
       [3] _test_the_scripts (res://addons/gut/gut.gd:815)
       [4] _run_test (res://addons/gut/gut.gd:640)
       [5] test_log_describes_troop_from_payload (res://tests/test_ai_action_feedback.gd:182)
SCRIPT ERROR: Invalid call. Nonexistent function 'new' in base 'GDScript'.
   at: _spawn_ai (res://tests/test_ai_controller.gd:70)
   GDScript backtrace (most recent call first):
       [0] _spawn_ai (res://tests/test_ai_controller.gd:70)
       [1] test_single_use_played_card_goes_to_played_pile (res://tests/test_ai_controller.gd:217)
       [2] _run_test (res://addons/gut/gut.gd:612)
       [3] _test_the_scripts (res://addons/gut/gut.gd:815)
       [4] _run_test (res://addons/gut/gut.gd:640)
       [5] test_log_describes_troop_from_payload (res://tests/test_ai_action_feedback.gd:182)
SCRIPT ERROR: Invalid call. Nonexistent function 'start_turn' in base 'Nil'.
   at: _run_ai_turn (res://tests/test_ai_controller.gd:89)
   GDScript backtrace (most recent call first):
       [0] _run_ai_turn (res://tests/test_ai_controller.gd:89)
       [1] test_single_use_played_card_goes_to_played_pile (res://tests/test_ai_controller.gd:218)
       [2] _run_test (res://addons/gut/gut.gd:612)
       [3] _test_the_scripts (res://addons/gut/gut.gd:815)
       [4] _run_test (res://addons/gut/gut.gd:640)
       [5] test_log_describes_troop_from_payload (res://tests/test_ai_action_feedback.gd:182)
SCRIPT ERROR: Invalid call. Nonexistent function 'new' in base 'GDScript'.
   at: _spawn_ai (res://tests/test_ai_controller.gd:70)
   GDScript backtrace (most recent call first):
       [0] _spawn_ai (res://tests/test_ai_controller.gd:70)
       [1] test_single_use_played_card_goes_to_played_pile (res://tests/test_ai_controller.gd:217)
       [2] _run_test (res://addons/gut/gut.gd:612)
       [3] _test_the_scripts (res://addons/gut/gut.gd:815)
       [4] _run_test (res://addons/gut/gut.gd:640)
       [5] test_log_describes_troop_from_payload (res://tests/test_ai_action_feedback.gd:182)
SCRIPT ERROR: Invalid call. Nonexistent function 'start_turn' in base 'Nil'.
   at: _run_ai_turn (res://tests/test_ai_controller.gd:89)
   GDScript backtrace (most recent call first):
       [0] _run_ai_turn (res://tests/test_ai_controller.gd:89)
       [1] test_single_use_played_card_goes_to_played_pile (res://tests/test_ai_controller.gd:218)
       [2] _run_test (res://addons/gut/gut.gd:612)
       [3] _test_the_scripts (res://addons/gut/gut.gd:815)
       [4] _run_test (res://addons/gut/gut.gd:640)
       [5] test_log_describes_troop_from_payload (res://tests/test_ai_action_feedback.gd:182)
SCRIPT ERROR: Invalid call. Nonexistent function 'new' in base 'GDScript'.
   at: _spawn_ai (res://tests/test_ai_controller.gd:70)
   GDScript backtrace (most recent call first):
       [0] _spawn_ai (res://tests/test_ai_controller.gd:70)
       [1] test_single_use_played_card_goes_to_played_pile (res://tests/test_ai_controller.gd:217)
       [2] _run_test (res://addons/gut/gut.gd:612)
       [3] _test_the_scripts (res://addons/gut/gut.gd:815)
       [4] _run_test (res://addons/gut/gut.gd:640)
       [5] test_log_describes_troop_from_payload (res://tests/test_ai_action_feedback.gd:182)
SCRIPT ERROR: Invalid call. Nonexistent function 'start_turn' in base 'Nil'.
   at: _run_ai_turn (res://tests/test_ai_controller.gd:89)
   GDScript backtrace (most recent call first):
       [0] _run_ai_turn (res://tests/test_ai_controller.gd:89)
       [1] test_single_use_played_card_goes_to_played_pile (res://tests/test_ai_controller.gd:218)
       [2] _run_test (res://addons/gut/gut.gd:612)
       [3] _test_the_scripts (res://addons/gut/gut.gd:815)
       [4] _run_test (res://addons/gut/gut.gd:640)
       [5] test_log_describes_troop_from_payload (res://tests/test_ai_action_feedback.gd:182)
SCRIPT ERROR: Invalid call. Nonexistent function 'new' in base 'GDScript'.
   at: _spawn_ai (res://tests/test_ai_controller.gd:70)
   GDScript backtrace (most recent call first):
       [0] _spawn_ai (res://tests/test_ai_controller.gd:70)
       [1] test_single_use_played_card_goes_to_played_pile (res://tests/test_ai_controller.gd:217)
       [2] _run_test (res://addons/gut/gut.gd:612)
       [3] _test_the_scripts (res://addons/gut/gut.gd:815)
       [4] _run_test (res://addons/gut/gut.gd:640)
       [5] test_log_describes_troop_from_payload (res://tests/test_ai_action_feedback.gd:182)
SCRIPT ERROR: Invalid call. Nonexistent function 'start_turn' in base 'Nil'.
   at: _run_ai_turn (res://tests/test_ai_controller.gd:89)
   GDScript backtrace (most recent call first):
       [0] _run_ai_turn (res://tests/test_ai_controller.gd:89)
       [1] test_single_use_played_card_goes_to_played_pile (res://tests/test_ai_controller.gd:218)
       [2] _run_test (res://addons/gut/gut.gd:612)
       [3] _test_the_scripts (res://addons/gut/gut.gd:815)
       [4] _run_test (res://addons/gut/gut.gd:640)
       [5] test_log_describes_troop_from_payload (res://tests/test_ai_action_feedback.gd:182)
SCRIPT ERROR: Invalid call. Nonexistent function 'new' in base 'GDScript'.
   at: _spawn_ai (res://tests/test_ai_controller.gd:70)
   GDScript backtrace (most recent call first):
       [0] _spawn_ai (res://tests/test_ai_controller.gd:70)
       [1] test_single_use_played_card_goes_to_played_pile (res://tests/test_ai_controller.gd:217)
       [2] _run_test (res://addons/gut/gut.gd:612)
       [3] _test_the_scripts (res://addons/gut/gut.gd:815)
       [4] _run_test (res://addons/gut/gut.gd:640)
       [5] test_log_describes_troop_from_payload (res://tests/test_ai_action_feedback.gd:182)
SCRIPT ERROR: Invalid call. Nonexistent function 'start_turn' in base 'Nil'.
   at: _run_ai_turn (res://tests/test_ai_controller.gd:89)
   GDScript backtrace (most recent call first):
       [0] _run_ai_turn (res://tests/test_ai_controller.gd:89)
       [1] test_single_use_played_card_goes_to_played_pile (res://tests/test_ai_controller.gd:218)
       [2] _run_test (res://addons/gut/gut.gd:612)
       [3] _test_the_scripts (res://addons/gut/gut.gd:815)
       [4] _run_test (res://addons/gut/gut.gd:640)
       [5] test_log_describes_troop_from_payload (res://tests/test_ai_action_feedback.gd:182)
SCRIPT ERROR: Invalid call. Nonexistent function 'new' in base 'GDScript'.
   at: _spawn_ai (res://tests/test_ai_controller.gd:70)
   GDScript backtrace (most recent call first):
       [0] _spawn_ai (res://tests/test_ai_controller.gd:70)
       [1] test_single_use_played_card_goes_to_played_pile (res://tests/test_ai_controller.gd:217)
       [2] _run_test (res://addons/gut/gut.gd:612)
       [3] _test_the_scripts (res://addons/gut/gut.gd:815)
       [4] _run_test (res://addons/gut/gut.gd:640)
       [5] test_log_describes_troop_from_payload (res://tests/test_ai_action_feedback.gd:182)
SCRIPT ERROR: Invalid call. Nonexistent function 'start_turn' in base 'Nil'.
   at: _run_ai_turn (res://tests/test_ai_controller.gd:89)
   GDScript backtrace (most recent call first):
       [0] _run_ai_turn (res://tests/test_ai_controller.gd:89)
       [1] test_single_use_played_card_goes_to_played_pile (res://tests/test_ai_controller.gd:218)
       [2] _run_test (res://addons/gut/gut.gd:612)
       [3] _test_the_scripts (res://addons/gut/gut.gd:815)
       [4] _run_test (res://addons/gut/gut.gd:640)
       [5] test_log_describes_troop_from_payload (res://tests/test_ai_action_feedback.gd:182)
SCRIPT ERROR: Invalid call. Nonexistent function 'new' in base 'GDScript'.
   at: _spawn_ai (res://tests/test_ai_controller.gd:70)
   GDScript backtrace (most recent call first):
       [0] _spawn_ai (res://tests/test_ai_controller.gd:70)
       [1] test_single_use_played_card_goes_to_played_pile (res://tests/test_ai_controller.gd:217)
       [2] _run_test (res://addons/gut/gut.gd:612)
       [3] _test_the_scripts (res://addons/gut/gut.gd:815)
       [4] _run_test (res://addons/gut/gut.gd:640)
       [5] test_log_describes_troop_from_payload (res://tests/test_ai_action_feedback.gd:182)
SCRIPT ERROR: Invalid call. Nonexistent function 'start_turn' in base 'Nil'.
   at: _run_ai_turn (res://tests/test_ai_controller.gd:89)
   GDScript backtrace (most recent call first):
       [0] _run_ai_turn (res://tests/test_ai_controller.gd:89)
       [1] test_single_use_played_card_goes_to_played_pile (res://tests/test_ai_controller.gd:218)
       [2] _run_test (res://addons/gut/gut.gd:612)
       [3] _test_the_scripts (res://addons/gut/gut.gd:815)
       [4] _run_test (res://addons/gut/gut.gd:640)
       [5] test_log_describes_troop_from_payload (res://tests/test_ai_action_feedback.gd:182)
SCRIPT ERROR: Invalid call. Nonexistent function 'new' in base 'GDScript'.
   at: _spawn_ai (res://tests/test_ai_controller.gd:70)
   GDScript backtrace (most recent call first):
       [0] _spawn_ai (res://tests/test_ai_controller.gd:70)
       [1] test_single_use_played_card_goes_to_played_pile (res://tests/test_ai_controller.gd:217)
       [2] _run_test (res://addons/gut/gut.gd:612)
       [3] _test_the_scripts (res://addons/gut/gut.gd:815)
       [4] _run_test (res://addons/gut/gut.gd:640)
       [5] test_log_describes_troop_from_payload (res://tests/test_ai_action_feedback.gd:182)
SCRIPT ERROR: Invalid call. Nonexistent function 'start_turn' in base 'Nil'.
   at: _run_ai_turn (res://tests/test_ai_controller.gd:89)
   GDScript backtrace (most recent call first):
       [0] _run_ai_turn (res://tests/test_ai_controller.gd:89)
       [1] test_single_use_played_card_goes_to_played_pile (res://tests/test_ai_controller.gd:218)
       [2] _run_test (res://addons/gut/gut.gd:612)
       [3] _test_the_scripts (res://addons/gut/gut.gd:815)
       [4] _run_test (res://addons/gut/gut.gd:640)
       [5] test_log_describes_troop_from_payload (res://tests/test_ai_action_feedback.gd:182)
SCRIPT ERROR: Invalid call. Nonexistent function 'new' in base 'GDScript'.
   at: _spawn_ai (res://tests/test_ai_controller.gd:70)
   GDScript backtrace (most recent call first):
       [0] _spawn_ai (res://tests/test_ai_controller.gd:70)
       [1] test_single_use_played_card_goes_to_played_pile (res://tests/test_ai_controller.gd:217)
       [2] _run_test (res://addons/gut/gut.gd:612)
       [3] _test_the_scripts (res://addons/gut/gut.gd:815)
       [4] _run_test (res://addons/gut/gut.gd:640)
       [5] test_log_describes_troop_from_payload (res://tests/test_ai_action_feedback.gd:182)
SCRIPT ERROR: Invalid call. Nonexistent function 'start_turn' in base 'Nil'.
   at: _run_ai_turn (res://tests/test_ai_controller.gd:89)
   GDScript backtrace (most recent call first):
       [0] _run_ai_turn (res://tests/test_ai_controller.gd:89)
       [1] test_single_use_played_card_goes_to_played_pile (res://tests/test_ai_controller.gd:218)
       [2] _run_test (res://addons/gut/gut.gd:612)
       [3] _test_the_scripts (res://addons/gut/gut.gd:815)
       [4] _run_test (res://addons/gut/gut.gd:640)
       [5] test_log_describes_troop_from_payload (res://tests/test_ai_action_feedback.gd:182)
SCRIPT ERROR: Invalid call. Nonexistent function 'new' in base 'GDScript'.
   at: _spawn_ai (res://tests/test_ai_controller.gd:70)
   GDScript backtrace (most recent call first):
       [0] _spawn_ai (res://tests/test_ai_controller.gd:70)
       [1] test_single_use_played_card_goes_to_played_pile (res://tests/test_ai_controller.gd:217)
       [2] _run_test (res://addons/gut/gut.gd:612)
       [3] _test_the_scripts (res://addons/gut/gut.gd:815)
       [4] _run_test (res://addons/gut/gut.gd:640)
       [5] test_log_describes_troop_from_payload (res://tests/test_ai_action_feedback.gd:182)
SCRIPT ERROR: Invalid call. Nonexistent function 'start_turn' in base 'Nil'.
   at: _run_ai_turn (res://tests/test_ai_controller.gd:89)
   GDScript backtrace (most recent call first):
       [0] _run_ai_turn (res://tests/test_ai_controller.gd:89)
       [1] test_single_use_played_card_goes_to_played_pile (res://tests/test_ai_controller.gd:218)
       [2] _run_test (res://addons/gut/gut.gd:612)
       [3] _test_the_scripts (res://addons/gut/gut.gd:815)
       [4] _run_test (res://addons/gut/gut.gd:640)
       [5] test_log_describes_troop_from_payload (res://tests/test_ai_action_feedback.gd:182)
SCRIPT ERROR: Invalid call. Nonexistent function 'new' in base 'GDScript'.
   at: _spawn_ai (res://tests/test_ai_controller.gd:70)
   GDScript backtrace (most recent call first):
       [0] _spawn_ai (res://tests/test_ai_controller.gd:70)
       [1] test_single_use_played_card_goes_to_played_pile (res://tests/test_ai_controller.gd:217)
       [2] _run_test (res://addons/gut/gut.gd:612)
       [3] _test_the_scripts (res://addons/gut/gut.gd:815)
       [4] _run_test (res://addons/gut/gut.gd:640)
       [5] test_log_describes_troop_from_payload (res://tests/test_ai_action_feedback.gd:182)
SCRIPT ERROR: Invalid call. Nonexistent function 'start_turn' in base 'Nil'.
   at: _run_ai_turn (res://tests/test_ai_controller.gd:89)
   GDScript backtrace (most recent call first):
       [0] _run_ai_turn (res://tests/test_ai_controller.gd:89)
       [1] test_single_use_played_card_goes_to_played_pile (res://tests/test_ai_controller.gd:218)
       [2] _run_test (res://addons/gut/gut.gd:612)
       [3] _test_the_scripts (res://addons/gut/gut.gd:815)
       [4] _run_test (res://addons/gut/gut.gd:640)
       [5] test_log_describes_troop_from_payload (res://tests/test_ai_action_feedback.gd:182)
SCRIPT ERROR: Invalid call. Nonexistent function 'new' in base 'GDScript'.
   at: _spawn_ai (res://tests/test_ai_controller.gd:70)
   GDScript backtrace (most recent call first):
       [0] _spawn_ai (res://tests/test_ai_controller.gd:70)
       [1] test_single_use_played_card_goes_to_played_pile (res://tests/test_ai_controller.gd:217)
       [2] _run_test (res://addons/gut/gut.gd:612)
       [3] _test_the_scripts (res://addons/gut/gut.gd:815)
       [4] _run_test (res://addons/gut/gut.gd:640)
       [5] test_log_describes_troop_from_payload (res://tests/test_ai_action_feedback.gd:182)
SCRIPT ERROR: Invalid call. Nonexistent function 'start_turn' in base 'Nil'.
   at: _run_ai_turn (res://tests/test_ai_controller.gd:89)
   GDScript backtrace (most recent call first):
       [0] _run_ai_turn (res://tests/test_ai_controller.gd:89)
       [1] test_single_use_played_card_goes_to_played_pile (res://tests/test_ai_controller.gd:218)
       [2] _run_test (res://addons/gut/gut.gd:612)
       [3] _test_the_scripts (res://addons/gut/gut.gd:815)
       [4] _run_test (res://addons/gut/gut.gd:640)
       [5] test_log_describes_troop_from_payload (res://tests/test_ai_action_feedback.gd:182)
SCRIPT ERROR: Invalid call. Nonexistent function 'new' in base 'GDScript'.
   at: _spawn_ai (res://tests/test_ai_controller.gd:70)
   GDScript backtrace (most recent call first):
       [0] _spawn_ai (res://tests/test_ai_controller.gd:70)
       [1] test_single_use_played_card_goes_to_played_pile (res://tests/test_ai_controller.gd:217)
       [2] _run_test (res://addons/gut/gut.gd:612)
       [3] _test_the_scripts (res://addons/gut/gut.gd:815)
       [4] _run_test (res://addons/gut/gut.gd:640)
       [5] test_log_describes_troop_from_payload (res://tests/test_ai_action_feedback.gd:182)
SCRIPT ERROR: Invalid call. Nonexistent function 'start_turn' in base 'Nil'.
   at: _run_ai_turn (res://tests/test_ai_controller.gd:89)
   GDScript backtrace (most recent call first):
       [0] _run_ai_turn (res://tests/test_ai_controller.gd:89)
       [1] test_single_use_played_card_goes_to_played_pile (res://tests/test_ai_controller.gd:218)
       [2] _run_test (res://addons/gut/gut.gd:612)
       [3] _test_the_scripts (res://addons/gut/gut.gd:815)
       [4] _run_test (res://addons/gut/gut.gd:640)
       [5] test_log_describes_troop_from_payload (res://tests/test_ai_action_feedback.gd:182)
SCRIPT ERROR: Invalid call. Nonexistent function 'new' in base 'GDScript'.
   at: _spawn_ai (res://tests/test_ai_controller.gd:70)
   GDScript backtrace (most recent call first):
       [0] _spawn_ai (res://tests/test_ai_controller.gd:70)
       [1] test_single_use_played_card_goes_to_played_pile (res://tests/test_ai_controller.gd:217)
       [2] _run_test (res://addons/gut/gut.gd:612)
       [3] _test_the_scripts (res://addons/gut/gut.gd:815)
       [4] _run_test (res://addons/gut/gut.gd:640)
       [5] test_log_describes_troop_from_payload (res://tests/test_ai_action_feedback.gd:182)
SCRIPT ERROR: Invalid call. Nonexistent function 'start_turn' in base 'Nil'.
   at: _run_ai_turn (res://tests/test_ai_controller.gd:89)
   GDScript backtrace (most recent call first):
       [0] _run_ai_turn (res://tests/test_ai_controller.gd:89)
       [1] test_single_use_played_card_goes_to_played_pile (res://tests/test_ai_controller.gd:218)
       [2] _run_test (res://addons/gut/gut.gd:612)
       [3] _test_the_scripts (res://addons/gut/gut.gd:815)
       [4] _run_test (res://addons/gut/gut.gd:640)
       [5] test_log_describes_troop_from_payload (res://tests/test_ai_action_feedback.gd:182)
SCRIPT ERROR: Invalid call. Nonexistent function 'new' in base 'GDScript'.
   at: _spawn_ai (res://tests/test_ai_controller.gd:70)
   GDScript backtrace (most recent call first):
       [0] _spawn_ai (res://tests/test_ai_controller.gd:70)
       [1] test_single_use_played_card_goes_to_played_pile (res://tests/test_ai_controller.gd:217)
       [2] _run_test (res://addons/gut/gut.gd:612)
       [3] _test_the_scripts (res://addons/gut/gut.gd:815)
       [4] _run_test (res://addons/gut/gut.gd:640)
       [5] test_log_describes_troop_from_payload (res://tests/test_ai_action_feedback.gd:182)
SCRIPT ERROR: Invalid call. Nonexistent function 'start_turn' in base 'Nil'.
   at: _run_ai_turn (res://tests/test_ai_controller.gd:89)
   GDScript backtrace (most recent call first):
       [0] _run_ai_turn (res://tests/test_ai_controller.gd:89)
       [1] test_single_use_played_card_goes_to_played_pile (res://tests/test_ai_controller.gd:218)
       [2] _run_test (res://addons/gut/gut.gd:612)
       [3] _test_the_scripts (res://addons/gut/gut.gd:815)
       [4] _run_test (res://addons/gut/gut.gd:640)
       [5] test_log_describes_troop_from_payload (res://tests/test_ai_action_feedback.gd:182)
SCRIPT ERROR: Invalid call. Nonexistent function 'new' in base 'GDScript'.
   at: _spawn_ai (res://tests/test_ai_controller.gd:70)
   GDScript backtrace (most recent call first):
       [0] _spawn_ai (res://tests/test_ai_controller.gd:70)
       [1] test_single_use_played_card_goes_to_played_pile (res://tests/test_ai_controller.gd:217)
       [2] _run_test (res://addons/gut/gut.gd:612)
       [3] _test_the_scripts (res://addons/gut/gut.gd:815)
       [4] _run_test (res://addons/gut/gut.gd:640)
       [5] test_log_describes_troop_from_payload (res://tests/test_ai_action_feedback.gd:182)
SCRIPT ERROR: Invalid call. Nonexistent function 'start_turn' in base 'Nil'.
   at: _run_ai_turn (res://tests/test_ai_controller.gd:89)
   GDScript backtrace (most recent call first):
       [0] _run_ai_turn (res://tests/test_ai_controller.gd:89)
       [1] test_single_use_played_card_goes_to_played_pile (res://tests/test_ai_controller.gd:218)
       [2] _run_test (res://addons/gut/gut.gd:612)
       [3] _test_the_scripts (res://addons/gut/gut.gd:815)
       [4] _run_test (res://addons/gut/gut.gd:640)
       [5] test_log_describes_troop_from_payload (res://tests/test_ai_action_feedback.gd:182)
SCRIPT ERROR: Invalid call. Nonexistent function 'new' in base 'GDScript'.
   at: _spawn_ai (res://tests/test_ai_controller.gd:70)
   GDScript backtrace (most recent call first):
       [0] _spawn_ai (res://tests/test_ai_controller.gd:70)
       [1] test_single_use_played_card_goes_to_played_pile (res://tests/test_ai_controller.gd:217)
       [2] _run_test (res://addons/gut/gut.gd:612)
       [3] _test_the_scripts (res://addons/gut/gut.gd:815)
       [4] _run_test (res://addons/gut/gut.gd:640)
       [5] test_log_describes_troop_from_payload (res://tests/test_ai_action_feedback.gd:182)
SCRIPT ERROR: Invalid call. Nonexistent function 'start_turn' in base 'Nil'.
   at: _run_ai_turn (res://tests/test_ai_controller.gd:89)
   GDScript backtrace (most recent call first):
       [0] _run_ai_turn (res://tests/test_ai_controller.gd:89)
       [1] test_single_use_played_card_goes_to_played_pile (res://tests/test_ai_controller.gd:218)
       [2] _run_test (res://addons/gut/gut.gd:612)
       [3] _test_the_scripts (res://addons/gut/gut.gd:815)
       [4] _run_test (res://addons/gut/gut.gd:640)
       [5] test_log_describes_troop_from_payload (res://tests/test_ai_action_feedback.gd:182)
SCRIPT ERROR: Invalid call. Nonexistent function 'new' in base 'GDScript'.
   at: _spawn_ai (res://tests/test_ai_controller.gd:70)
   GDScript backtrace (most recent call first):
       [0] _spawn_ai (res://tests/test_ai_controller.gd:70)
       [1] test_single_use_played_card_goes_to_played_pile (res://tests/test_ai_controller.gd:217)
       [2] _run_test (res://addons/gut/gut.gd:612)
       [3] _test_the_scripts (res://addons/gut/gut.gd:815)
       [4] _run_test (res://addons/gut/gut.gd:640)
       [5] test_log_describes_troop_from_payload (res://tests/test_ai_action_feedback.gd:182)
SCRIPT ERROR: Invalid call. Nonexistent function 'start_turn' in base 'Nil'.
   at: _run_ai_turn (res://tests/test_ai_controller.gd:89)
   GDScript backtrace (most recent call first):
       [0] _run_ai_turn (res://tests/test_ai_controller.gd:89)
       [1] test_single_use_played_card_goes_to_played_pile (res://tests/test_ai_controller.gd:218)
       [2] _run_test (res://addons/gut/gut.gd:612)
       [3] _test_the_scripts (res://addons/gut/gut.gd:815)
       [4] _run_test (res://addons/gut/gut.gd:640)
       [5] test_log_describes_troop_from_payload (res://tests/test_ai_action_feedback.gd:182)
SCRIPT ERROR: Invalid call. Nonexistent function 'new' in base 'GDScript'.
   at: _spawn_ai (res://tests/test_ai_controller.gd:70)
   GDScript backtrace (most recent call first):
       [0] _spawn_ai (res://tests/test_ai_controller.gd:70)
       [1] test_single_use_played_card_goes_to_played_pile (res://tests/test_ai_controller.gd:217)
       [2] _run_test (res://addons/gut/gut.gd:612)
       [3] _test_the_scripts (res://addons/gut/gut.gd:815)
       [4] _run_test (res://addons/gut/gut.gd:640)
       [5] test_log_describes_troop_from_payload (res://tests/test_ai_action_feedback.gd:182)
SCRIPT ERROR: Invalid call. Nonexistent function 'start_turn' in base 'Nil'.
   at: _run_ai_turn (res://tests/test_ai_controller.gd:89)
   GDScript backtrace (most recent call first):
       [0] _run_ai_turn (res://tests/test_ai_controller.gd:89)
[31m    [Failed]:  [0mAlgún seed debe llevar a jugar la carta single-use → played_pile
       [1] test_single_use_played_card_goes_to_played_pile (res://tests/test_ai_controller.gd:218)
       [2] _run_test (res://addons/gut/gut.gd:612)
       [3] _test_the_scripts (res://addons/gut/gut.gd:815)
       [4] _run_test (res://addons/gut/gut.gd:640)
       [5] test_log_describes_troop_from_payload (res://tests/test_ai_action_feedback.gd:182)
      at line 224
* test_card_draw_card_extends_drawn_cards
SCRIPT ERROR: Invalid call. Nonexistent function 'new' in base 'GDScript'.
   at: _spawn_ai (res://tests/test_ai_controller.gd:70)
   GDScript backtrace (most recent call first):
       [0] _spawn_ai (res://tests/test_ai_controller.gd:70)
       [1] test_card_draw_card_extends_drawn_cards (res://tests/test_ai_controller.gd:252)
       [2] _run_test (res://addons/gut/gut.gd:612)
       [3] _test_the_scripts (res://addons/gut/gut.gd:815)
SCRIPT ERROR: Invalid call. Nonexistent function 'start_turn' in base 'Nil'.
   at: _run_ai_turn (res://tests/test_ai_controller.gd:89)
   GDScript backtrace (most recent call first):
       [0] _run_ai_turn (res://tests/test_ai_controller.gd:89)
       [1] test_card_draw_card_extends_drawn_cards (res://tests/test_ai_controller.gd:253)
       [2] _run_test (res://addons/gut/gut.gd:612)
       [3] _test_the_scripts (res://addons/gut/gut.gd:815)
SCRIPT ERROR: Invalid call. Nonexistent function 'new' in base 'GDScript'.
   at: _spawn_ai (res://tests/test_ai_controller.gd:70)
   GDScript backtrace (most recent call first):
       [0] _spawn_ai (res://tests/test_ai_controller.gd:70)
       [1] test_card_draw_card_extends_drawn_cards (res://tests/test_ai_controller.gd:252)
       [2] _run_test (res://addons/gut/gut.gd:612)
       [3] _test_the_scripts (res://addons/gut/gut.gd:815)
SCRIPT ERROR: Invalid call. Nonexistent function 'start_turn' in base 'Nil'.
   at: _run_ai_turn (res://tests/test_ai_controller.gd:89)
   GDScript backtrace (most recent call first):
       [0] _run_ai_turn (res://tests/test_ai_controller.gd:89)
       [1] test_card_draw_card_extends_drawn_cards (res://tests/test_ai_controller.gd:253)
       [2] _run_test (res://addons/gut/gut.gd:612)
       [3] _test_the_scripts (res://addons/gut/gut.gd:815)
SCRIPT ERROR: Invalid call. Nonexistent function 'new' in base 'GDScript'.
   at: _spawn_ai (res://tests/test_ai_controller.gd:70)
   GDScript backtrace (most recent call first):
       [0] _spawn_ai (res://tests/test_ai_controller.gd:70)
       [1] test_card_draw_card_extends_drawn_cards (res://tests/test_ai_controller.gd:252)
       [2] _run_test (res://addons/gut/gut.gd:612)
       [3] _test_the_scripts (res://addons/gut/gut.gd:815)
SCRIPT ERROR: Invalid call. Nonexistent function 'start_turn' in base 'Nil'.
   at: _run_ai_turn (res://tests/test_ai_controller.gd:89)
   GDScript backtrace (most recent call first):
       [0] _run_ai_turn (res://tests/test_ai_controller.gd:89)
       [1] test_card_draw_card_extends_drawn_cards (res://tests/test_ai_controller.gd:253)
       [2] _run_test (res://addons/gut/gut.gd:612)
       [3] _test_the_scripts (res://addons/gut/gut.gd:815)
SCRIPT ERROR: Invalid call. Nonexistent function 'new' in base 'GDScript'.
   at: _spawn_ai (res://tests/test_ai_controller.gd:70)
   GDScript backtrace (most recent call first):
       [0] _spawn_ai (res://tests/test_ai_controller.gd:70)
       [1] test_card_draw_card_extends_drawn_cards (res://tests/test_ai_controller.gd:252)
       [2] _run_test (res://addons/gut/gut.gd:612)
       [3] _test_the_scripts (res://addons/gut/gut.gd:815)
SCRIPT ERROR: Invalid call. Nonexistent function 'start_turn' in base 'Nil'.
   at: _run_ai_turn (res://tests/test_ai_controller.gd:89)
   GDScript backtrace (most recent call first):
       [0] _run_ai_turn (res://tests/test_ai_controller.gd:89)
       [1] test_card_draw_card_extends_drawn_cards (res://tests/test_ai_controller.gd:253)
       [2] _run_test (res://addons/gut/gut.gd:612)
       [3] _test_the_scripts (res://addons/gut/gut.gd:815)
SCRIPT ERROR: Invalid call. Nonexistent function 'new' in base 'GDScript'.
   at: _spawn_ai (res://tests/test_ai_controller.gd:70)
   GDScript backtrace (most recent call first):
       [0] _spawn_ai (res://tests/test_ai_controller.gd:70)
       [1] test_card_draw_card_extends_drawn_cards (res://tests/test_ai_controller.gd:252)
       [2] _run_test (res://addons/gut/gut.gd:612)
       [3] _test_the_scripts (res://addons/gut/gut.gd:815)
SCRIPT ERROR: Invalid call. Nonexistent function 'start_turn' in base 'Nil'.
   at: _run_ai_turn (res://tests/test_ai_controller.gd:89)
   GDScript backtrace (most recent call first):
       [0] _run_ai_turn (res://tests/test_ai_controller.gd:89)
       [1] test_card_draw_card_extends_drawn_cards (res://tests/test_ai_controller.gd:253)
       [2] _run_test (res://addons/gut/gut.gd:612)
       [3] _test_the_scripts (res://addons/gut/gut.gd:815)
SCRIPT ERROR: Invalid call. Nonexistent function 'new' in base 'GDScript'.
   at: _spawn_ai (res://tests/test_ai_controller.gd:70)
   GDScript backtrace (most recent call first):
       [0] _spawn_ai (res://tests/test_ai_controller.gd:70)
       [1] test_card_draw_card_extends_drawn_cards (res://tests/test_ai_controller.gd:252)
       [2] _run_test (res://addons/gut/gut.gd:612)
       [3] _test_the_scripts (res://addons/gut/gut.gd:815)
SCRIPT ERROR: Invalid call. Nonexistent function 'start_turn' in base 'Nil'.
   at: _run_ai_turn (res://tests/test_ai_controller.gd:89)
   GDScript backtrace (most recent call first):
       [0] _run_ai_turn (res://tests/test_ai_controller.gd:89)
       [1] test_card_draw_card_extends_drawn_cards (res://tests/test_ai_controller.gd:253)
       [2] _run_test (res://addons/gut/gut.gd:612)
       [3] _test_the_scripts (res://addons/gut/gut.gd:815)
SCRIPT ERROR: Invalid call. Nonexistent function 'new' in base 'GDScript'.
   at: _spawn_ai (res://tests/test_ai_controller.gd:70)
   GDScript backtrace (most recent call first):
       [0] _spawn_ai (res://tests/test_ai_controller.gd:70)
       [1] test_card_draw_card_extends_drawn_cards (res://tests/test_ai_controller.gd:252)
       [2] _run_test (res://addons/gut/gut.gd:612)
       [3] _test_the_scripts (res://addons/gut/gut.gd:815)
SCRIPT ERROR: Invalid call. Nonexistent function 'start_turn' in base 'Nil'.
   at: _run_ai_turn (res://tests/test_ai_controller.gd:89)
   GDScript backtrace (most recent call first):
       [0] _run_ai_turn (res://tests/test_ai_controller.gd:89)
       [1] test_card_draw_card_extends_drawn_cards (res://tests/test_ai_controller.gd:253)
       [2] _run_test (res://addons/gut/gut.gd:612)
       [3] _test_the_scripts (res://addons/gut/gut.gd:815)
SCRIPT ERROR: Invalid call. Nonexistent function 'new' in base 'GDScript'.
   at: _spawn_ai (res://tests/test_ai_controller.gd:70)
   GDScript backtrace (most recent call first):
       [0] _spawn_ai (res://tests/test_ai_controller.gd:70)
       [1] test_card_draw_card_extends_drawn_cards (res://tests/test_ai_controller.gd:252)
       [2] _run_test (res://addons/gut/gut.gd:612)
       [3] _test_the_scripts (res://addons/gut/gut.gd:815)
SCRIPT ERROR: Invalid call. Nonexistent function 'start_turn' in base 'Nil'.
   at: _run_ai_turn (res://tests/test_ai_controller.gd:89)
   GDScript backtrace (most recent call first):
       [0] _run_ai_turn (res://tests/test_ai_controller.gd:89)
       [1] test_card_draw_card_extends_drawn_cards (res://tests/test_ai_controller.gd:253)
       [2] _run_test (res://addons/gut/gut.gd:612)
       [3] _test_the_scripts (res://addons/gut/gut.gd:815)
SCRIPT ERROR: Invalid call. Nonexistent function 'new' in base 'GDScript'.
   at: _spawn_ai (res://tests/test_ai_controller.gd:70)
   GDScript backtrace (most recent call first):
       [0] _spawn_ai (res://tests/test_ai_controller.gd:70)
       [1] test_card_draw_card_extends_drawn_cards (res://tests/test_ai_controller.gd:252)
       [2] _run_test (res://addons/gut/gut.gd:612)
       [3] _test_the_scripts (res://addons/gut/gut.gd:815)
SCRIPT ERROR: Invalid call. Nonexistent function 'start_turn' in base 'Nil'.
   at: _run_ai_turn (res://tests/test_ai_controller.gd:89)
   GDScript backtrace (most recent call first):
       [0] _run_ai_turn (res://tests/test_ai_controller.gd:89)
       [1] test_card_draw_card_extends_drawn_cards (res://tests/test_ai_controller.gd:253)
       [2] _run_test (res://addons/gut/gut.gd:612)
       [3] _test_the_scripts (res://addons/gut/gut.gd:815)
SCRIPT ERROR: Invalid call. Nonexistent function 'new' in base 'GDScript'.
   at: _spawn_ai (res://tests/test_ai_controller.gd:70)
   GDScript backtrace (most recent call first):
       [0] _spawn_ai (res://tests/test_ai_controller.gd:70)
       [1] test_card_draw_card_extends_drawn_cards (res://tests/test_ai_controller.gd:252)
       [2] _run_test (res://addons/gut/gut.gd:612)
       [3] _test_the_scripts (res://addons/gut/gut.gd:815)
SCRIPT ERROR: Invalid call. Nonexistent function 'start_turn' in base 'Nil'.
   at: _run_ai_turn (res://tests/test_ai_controller.gd:89)
   GDScript backtrace (most recent call first):
       [0] _run_ai_turn (res://tests/test_ai_controller.gd:89)
       [1] test_card_draw_card_extends_drawn_cards (res://tests/test_ai_controller.gd:253)
       [2] _run_test (res://addons/gut/gut.gd:612)
       [3] _test_the_scripts (res://addons/gut/gut.gd:815)
SCRIPT ERROR: Invalid call. Nonexistent function 'new' in base 'GDScript'.
   at: _spawn_ai (res://tests/test_ai_controller.gd:70)
   GDScript backtrace (most recent call first):
       [0] _spawn_ai (res://tests/test_ai_controller.gd:70)
       [1] test_card_draw_card_extends_drawn_cards (res://tests/test_ai_controller.gd:252)
       [2] _run_test (res://addons/gut/gut.gd:612)
       [3] _test_the_scripts (res://addons/gut/gut.gd:815)
SCRIPT ERROR: Invalid call. Nonexistent function 'start_turn' in base 'Nil'.
   at: _run_ai_turn (res://tests/test_ai_controller.gd:89)
   GDScript backtrace (most recent call first):
       [0] _run_ai_turn (res://tests/test_ai_controller.gd:89)
       [1] test_card_draw_card_extends_drawn_cards (res://tests/test_ai_controller.gd:253)
       [2] _run_test (res://addons/gut/gut.gd:612)
       [3] _test_the_scripts (res://addons/gut/gut.gd:815)
SCRIPT ERROR: Invalid call. Nonexistent function 'new' in base 'GDScript'.
   at: _spawn_ai (res://tests/test_ai_controller.gd:70)
   GDScript backtrace (most recent call first):
       [0] _spawn_ai (res://tests/test_ai_controller.gd:70)
       [1] test_card_draw_card_extends_drawn_cards (res://tests/test_ai_controller.gd:252)
       [2] _run_test (res://addons/gut/gut.gd:612)
       [3] _test_the_scripts (res://addons/gut/gut.gd:815)
SCRIPT ERROR: Invalid call. Nonexistent function 'start_turn' in base 'Nil'.
   at: _run_ai_turn (res://tests/test_ai_controller.gd:89)
   GDScript backtrace (most recent call first):
       [0] _run_ai_turn (res://tests/test_ai_controller.gd:89)
       [1] test_card_draw_card_extends_drawn_cards (res://tests/test_ai_controller.gd:253)
       [2] _run_test (res://addons/gut/gut.gd:612)
       [3] _test_the_scripts (res://addons/gut/gut.gd:815)
SCRIPT ERROR: Invalid call. Nonexistent function 'new' in base 'GDScript'.
   at: _spawn_ai (res://tests/test_ai_controller.gd:70)
   GDScript backtrace (most recent call first):
       [0] _spawn_ai (res://tests/test_ai_controller.gd:70)
       [1] test_card_draw_card_extends_drawn_cards (res://tests/test_ai_controller.gd:252)
       [2] _run_test (res://addons/gut/gut.gd:612)
       [3] _test_the_scripts (res://addons/gut/gut.gd:815)
SCRIPT ERROR: Invalid call. Nonexistent function 'start_turn' in base 'Nil'.
   at: _run_ai_turn (res://tests/test_ai_controller.gd:89)
   GDScript backtrace (most recent call first):
       [0] _run_ai_turn (res://tests/test_ai_controller.gd:89)
       [1] test_card_draw_card_extends_drawn_cards (res://tests/test_ai_controller.gd:253)
       [2] _run_test (res://addons/gut/gut.gd:612)
       [3] _test_the_scripts (res://addons/gut/gut.gd:815)
SCRIPT ERROR: Invalid call. Nonexistent function 'new' in base 'GDScript'.
   at: _spawn_ai (res://tests/test_ai_controller.gd:70)
   GDScript backtrace (most recent call first):
       [0] _spawn_ai (res://tests/test_ai_controller.gd:70)
       [1] test_card_draw_card_extends_drawn_cards (res://tests/test_ai_controller.gd:252)
       [2] _run_test (res://addons/gut/gut.gd:612)
       [3] _test_the_scripts (res://addons/gut/gut.gd:815)
SCRIPT ERROR: Invalid call. Nonexistent function 'start_turn' in base 'Nil'.
   at: _run_ai_turn (res://tests/test_ai_controller.gd:89)
   GDScript backtrace (most recent call first):
       [0] _run_ai_turn (res://tests/test_ai_controller.gd:89)
       [1] test_card_draw_card_extends_drawn_cards (res://tests/test_ai_controller.gd:253)
       [2] _run_test (res://addons/gut/gut.gd:612)
       [3] _test_the_scripts (res://addons/gut/gut.gd:815)
SCRIPT ERROR: Invalid call. Nonexistent function 'new' in base 'GDScript'.
   at: _spawn_ai (res://tests/test_ai_controller.gd:70)
   GDScript backtrace (most recent call first):
       [0] _spawn_ai (res://tests/test_ai_controller.gd:70)
       [1] test_card_draw_card_extends_drawn_cards (res://tests/test_ai_controller.gd:252)
       [2] _run_test (res://addons/gut/gut.gd:612)
       [3] _test_the_scripts (res://addons/gut/gut.gd:815)
SCRIPT ERROR: Invalid call. Nonexistent function 'start_turn' in base 'Nil'.
   at: _run_ai_turn (res://tests/test_ai_controller.gd:89)
   GDScript backtrace (most recent call first):
       [0] _run_ai_turn (res://tests/test_ai_controller.gd:89)
       [1] test_card_draw_card_extends_drawn_cards (res://tests/test_ai_controller.gd:253)
       [2] _run_test (res://addons/gut/gut.gd:612)
       [3] _test_the_scripts (res://addons/gut/gut.gd:815)
SCRIPT ERROR: Invalid call. Nonexistent function 'new' in base 'GDScript'.
   at: _spawn_ai (res://tests/test_ai_controller.gd:70)
   GDScript backtrace (most recent call first):
       [0] _spawn_ai (res://tests/test_ai_controller.gd:70)
       [1] test_card_draw_card_extends_drawn_cards (res://tests/test_ai_controller.gd:252)
       [2] _run_test (res://addons/gut/gut.gd:612)
       [3] _test_the_scripts (res://addons/gut/gut.gd:815)
SCRIPT ERROR: Invalid call. Nonexistent function 'start_turn' in base 'Nil'.
   at: _run_ai_turn (res://tests/test_ai_controller.gd:89)
   GDScript backtrace (most recent call first):
       [0] _run_ai_turn (res://tests/test_ai_controller.gd:89)
       [1] test_card_draw_card_extends_drawn_cards (res://tests/test_ai_controller.gd:253)
       [2] _run_test (res://addons/gut/gut.gd:612)
       [3] _test_the_scripts (res://addons/gut/gut.gd:815)
SCRIPT ERROR: Invalid call. Nonexistent function 'new' in base 'GDScript'.
   at: _spawn_ai (res://tests/test_ai_controller.gd:70)
   GDScript backtrace (most recent call first):
       [0] _spawn_ai (res://tests/test_ai_controller.gd:70)
       [1] test_card_draw_card_extends_drawn_cards (res://tests/test_ai_controller.gd:252)
       [2] _run_test (res://addons/gut/gut.gd:612)
       [3] _test_the_scripts (res://addons/gut/gut.gd:815)
SCRIPT ERROR: Invalid call. Nonexistent function 'start_turn' in base 'Nil'.
   at: _run_ai_turn (res://tests/test_ai_controller.gd:89)
   GDScript backtrace (most recent call first):
       [0] _run_ai_turn (res://tests/test_ai_controller.gd:89)
       [1] test_card_draw_card_extends_drawn_cards (res://tests/test_ai_controller.gd:253)
       [2] _run_test (res://addons/gut/gut.gd:612)
       [3] _test_the_scripts (res://addons/gut/gut.gd:815)
SCRIPT ERROR: Invalid call. Nonexistent function 'new' in base 'GDScript'.
   at: _spawn_ai (res://tests/test_ai_controller.gd:70)
   GDScript backtrace (most recent call first):
       [0] _spawn_ai (res://tests/test_ai_controller.gd:70)
       [1] test_card_draw_card_extends_drawn_cards (res://tests/test_ai_controller.gd:252)
       [2] _run_test (res://addons/gut/gut.gd:612)
       [3] _test_the_scripts (res://addons/gut/gut.gd:815)
SCRIPT ERROR: Invalid call. Nonexistent function 'start_turn' in base 'Nil'.
   at: _run_ai_turn (res://tests/test_ai_controller.gd:89)
   GDScript backtrace (most recent call first):
       [0] _run_ai_turn (res://tests/test_ai_controller.gd:89)
       [1] test_card_draw_card_extends_drawn_cards (res://tests/test_ai_controller.gd:253)
       [2] _run_test (res://addons/gut/gut.gd:612)
       [3] _test_the_scripts (res://addons/gut/gut.gd:815)
SCRIPT ERROR: Invalid call. Nonexistent function 'new' in base 'GDScript'.
   at: _spawn_ai (res://tests/test_ai_controller.gd:70)
   GDScript backtrace (most recent call first):
       [0] _spawn_ai (res://tests/test_ai_controller.gd:70)
       [1] test_card_draw_card_extends_drawn_cards (res://tests/test_ai_controller.gd:252)
       [2] _run_test (res://addons/gut/gut.gd:612)
       [3] _test_the_scripts (res://addons/gut/gut.gd:815)
SCRIPT ERROR: Invalid call. Nonexistent function 'start_turn' in base 'Nil'.
   at: _run_ai_turn (res://tests/test_ai_controller.gd:89)
   GDScript backtrace (most recent call first):
       [0] _run_ai_turn (res://tests/test_ai_controller.gd:89)
       [1] test_card_draw_card_extends_drawn_cards (res://tests/test_ai_controller.gd:253)
       [2] _run_test (res://addons/gut/gut.gd:612)
       [3] _test_the_scripts (res://addons/gut/gut.gd:815)
SCRIPT ERROR: Invalid call. Nonexistent function 'new' in base 'GDScript'.
   at: _spawn_ai (res://tests/test_ai_controller.gd:70)
   GDScript backtrace (most recent call first):
       [0] _spawn_ai (res://tests/test_ai_controller.gd:70)
       [1] test_card_draw_card_extends_drawn_cards (res://tests/test_ai_controller.gd:252)
       [2] _run_test (res://addons/gut/gut.gd:612)
       [3] _test_the_scripts (res://addons/gut/gut.gd:815)
SCRIPT ERROR: Invalid call. Nonexistent function 'start_turn' in base 'Nil'.
   at: _run_ai_turn (res://tests/test_ai_controller.gd:89)
   GDScript backtrace (most recent call first):
       [0] _run_ai_turn (res://tests/test_ai_controller.gd:89)
       [1] test_card_draw_card_extends_drawn_cards (res://tests/test_ai_controller.gd:253)
       [2] _run_test (res://addons/gut/gut.gd:612)
       [3] _test_the_scripts (res://addons/gut/gut.gd:815)
SCRIPT ERROR: Invalid call. Nonexistent function 'new' in base 'GDScript'.
   at: _spawn_ai (res://tests/test_ai_controller.gd:70)
   GDScript backtrace (most recent call first):
       [0] _spawn_ai (res://tests/test_ai_controller.gd:70)
       [1] test_card_draw_card_extends_drawn_cards (res://tests/test_ai_controller.gd:252)
       [2] _run_test (res://addons/gut/gut.gd:612)
       [3] _test_the_scripts (res://addons/gut/gut.gd:815)
SCRIPT ERROR: Invalid call. Nonexistent function 'start_turn' in base 'Nil'.
   at: _run_ai_turn (res://tests/test_ai_controller.gd:89)
   GDScript backtrace (most recent call first):
       [0] _run_ai_turn (res://tests/test_ai_controller.gd:89)
       [1] test_card_draw_card_extends_drawn_cards (res://tests/test_ai_controller.gd:253)
       [2] _run_test (res://addons/gut/gut.gd:612)
       [3] _test_the_scripts (res://addons/gut/gut.gd:815)
SCRIPT ERROR: Invalid call. Nonexistent function 'new' in base 'GDScript'.
   at: _spawn_ai (res://tests/test_ai_controller.gd:70)
   GDScript backtrace (most recent call first):
       [0] _spawn_ai (res://tests/test_ai_controller.gd:70)
       [1] test_card_draw_card_extends_drawn_cards (res://tests/test_ai_controller.gd:252)
       [2] _run_test (res://addons/gut/gut.gd:612)
       [3] _test_the_scripts (res://addons/gut/gut.gd:815)
SCRIPT ERROR: Invalid call. Nonexistent function 'start_turn' in base 'Nil'.
   at: _run_ai_turn (res://tests/test_ai_controller.gd:89)
   GDScript backtrace (most recent call first):
       [0] _run_ai_turn (res://tests/test_ai_controller.gd:89)
       [1] test_card_draw_card_extends_drawn_cards (res://tests/test_ai_controller.gd:253)
       [2] _run_test (res://addons/gut/gut.gd:612)
       [3] _test_the_scripts (res://addons/gut/gut.gd:815)
SCRIPT ERROR: Invalid call. Nonexistent function 'new' in base 'GDScript'.
   at: _spawn_ai (res://tests/test_ai_controller.gd:70)
   GDScript backtrace (most recent call first):
       [0] _spawn_ai (res://tests/test_ai_controller.gd:70)
       [1] test_card_draw_card_extends_drawn_cards (res://tests/test_ai_controller.gd:252)
       [2] _run_test (res://addons/gut/gut.gd:612)
       [3] _test_the_scripts (res://addons/gut/gut.gd:815)
SCRIPT ERROR: Invalid call. Nonexistent function 'start_turn' in base 'Nil'.
   at: _run_ai_turn (res://tests/test_ai_controller.gd:89)
   GDScript backtrace (most recent call first):
       [0] _run_ai_turn (res://tests/test_ai_controller.gd:89)
       [1] test_card_draw_card_extends_drawn_cards (res://tests/test_ai_controller.gd:253)
       [2] _run_test (res://addons/gut/gut.gd:612)
       [3] _test_the_scripts (res://addons/gut/gut.gd:815)
SCRIPT ERROR: Invalid call. Nonexistent function 'new' in base 'GDScript'.
   at: _spawn_ai (res://tests/test_ai_controller.gd:70)
   GDScript backtrace (most recent call first):
       [0] _spawn_ai (res://tests/test_ai_controller.gd:70)
       [1] test_card_draw_card_extends_drawn_cards (res://tests/test_ai_controller.gd:252)
       [2] _run_test (res://addons/gut/gut.gd:612)
       [3] _test_the_scripts (res://addons/gut/gut.gd:815)
SCRIPT ERROR: Invalid call. Nonexistent function 'start_turn' in base 'Nil'.
   at: _run_ai_turn (res://tests/test_ai_controller.gd:89)
   GDScript backtrace (most recent call first):
       [0] _run_ai_turn (res://tests/test_ai_controller.gd:89)
       [1] test_card_draw_card_extends_drawn_cards (res://tests/test_ai_controller.gd:253)
       [2] _run_test (res://addons/gut/gut.gd:612)
       [3] _test_the_scripts (res://addons/gut/gut.gd:815)
SCRIPT ERROR: Invalid call. Nonexistent function 'new' in base 'GDScript'.
   at: _spawn_ai (res://tests/test_ai_controller.gd:70)
   GDScript backtrace (most recent call first):
       [0] _spawn_ai (res://tests/test_ai_controller.gd:70)
       [1] test_card_draw_card_extends_drawn_cards (res://tests/test_ai_controller.gd:252)
       [2] _run_test (res://addons/gut/gut.gd:612)
       [3] _test_the_scripts (res://addons/gut/gut.gd:815)
SCRIPT ERROR: Invalid call. Nonexistent function 'start_turn' in base 'Nil'.
   at: _run_ai_turn (res://tests/test_ai_controller.gd:89)
   GDScript backtrace (most recent call first):
       [0] _run_ai_turn (res://tests/test_ai_controller.gd:89)
       [1] test_card_draw_card_extends_drawn_cards (res://tests/test_ai_controller.gd:253)
       [2] _run_test (res://addons/gut/gut.gd:612)
       [3] _test_the_scripts (res://addons/gut/gut.gd:815)
SCRIPT ERROR: Invalid call. Nonexistent function 'new' in base 'GDScript'.
   at: _spawn_ai (res://tests/test_ai_controller.gd:70)
   GDScript backtrace (most recent call first):
       [0] _spawn_ai (res://tests/test_ai_controller.gd:70)
       [1] test_card_draw_card_extends_drawn_cards (res://tests/test_ai_controller.gd:252)
       [2] _run_test (res://addons/gut/gut.gd:612)
       [3] _test_the_scripts (res://addons/gut/gut.gd:815)
SCRIPT ERROR: Invalid call. Nonexistent function 'start_turn' in base 'Nil'.
   at: _run_ai_turn (res://tests/test_ai_controller.gd:89)
   GDScript backtrace (most recent call first):
       [0] _run_ai_turn (res://tests/test_ai_controller.gd:89)
       [1] test_card_draw_card_extends_drawn_cards (res://tests/test_ai_controller.gd:253)
       [2] _run_test (res://addons/gut/gut.gd:612)
       [3] _test_the_scripts (res://addons/gut/gut.gd:815)
SCRIPT ERROR: Invalid call. Nonexistent function 'new' in base 'GDScript'.
   at: _spawn_ai (res://tests/test_ai_controller.gd:70)
   GDScript backtrace (most recent call first):
       [0] _spawn_ai (res://tests/test_ai_controller.gd:70)
       [1] test_card_draw_card_extends_drawn_cards (res://tests/test_ai_controller.gd:252)
       [2] _run_test (res://addons/gut/gut.gd:612)
       [3] _test_the_scripts (res://addons/gut/gut.gd:815)
SCRIPT ERROR: Invalid call. Nonexistent function 'start_turn' in base 'Nil'.
   at: _run_ai_turn (res://tests/test_ai_controller.gd:89)
   GDScript backtrace (most recent call first):
       [0] _run_ai_turn (res://tests/test_ai_controller.gd:89)
       [1] test_card_draw_card_extends_drawn_cards (res://tests/test_ai_controller.gd:253)
       [2] _run_test (res://addons/gut/gut.gd:612)
       [3] _test_the_scripts (res://addons/gut/gut.gd:815)
SCRIPT ERROR: Invalid call. Nonexistent function 'new' in base 'GDScript'.
   at: _spawn_ai (res://tests/test_ai_controller.gd:70)
   GDScript backtrace (most recent call first):
       [0] _spawn_ai (res://tests/test_ai_controller.gd:70)
       [1] test_card_draw_card_extends_drawn_cards (res://tests/test_ai_controller.gd:252)
       [2] _run_test (res://addons/gut/gut.gd:612)
       [3] _test_the_scripts (res://addons/gut/gut.gd:815)
SCRIPT ERROR: Invalid call. Nonexistent function 'start_turn' in base 'Nil'.
   at: _run_ai_turn (res://tests/test_ai_controller.gd:89)
   GDScript backtrace (most recent call first):
       [0] _run_ai_turn (res://tests/test_ai_controller.gd:89)
       [1] test_card_draw_card_extends_drawn_cards (res://tests/test_ai_controller.gd:253)
       [2] _run_test (res://addons/gut/gut.gd:612)
       [3] _test_the_scripts (res://addons/gut/gut.gd:815)
SCRIPT ERROR: Invalid call. Nonexistent function 'new' in base 'GDScript'.
   at: _spawn_ai (res://tests/test_ai_controller.gd:70)
   GDScript backtrace (most recent call first):
       [0] _spawn_ai (res://tests/test_ai_controller.gd:70)
       [1] test_card_draw_card_extends_drawn_cards (res://tests/test_ai_controller.gd:252)
       [2] _run_test (res://addons/gut/gut.gd:612)
       [3] _test_the_scripts (res://addons/gut/gut.gd:815)
SCRIPT ERROR: Invalid call. Nonexistent function 'start_turn' in base 'Nil'.
   at: _run_ai_turn (res://tests/test_ai_controller.gd:89)
   GDScript backtrace (most recent call first):
       [0] _run_ai_turn (res://tests/test_ai_controller.gd:89)
       [1] test_card_draw_card_extends_drawn_cards (res://tests/test_ai_controller.gd:253)
       [2] _run_test (res://addons/gut/gut.gd:612)
       [3] _test_the_scripts (res://addons/gut/gut.gd:815)
SCRIPT ERROR: Invalid call. Nonexistent function 'new' in base 'GDScript'.
   at: _spawn_ai (res://tests/test_ai_controller.gd:70)
   GDScript backtrace (most recent call first):
       [0] _spawn_ai (res://tests/test_ai_controller.gd:70)
       [1] test_card_draw_card_extends_drawn_cards (res://tests/test_ai_controller.gd:252)
       [2] _run_test (res://addons/gut/gut.gd:612)
       [3] _test_the_scripts (res://addons/gut/gut.gd:815)
SCRIPT ERROR: Invalid call. Nonexistent function 'start_turn' in base 'Nil'.
   at: _run_ai_turn (res://tests/test_ai_controller.gd:89)
   GDScript backtrace (most recent call first):
       [0] _run_ai_turn (res://tests/test_ai_controller.gd:89)
       [1] test_card_draw_card_extends_drawn_cards (res://tests/test_ai_controller.gd:253)
       [2] _run_test (res://addons/gut/gut.gd:612)
       [3] _test_the_scripts (res://addons/gut/gut.gd:815)
[31m    [Failed]:  [0mAlgún seed debe llevar a jugar la CardDrawCard y robar 2 más
      at line 261
* test_ai_can_build_a_building_end_to_end
SCRIPT ERROR: Invalid call. Nonexistent function 'new' in base 'GDScript'.
   at: _spawn_ai (res://tests/test_ai_controller.gd:70)
   GDScript backtrace (most recent call first):
       [0] _spawn_ai (res://tests/test_ai_controller.gd:70)
       [1] test_ai_can_build_a_building_end_to_end (res://tests/test_ai_controller.gd:307)
       [2] _run_test (res://addons/gut/gut.gd:612)
       [3] _test_the_scripts (res://addons/gut/gut.gd:815)
SCRIPT ERROR: Invalid call. Nonexistent function 'start_turn' in base 'Nil'.
   at: _run_ai_turn (res://tests/test_ai_controller.gd:89)
   GDScript backtrace (most recent call first):
       [0] _run_ai_turn (res://tests/test_ai_controller.gd:89)
       [1] test_ai_can_build_a_building_end_to_end (res://tests/test_ai_controller.gd:308)
       [2] _run_test (res://addons/gut/gut.gd:612)
       [3] _test_the_scripts (res://addons/gut/gut.gd:815)
SCRIPT ERROR: Invalid call. Nonexistent function 'new' in base 'GDScript'.
   at: _spawn_ai (res://tests/test_ai_controller.gd:70)
   GDScript backtrace (most recent call first):
       [0] _spawn_ai (res://tests/test_ai_controller.gd:70)
       [1] test_ai_can_build_a_building_end_to_end (res://tests/test_ai_controller.gd:307)
       [2] _run_test (res://addons/gut/gut.gd:612)
       [3] _test_the_scripts (res://addons/gut/gut.gd:815)
SCRIPT ERROR: Invalid call. Nonexistent function 'start_turn' in base 'Nil'.
   at: _run_ai_turn (res://tests/test_ai_controller.gd:89)
   GDScript backtrace (most recent call first):
       [0] _run_ai_turn (res://tests/test_ai_controller.gd:89)
       [1] test_ai_can_build_a_building_end_to_end (res://tests/test_ai_controller.gd:308)
       [2] _run_test (res://addons/gut/gut.gd:612)
       [3] _test_the_scripts (res://addons/gut/gut.gd:815)
SCRIPT ERROR: Invalid call. Nonexistent function 'new' in base 'GDScript'.
   at: _spawn_ai (res://tests/test_ai_controller.gd:70)
   GDScript backtrace (most recent call first):
       [0] _spawn_ai (res://tests/test_ai_controller.gd:70)
       [1] test_ai_can_build_a_building_end_to_end (res://tests/test_ai_controller.gd:307)
       [2] _run_test (res://addons/gut/gut.gd:612)
       [3] _test_the_scripts (res://addons/gut/gut.gd:815)
SCRIPT ERROR: Invalid call. Nonexistent function 'start_turn' in base 'Nil'.
   at: _run_ai_turn (res://tests/test_ai_controller.gd:89)
   GDScript backtrace (most recent call first):
       [0] _run_ai_turn (res://tests/test_ai_controller.gd:89)
       [1] test_ai_can_build_a_building_end_to_end (res://tests/test_ai_controller.gd:308)
       [2] _run_test (res://addons/gut/gut.gd:612)
       [3] _test_the_scripts (res://addons/gut/gut.gd:815)
SCRIPT ERROR: Invalid call. Nonexistent function 'new' in base 'GDScript'.
   at: _spawn_ai (res://tests/test_ai_controller.gd:70)
   GDScript backtrace (most recent call first):
       [0] _spawn_ai (res://tests/test_ai_controller.gd:70)
       [1] test_ai_can_build_a_building_end_to_end (res://tests/test_ai_controller.gd:307)
       [2] _run_test (res://addons/gut/gut.gd:612)
       [3] _test_the_scripts (res://addons/gut/gut.gd:815)
SCRIPT ERROR: Invalid call. Nonexistent function 'start_turn' in base 'Nil'.
   at: _run_ai_turn (res://tests/test_ai_controller.gd:89)
   GDScript backtrace (most recent call first):
       [0] _run_ai_turn (res://tests/test_ai_controller.gd:89)
       [1] test_ai_can_build_a_building_end_to_end (res://tests/test_ai_controller.gd:308)
       [2] _run_test (res://addons/gut/gut.gd:612)
       [3] _test_the_scripts (res://addons/gut/gut.gd:815)
SCRIPT ERROR: Invalid call. Nonexistent function 'new' in base 'GDScript'.
   at: _spawn_ai (res://tests/test_ai_controller.gd:70)
   GDScript backtrace (most recent call first):
       [0] _spawn_ai (res://tests/test_ai_controller.gd:70)
       [1] test_ai_can_build_a_building_end_to_end (res://tests/test_ai_controller.gd:307)
       [2] _run_test (res://addons/gut/gut.gd:612)
       [3] _test_the_scripts (res://addons/gut/gut.gd:815)
SCRIPT ERROR: Invalid call. Nonexistent function 'start_turn' in base 'Nil'.
   at: _run_ai_turn (res://tests/test_ai_controller.gd:89)
   GDScript backtrace (most recent call first):
       [0] _run_ai_turn (res://tests/test_ai_controller.gd:89)
       [1] test_ai_can_build_a_building_end_to_end (res://tests/test_ai_controller.gd:308)
       [2] _run_test (res://addons/gut/gut.gd:612)
       [3] _test_the_scripts (res://addons/gut/gut.gd:815)
SCRIPT ERROR: Invalid call. Nonexistent function 'new' in base 'GDScript'.
   at: _spawn_ai (res://tests/test_ai_controller.gd:70)
   GDScript backtrace (most recent call first):
       [0] _spawn_ai (res://tests/test_ai_controller.gd:70)
       [1] test_ai_can_build_a_building_end_to_end (res://tests/test_ai_controller.gd:307)
       [2] _run_test (res://addons/gut/gut.gd:612)
       [3] _test_the_scripts (res://addons/gut/gut.gd:815)
SCRIPT ERROR: Invalid call. Nonexistent function 'start_turn' in base 'Nil'.
   at: _run_ai_turn (res://tests/test_ai_controller.gd:89)
   GDScript backtrace (most recent call first):
       [0] _run_ai_turn (res://tests/test_ai_controller.gd:89)
       [1] test_ai_can_build_a_building_end_to_end (res://tests/test_ai_controller.gd:308)
       [2] _run_test (res://addons/gut/gut.gd:612)
       [3] _test_the_scripts (res://addons/gut/gut.gd:815)
SCRIPT ERROR: Invalid call. Nonexistent function 'new' in base 'GDScript'.
   at: _spawn_ai (res://tests/test_ai_controller.gd:70)
   GDScript backtrace (most recent call first):
       [0] _spawn_ai (res://tests/test_ai_controller.gd:70)
       [1] test_ai_can_build_a_building_end_to_end (res://tests/test_ai_controller.gd:307)
       [2] _run_test (res://addons/gut/gut.gd:612)
       [3] _test_the_scripts (res://addons/gut/gut.gd:815)
SCRIPT ERROR: Invalid call. Nonexistent function 'start_turn' in base 'Nil'.
   at: _run_ai_turn (res://tests/test_ai_controller.gd:89)
   GDScript backtrace (most recent call first):
       [0] _run_ai_turn (res://tests/test_ai_controller.gd:89)
       [1] test_ai_can_build_a_building_end_to_end (res://tests/test_ai_controller.gd:308)
       [2] _run_test (res://addons/gut/gut.gd:612)
       [3] _test_the_scripts (res://addons/gut/gut.gd:815)
SCRIPT ERROR: Invalid call. Nonexistent function 'new' in base 'GDScript'.
   at: _spawn_ai (res://tests/test_ai_controller.gd:70)
   GDScript backtrace (most recent call first):
       [0] _spawn_ai (res://tests/test_ai_controller.gd:70)
       [1] test_ai_can_build_a_building_end_to_end (res://tests/test_ai_controller.gd:307)
       [2] _run_test (res://addons/gut/gut.gd:612)
       [3] _test_the_scripts (res://addons/gut/gut.gd:815)
SCRIPT ERROR: Invalid call. Nonexistent function 'start_turn' in base 'Nil'.
   at: _run_ai_turn (res://tests/test_ai_controller.gd:89)
   GDScript backtrace (most recent call first):
       [0] _run_ai_turn (res://tests/test_ai_controller.gd:89)
       [1] test_ai_can_build_a_building_end_to_end (res://tests/test_ai_controller.gd:308)
       [2] _run_test (res://addons/gut/gut.gd:612)
       [3] _test_the_scripts (res://addons/gut/gut.gd:815)
SCRIPT ERROR: Invalid call. Nonexistent function 'new' in base 'GDScript'.
   at: _spawn_ai (res://tests/test_ai_controller.gd:70)
   GDScript backtrace (most recent call first):
       [0] _spawn_ai (res://tests/test_ai_controller.gd:70)
       [1] test_ai_can_build_a_building_end_to_end (res://tests/test_ai_controller.gd:307)
       [2] _run_test (res://addons/gut/gut.gd:612)
       [3] _test_the_scripts (res://addons/gut/gut.gd:815)
SCRIPT ERROR: Invalid call. Nonexistent function 'start_turn' in base 'Nil'.
   at: _run_ai_turn (res://tests/test_ai_controller.gd:89)
   GDScript backtrace (most recent call first):
       [0] _run_ai_turn (res://tests/test_ai_controller.gd:89)
       [1] test_ai_can_build_a_building_end_to_end (res://tests/test_ai_controller.gd:308)
       [2] _run_test (res://addons/gut/gut.gd:612)
       [3] _test_the_scripts (res://addons/gut/gut.gd:815)
SCRIPT ERROR: Invalid call. Nonexistent function 'new' in base 'GDScript'.
   at: _spawn_ai (res://tests/test_ai_controller.gd:70)
   GDScript backtrace (most recent call first):
       [0] _spawn_ai (res://tests/test_ai_controller.gd:70)
       [1] test_ai_can_build_a_building_end_to_end (res://tests/test_ai_controller.gd:307)
       [2] _run_test (res://addons/gut/gut.gd:612)
       [3] _test_the_scripts (res://addons/gut/gut.gd:815)
SCRIPT ERROR: Invalid call. Nonexistent function 'start_turn' in base 'Nil'.
   at: _run_ai_turn (res://tests/test_ai_controller.gd:89)
   GDScript backtrace (most recent call first):
       [0] _run_ai_turn (res://tests/test_ai_controller.gd:89)
       [1] test_ai_can_build_a_building_end_to_end (res://tests/test_ai_controller.gd:308)
       [2] _run_test (res://addons/gut/gut.gd:612)
       [3] _test_the_scripts (res://addons/gut/gut.gd:815)
SCRIPT ERROR: Invalid call. Nonexistent function 'new' in base 'GDScript'.
   at: _spawn_ai (res://tests/test_ai_controller.gd:70)
   GDScript backtrace (most recent call first):
       [0] _spawn_ai (res://tests/test_ai_controller.gd:70)
       [1] test_ai_can_build_a_building_end_to_end (res://tests/test_ai_controller.gd:307)
       [2] _run_test (res://addons/gut/gut.gd:612)
       [3] _test_the_scripts (res://addons/gut/gut.gd:815)
SCRIPT ERROR: Invalid call. Nonexistent function 'start_turn' in base 'Nil'.
   at: _run_ai_turn (res://tests/test_ai_controller.gd:89)
   GDScript backtrace (most recent call first):
       [0] _run_ai_turn (res://tests/test_ai_controller.gd:89)
       [1] test_ai_can_build_a_building_end_to_end (res://tests/test_ai_controller.gd:308)
       [2] _run_test (res://addons/gut/gut.gd:612)
       [3] _test_the_scripts (res://addons/gut/gut.gd:815)
SCRIPT ERROR: Invalid call. Nonexistent function 'new' in base 'GDScript'.
   at: _spawn_ai (res://tests/test_ai_controller.gd:70)
   GDScript backtrace (most recent call first):
       [0] _spawn_ai (res://tests/test_ai_controller.gd:70)
       [1] test_ai_can_build_a_building_end_to_end (res://tests/test_ai_controller.gd:307)
       [2] _run_test (res://addons/gut/gut.gd:612)
       [3] _test_the_scripts (res://addons/gut/gut.gd:815)
SCRIPT ERROR: Invalid call. Nonexistent function 'start_turn' in base 'Nil'.
   at: _run_ai_turn (res://tests/test_ai_controller.gd:89)
   GDScript backtrace (most recent call first):
       [0] _run_ai_turn (res://tests/test_ai_controller.gd:89)
       [1] test_ai_can_build_a_building_end_to_end (res://tests/test_ai_controller.gd:308)
       [2] _run_test (res://addons/gut/gut.gd:612)
       [3] _test_the_scripts (res://addons/gut/gut.gd:815)
SCRIPT ERROR: Invalid call. Nonexistent function 'new' in base 'GDScript'.
   at: _spawn_ai (res://tests/test_ai_controller.gd:70)
   GDScript backtrace (most recent call first):
       [0] _spawn_ai (res://tests/test_ai_controller.gd:70)
       [1] test_ai_can_build_a_building_end_to_end (res://tests/test_ai_controller.gd:307)
       [2] _run_test (res://addons/gut/gut.gd:612)
       [3] _test_the_scripts (res://addons/gut/gut.gd:815)
SCRIPT ERROR: Invalid call. Nonexistent function 'start_turn' in base 'Nil'.
   at: _run_ai_turn (res://tests/test_ai_controller.gd:89)
   GDScript backtrace (most recent call first):
       [0] _run_ai_turn (res://tests/test_ai_controller.gd:89)
       [1] test_ai_can_build_a_building_end_to_end (res://tests/test_ai_controller.gd:308)
       [2] _run_test (res://addons/gut/gut.gd:612)
       [3] _test_the_scripts (res://addons/gut/gut.gd:815)
SCRIPT ERROR: Invalid call. Nonexistent function 'new' in base 'GDScript'.
   at: _spawn_ai (res://tests/test_ai_controller.gd:70)
   GDScript backtrace (most recent call first):
       [0] _spawn_ai (res://tests/test_ai_controller.gd:70)
       [1] test_ai_can_build_a_building_end_to_end (res://tests/test_ai_controller.gd:307)
       [2] _run_test (res://addons/gut/gut.gd:612)
       [3] _test_the_scripts (res://addons/gut/gut.gd:815)
SCRIPT ERROR: Invalid call. Nonexistent function 'start_turn' in base 'Nil'.
   at: _run_ai_turn (res://tests/test_ai_controller.gd:89)
   GDScript backtrace (most recent call first):
       [0] _run_ai_turn (res://tests/test_ai_controller.gd:89)
       [1] test_ai_can_build_a_building_end_to_end (res://tests/test_ai_controller.gd:308)
       [2] _run_test (res://addons/gut/gut.gd:612)
       [3] _test_the_scripts (res://addons/gut/gut.gd:815)
SCRIPT ERROR: Invalid call. Nonexistent function 'new' in base 'GDScript'.
   at: _spawn_ai (res://tests/test_ai_controller.gd:70)
   GDScript backtrace (most recent call first):
       [0] _spawn_ai (res://tests/test_ai_controller.gd:70)
       [1] test_ai_can_build_a_building_end_to_end (res://tests/test_ai_controller.gd:307)
       [2] _run_test (res://addons/gut/gut.gd:612)
       [3] _test_the_scripts (res://addons/gut/gut.gd:815)
SCRIPT ERROR: Invalid call. Nonexistent function 'start_turn' in base 'Nil'.
   at: _run_ai_turn (res://tests/test_ai_controller.gd:89)
   GDScript backtrace (most recent call first):
       [0] _run_ai_turn (res://tests/test_ai_controller.gd:89)
       [1] test_ai_can_build_a_building_end_to_end (res://tests/test_ai_controller.gd:308)
       [2] _run_test (res://addons/gut/gut.gd:612)
       [3] _test_the_scripts (res://addons/gut/gut.gd:815)
SCRIPT ERROR: Invalid call. Nonexistent function 'new' in base 'GDScript'.
   at: _spawn_ai (res://tests/test_ai_controller.gd:70)
   GDScript backtrace (most recent call first):
       [0] _spawn_ai (res://tests/test_ai_controller.gd:70)
       [1] test_ai_can_build_a_building_end_to_end (res://tests/test_ai_controller.gd:307)
       [2] _run_test (res://addons/gut/gut.gd:612)
       [3] _test_the_scripts (res://addons/gut/gut.gd:815)
SCRIPT ERROR: Invalid call. Nonexistent function 'start_turn' in base 'Nil'.
   at: _run_ai_turn (res://tests/test_ai_controller.gd:89)
   GDScript backtrace (most recent call first):
       [0] _run_ai_turn (res://tests/test_ai_controller.gd:89)
       [1] test_ai_can_build_a_building_end_to_end (res://tests/test_ai_controller.gd:308)
       [2] _run_test (res://addons/gut/gut.gd:612)
       [3] _test_the_scripts (res://addons/gut/gut.gd:815)
SCRIPT ERROR: Invalid call. Nonexistent function 'new' in base 'GDScript'.
   at: _spawn_ai (res://tests/test_ai_controller.gd:70)
   GDScript backtrace (most recent call first):
       [0] _spawn_ai (res://tests/test_ai_controller.gd:70)
       [1] test_ai_can_build_a_building_end_to_end (res://tests/test_ai_controller.gd:307)
       [2] _run_test (res://addons/gut/gut.gd:612)
       [3] _test_the_scripts (res://addons/gut/gut.gd:815)
SCRIPT ERROR: Invalid call. Nonexistent function 'start_turn' in base 'Nil'.
   at: _run_ai_turn (res://tests/test_ai_controller.gd:89)
   GDScript backtrace (most recent call first):
       [0] _run_ai_turn (res://tests/test_ai_controller.gd:89)
       [1] test_ai_can_build_a_building_end_to_end (res://tests/test_ai_controller.gd:308)
       [2] _run_test (res://addons/gut/gut.gd:612)
       [3] _test_the_scripts (res://addons/gut/gut.gd:815)
SCRIPT ERROR: Invalid call. Nonexistent function 'new' in base 'GDScript'.
   at: _spawn_ai (res://tests/test_ai_controller.gd:70)
   GDScript backtrace (most recent call first):
       [0] _spawn_ai (res://tests/test_ai_controller.gd:70)
       [1] test_ai_can_build_a_building_end_to_end (res://tests/test_ai_controller.gd:307)
       [2] _run_test (res://addons/gut/gut.gd:612)
       [3] _test_the_scripts (res://addons/gut/gut.gd:815)
SCRIPT ERROR: Invalid call. Nonexistent function 'start_turn' in base 'Nil'.
   at: _run_ai_turn (res://tests/test_ai_controller.gd:89)
   GDScript backtrace (most recent call first):
       [0] _run_ai_turn (res://tests/test_ai_controller.gd:89)
       [1] test_ai_can_build_a_building_end_to_end (res://tests/test_ai_controller.gd:308)
       [2] _run_test (res://addons/gut/gut.gd:612)
       [3] _test_the_scripts (res://addons/gut/gut.gd:815)
SCRIPT ERROR: Invalid call. Nonexistent function 'new' in base 'GDScript'.
   at: _spawn_ai (res://tests/test_ai_controller.gd:70)
   GDScript backtrace (most recent call first):
       [0] _spawn_ai (res://tests/test_ai_controller.gd:70)
       [1] test_ai_can_build_a_building_end_to_end (res://tests/test_ai_controller.gd:307)
       [2] _run_test (res://addons/gut/gut.gd:612)
       [3] _test_the_scripts (res://addons/gut/gut.gd:815)
SCRIPT ERROR: Invalid call. Nonexistent function 'start_turn' in base 'Nil'.
   at: _run_ai_turn (res://tests/test_ai_controller.gd:89)
   GDScript backtrace (most recent call first):
       [0] _run_ai_turn (res://tests/test_ai_controller.gd:89)
       [1] test_ai_can_build_a_building_end_to_end (res://tests/test_ai_controller.gd:308)
       [2] _run_test (res://addons/gut/gut.gd:612)
       [3] _test_the_scripts (res://addons/gut/gut.gd:815)
SCRIPT ERROR: Invalid call. Nonexistent function 'new' in base 'GDScript'.
   at: _spawn_ai (res://tests/test_ai_controller.gd:70)
   GDScript backtrace (most recent call first):
       [0] _spawn_ai (res://tests/test_ai_controller.gd:70)
       [1] test_ai_can_build_a_building_end_to_end (res://tests/test_ai_controller.gd:307)
       [2] _run_test (res://addons/gut/gut.gd:612)
       [3] _test_the_scripts (res://addons/gut/gut.gd:815)
SCRIPT ERROR: Invalid call. Nonexistent function 'start_turn' in base 'Nil'.
   at: _run_ai_turn (res://tests/test_ai_controller.gd:89)
   GDScript backtrace (most recent call first):
       [0] _run_ai_turn (res://tests/test_ai_controller.gd:89)
       [1] test_ai_can_build_a_building_end_to_end (res://tests/test_ai_controller.gd:308)
       [2] _run_test (res://addons/gut/gut.gd:612)
       [3] _test_the_scripts (res://addons/gut/gut.gd:815)
SCRIPT ERROR: Invalid call. Nonexistent function 'new' in base 'GDScript'.
   at: _spawn_ai (res://tests/test_ai_controller.gd:70)
   GDScript backtrace (most recent call first):
       [0] _spawn_ai (res://tests/test_ai_controller.gd:70)
       [1] test_ai_can_build_a_building_end_to_end (res://tests/test_ai_controller.gd:307)
       [2] _run_test (res://addons/gut/gut.gd:612)
       [3] _test_the_scripts (res://addons/gut/gut.gd:815)
SCRIPT ERROR: Invalid call. Nonexistent function 'start_turn' in base 'Nil'.
   at: _run_ai_turn (res://tests/test_ai_controller.gd:89)
   GDScript backtrace (most recent call first):
       [0] _run_ai_turn (res://tests/test_ai_controller.gd:89)
       [1] test_ai_can_build_a_building_end_to_end (res://tests/test_ai_controller.gd:308)
       [2] _run_test (res://addons/gut/gut.gd:612)
       [3] _test_the_scripts (res://addons/gut/gut.gd:815)
SCRIPT ERROR: Invalid call. Nonexistent function 'new' in base 'GDScript'.
   at: _spawn_ai (res://tests/test_ai_controller.gd:70)
   GDScript backtrace (most recent call first):
       [0] _spawn_ai (res://tests/test_ai_controller.gd:70)
       [1] test_ai_can_build_a_building_end_to_end (res://tests/test_ai_controller.gd:307)
       [2] _run_test (res://addons/gut/gut.gd:612)
       [3] _test_the_scripts (res://addons/gut/gut.gd:815)
SCRIPT ERROR: Invalid call. Nonexistent function 'start_turn' in base 'Nil'.
   at: _run_ai_turn (res://tests/test_ai_controller.gd:89)
   GDScript backtrace (most recent call first):
       [0] _run_ai_turn (res://tests/test_ai_controller.gd:89)
       [1] test_ai_can_build_a_building_end_to_end (res://tests/test_ai_controller.gd:308)
       [2] _run_test (res://addons/gut/gut.gd:612)
       [3] _test_the_scripts (res://addons/gut/gut.gd:815)
SCRIPT ERROR: Invalid call. Nonexistent function 'new' in base 'GDScript'.
   at: _spawn_ai (res://tests/test_ai_controller.gd:70)
   GDScript backtrace (most recent call first):
       [0] _spawn_ai (res://tests/test_ai_controller.gd:70)
       [1] test_ai_can_build_a_building_end_to_end (res://tests/test_ai_controller.gd:307)
       [2] _run_test (res://addons/gut/gut.gd:612)
       [3] _test_the_scripts (res://addons/gut/gut.gd:815)
SCRIPT ERROR: Invalid call. Nonexistent function 'start_turn' in base 'Nil'.
   at: _run_ai_turn (res://tests/test_ai_controller.gd:89)
   GDScript backtrace (most recent call first):
       [0] _run_ai_turn (res://tests/test_ai_controller.gd:89)
       [1] test_ai_can_build_a_building_end_to_end (res://tests/test_ai_controller.gd:308)
       [2] _run_test (res://addons/gut/gut.gd:612)
       [3] _test_the_scripts (res://addons/gut/gut.gd:815)
SCRIPT ERROR: Invalid call. Nonexistent function 'new' in base 'GDScript'.
   at: _spawn_ai (res://tests/test_ai_controller.gd:70)
   GDScript backtrace (most recent call first):
       [0] _spawn_ai (res://tests/test_ai_controller.gd:70)
       [1] test_ai_can_build_a_building_end_to_end (res://tests/test_ai_controller.gd:307)
       [2] _run_test (res://addons/gut/gut.gd:612)
       [3] _test_the_scripts (res://addons/gut/gut.gd:815)
SCRIPT ERROR: Invalid call. Nonexistent function 'start_turn' in base 'Nil'.
   at: _run_ai_turn (res://tests/test_ai_controller.gd:89)
   GDScript backtrace (most recent call first):
       [0] _run_ai_turn (res://tests/test_ai_controller.gd:89)
       [1] test_ai_can_build_a_building_end_to_end (res://tests/test_ai_controller.gd:308)
       [2] _run_test (res://addons/gut/gut.gd:612)
       [3] _test_the_scripts (res://addons/gut/gut.gd:815)
SCRIPT ERROR: Invalid call. Nonexistent function 'new' in base 'GDScript'.
   at: _spawn_ai (res://tests/test_ai_controller.gd:70)
   GDScript backtrace (most recent call first):
       [0] _spawn_ai (res://tests/test_ai_controller.gd:70)
       [1] test_ai_can_build_a_building_end_to_end (res://tests/test_ai_controller.gd:307)
       [2] _run_test (res://addons/gut/gut.gd:612)
       [3] _test_the_scripts (res://addons/gut/gut.gd:815)
SCRIPT ERROR: Invalid call. Nonexistent function 'start_turn' in base 'Nil'.
   at: _run_ai_turn (res://tests/test_ai_controller.gd:89)
   GDScript backtrace (most recent call first):
       [0] _run_ai_turn (res://tests/test_ai_controller.gd:89)
       [1] test_ai_can_build_a_building_end_to_end (res://tests/test_ai_controller.gd:308)
       [2] _run_test (res://addons/gut/gut.gd:612)
       [3] _test_the_scripts (res://addons/gut/gut.gd:815)
SCRIPT ERROR: Invalid call. Nonexistent function 'new' in base 'GDScript'.
   at: _spawn_ai (res://tests/test_ai_controller.gd:70)
   GDScript backtrace (most recent call first):
       [0] _spawn_ai (res://tests/test_ai_controller.gd:70)
       [1] test_ai_can_build_a_building_end_to_end (res://tests/test_ai_controller.gd:307)
       [2] _run_test (res://addons/gut/gut.gd:612)
       [3] _test_the_scripts (res://addons/gut/gut.gd:815)
SCRIPT ERROR: Invalid call. Nonexistent function 'start_turn' in base 'Nil'.
   at: _run_ai_turn (res://tests/test_ai_controller.gd:89)
   GDScript backtrace (most recent call first):
       [0] _run_ai_turn (res://tests/test_ai_controller.gd:89)
       [1] test_ai_can_build_a_building_end_to_end (res://tests/test_ai_controller.gd:308)
       [2] _run_test (res://addons/gut/gut.gd:612)
       [3] _test_the_scripts (res://addons/gut/gut.gd:815)
SCRIPT ERROR: Invalid call. Nonexistent function 'new' in base 'GDScript'.
   at: _spawn_ai (res://tests/test_ai_controller.gd:70)
   GDScript backtrace (most recent call first):
       [0] _spawn_ai (res://tests/test_ai_controller.gd:70)
       [1] test_ai_can_build_a_building_end_to_end (res://tests/test_ai_controller.gd:307)
       [2] _run_test (res://addons/gut/gut.gd:612)
       [3] _test_the_scripts (res://addons/gut/gut.gd:815)
SCRIPT ERROR: Invalid call. Nonexistent function 'start_turn' in base 'Nil'.
   at: _run_ai_turn (res://tests/test_ai_controller.gd:89)
   GDScript backtrace (most recent call first):
       [0] _run_ai_turn (res://tests/test_ai_controller.gd:89)
       [1] test_ai_can_build_a_building_end_to_end (res://tests/test_ai_controller.gd:308)
       [2] _run_test (res://addons/gut/gut.gd:612)
       [3] _test_the_scripts (res://addons/gut/gut.gd:815)
SCRIPT ERROR: Invalid call. Nonexistent function 'new' in base 'GDScript'.
   at: _spawn_ai (res://tests/test_ai_controller.gd:70)
   GDScript backtrace (most recent call first):
       [0] _spawn_ai (res://tests/test_ai_controller.gd:70)
       [1] test_ai_can_build_a_building_end_to_end (res://tests/test_ai_controller.gd:307)
       [2] _run_test (res://addons/gut/gut.gd:612)
       [3] _test_the_scripts (res://addons/gut/gut.gd:815)
SCRIPT ERROR: Invalid call. Nonexistent function 'start_turn' in base 'Nil'.
   at: _run_ai_turn (res://tests/test_ai_controller.gd:89)
   GDScript backtrace (most recent call first):
       [0] _run_ai_turn (res://tests/test_ai_controller.gd:89)
       [1] test_ai_can_build_a_building_end_to_end (res://tests/test_ai_controller.gd:308)
       [2] _run_test (res://addons/gut/gut.gd:612)
       [3] _test_the_scripts (res://addons/gut/gut.gd:815)
SCRIPT ERROR: Invalid call. Nonexistent function 'new' in base 'GDScript'.
   at: _spawn_ai (res://tests/test_ai_controller.gd:70)
   GDScript backtrace (most recent call first):
       [0] _spawn_ai (res://tests/test_ai_controller.gd:70)
       [1] test_ai_can_build_a_building_end_to_end (res://tests/test_ai_controller.gd:307)
       [2] _run_test (res://addons/gut/gut.gd:612)
       [3] _test_the_scripts (res://addons/gut/gut.gd:815)
SCRIPT ERROR: Invalid call. Nonexistent function 'start_turn' in base 'Nil'.
   at: _run_ai_turn (res://tests/test_ai_controller.gd:89)
   GDScript backtrace (most recent call first):
       [0] _run_ai_turn (res://tests/test_ai_controller.gd:89)
       [1] test_ai_can_build_a_building_end_to_end (res://tests/test_ai_controller.gd:308)
       [2] _run_test (res://addons/gut/gut.gd:612)
       [3] _test_the_scripts (res://addons/gut/gut.gd:815)
SCRIPT ERROR: Invalid call. Nonexistent function 'new' in base 'GDScript'.
   at: _spawn_ai (res://tests/test_ai_controller.gd:70)
   GDScript backtrace (most recent call first):
       [0] _spawn_ai (res://tests/test_ai_controller.gd:70)
       [1] test_ai_can_build_a_building_end_to_end (res://tests/test_ai_controller.gd:307)
       [2] _run_test (res://addons/gut/gut.gd:612)
       [3] _test_the_scripts (res://addons/gut/gut.gd:815)
SCRIPT ERROR: Invalid call. Nonexistent function 'start_turn' in base 'Nil'.
   at: _run_ai_turn (res://tests/test_ai_controller.gd:89)
   GDScript backtrace (most recent call first):
       [0] _run_ai_turn (res://tests/test_ai_controller.gd:89)
       [1] test_ai_can_build_a_building_end_to_end (res://tests/test_ai_controller.gd:308)
       [2] _run_test (res://addons/gut/gut.gd:612)
       [3] _test_the_scripts (res://addons/gut/gut.gd:815)
[31m    [Failed]:  [0mAlgún seed debe llevar a la IA a construir el edificio
      at line 317
* test_ai_resolves_turn_event_at_end_of_turn
SCRIPT ERROR: Invalid call. Nonexistent function 'new' in base 'GDScript'.
   at: _spawn_ai (res://tests/test_ai_controller.gd:70)
   GDScript backtrace (most recent call first):
       [0] _spawn_ai (res://tests/test_ai_controller.gd:70)
       [1] test_ai_resolves_turn_event_at_end_of_turn (res://tests/test_ai_controller.gd:342)
       [2] _run_test (res://addons/gut/gut.gd:612)
       [3] _test_the_scripts (res://addons/gut/gut.gd:815)
SCRIPT ERROR: Invalid call. Nonexistent function 'start_turn' in base 'Nil'.
   at: _run_ai_turn (res://tests/test_ai_controller.gd:89)
   GDScript backtrace (most recent call first):
       [0] _run_ai_turn (res://tests/test_ai_controller.gd:89)
       [1] test_ai_resolves_turn_event_at_end_of_turn (res://tests/test_ai_controller.gd:343)
       [2] _run_test (res://addons/gut/gut.gd:612)
       [3] _test_the_scripts (res://addons/gut/gut.gd:815)
[31m    [Failed]:  [0m[50] expected to equal [80]:  El evento debe haberse resuelto y aplicado el efecto
      at line 346
* test_ai_can_recover_a_card_from_played_pile
SCRIPT ERROR: Invalid call. Nonexistent function 'new' in base 'GDScript'.
   at: _spawn_ai (res://tests/test_ai_controller.gd:70)
   GDScript backtrace (most recent call first):
       [0] _spawn_ai (res://tests/test_ai_controller.gd:70)
       [1] test_ai_can_recover_a_card_from_played_pile (res://tests/test_ai_controller.gd:371)
       [2] _run_test (res://addons/gut/gut.gd:612)
       [3] _test_the_scripts (res://addons/gut/gut.gd:815)
SCRIPT ERROR: Invalid call. Nonexistent function 'start_turn' in base 'Nil'.
   at: _run_ai_turn (res://tests/test_ai_controller.gd:89)
   GDScript backtrace (most recent call first):
       [0] _run_ai_turn (res://tests/test_ai_controller.gd:89)
       [1] test_ai_can_recover_a_card_from_played_pile (res://tests/test_ai_controller.gd:372)
       [2] _run_test (res://addons/gut/gut.gd:612)
       [3] _test_the_scripts (res://addons/gut/gut.gd:815)
SCRIPT ERROR: Invalid call. Nonexistent function 'new' in base 'GDScript'.
   at: _spawn_ai (res://tests/test_ai_controller.gd:70)
   GDScript backtrace (most recent call first):
       [0] _spawn_ai (res://tests/test_ai_controller.gd:70)
       [1] test_ai_can_recover_a_card_from_played_pile (res://tests/test_ai_controller.gd:371)
       [2] _run_test (res://addons/gut/gut.gd:612)
       [3] _test_the_scripts (res://addons/gut/gut.gd:815)
SCRIPT ERROR: Invalid call. Nonexistent function 'start_turn' in base 'Nil'.
   at: _run_ai_turn (res://tests/test_ai_controller.gd:89)
   GDScript backtrace (most recent call first):
       [0] _run_ai_turn (res://tests/test_ai_controller.gd:89)
       [1] test_ai_can_recover_a_card_from_played_pile (res://tests/test_ai_controller.gd:372)
       [2] _run_test (res://addons/gut/gut.gd:612)
       [3] _test_the_scripts (res://addons/gut/gut.gd:815)
SCRIPT ERROR: Invalid call. Nonexistent function 'new' in base 'GDScript'.
   at: _spawn_ai (res://tests/test_ai_controller.gd:70)
   GDScript backtrace (most recent call first):
       [0] _spawn_ai (res://tests/test_ai_controller.gd:70)
       [1] test_ai_can_recover_a_card_from_played_pile (res://tests/test_ai_controller.gd:371)
       [2] _run_test (res://addons/gut/gut.gd:612)
       [3] _test_the_scripts (res://addons/gut/gut.gd:815)
SCRIPT ERROR: Invalid call. Nonexistent function 'start_turn' in base 'Nil'.
   at: _run_ai_turn (res://tests/test_ai_controller.gd:89)
   GDScript backtrace (most recent call first):
       [0] _run_ai_turn (res://tests/test_ai_controller.gd:89)
       [1] test_ai_can_recover_a_card_from_played_pile (res://tests/test_ai_controller.gd:372)
       [2] _run_test (res://addons/gut/gut.gd:612)
       [3] _test_the_scripts (res://addons/gut/gut.gd:815)
SCRIPT ERROR: Invalid call. Nonexistent function 'new' in base 'GDScript'.
   at: _spawn_ai (res://tests/test_ai_controller.gd:70)
   GDScript backtrace (most recent call first):
       [0] _spawn_ai (res://tests/test_ai_controller.gd:70)
       [1] test_ai_can_recover_a_card_from_played_pile (res://tests/test_ai_controller.gd:371)
       [2] _run_test (res://addons/gut/gut.gd:612)
       [3] _test_the_scripts (res://addons/gut/gut.gd:815)
SCRIPT ERROR: Invalid call. Nonexistent function 'start_turn' in base 'Nil'.
   at: _run_ai_turn (res://tests/test_ai_controller.gd:89)
   GDScript backtrace (most recent call first):
       [0] _run_ai_turn (res://tests/test_ai_controller.gd:89)
       [1] test_ai_can_recover_a_card_from_played_pile (res://tests/test_ai_controller.gd:372)
       [2] _run_test (res://addons/gut/gut.gd:612)
       [3] _test_the_scripts (res://addons/gut/gut.gd:815)
SCRIPT ERROR: Invalid call. Nonexistent function 'new' in base 'GDScript'.
   at: _spawn_ai (res://tests/test_ai_controller.gd:70)
   GDScript backtrace (most recent call first):
       [0] _spawn_ai (res://tests/test_ai_controller.gd:70)
       [1] test_ai_can_recover_a_card_from_played_pile (res://tests/test_ai_controller.gd:371)
       [2] _run_test (res://addons/gut/gut.gd:612)
       [3] _test_the_scripts (res://addons/gut/gut.gd:815)
SCRIPT ERROR: Invalid call. Nonexistent function 'start_turn' in base 'Nil'.
   at: _run_ai_turn (res://tests/test_ai_controller.gd:89)
   GDScript backtrace (most recent call first):
       [0] _run_ai_turn (res://tests/test_ai_controller.gd:89)
       [1] test_ai_can_recover_a_card_from_played_pile (res://tests/test_ai_controller.gd:372)
       [2] _run_test (res://addons/gut/gut.gd:612)
       [3] _test_the_scripts (res://addons/gut/gut.gd:815)
SCRIPT ERROR: Invalid call. Nonexistent function 'new' in base 'GDScript'.
   at: _spawn_ai (res://tests/test_ai_controller.gd:70)
   GDScript backtrace (most recent call first):
       [0] _spawn_ai (res://tests/test_ai_controller.gd:70)
       [1] test_ai_can_recover_a_card_from_played_pile (res://tests/test_ai_controller.gd:371)
       [2] _run_test (res://addons/gut/gut.gd:612)
       [3] _test_the_scripts (res://addons/gut/gut.gd:815)
SCRIPT ERROR: Invalid call. Nonexistent function 'start_turn' in base 'Nil'.
   at: _run_ai_turn (res://tests/test_ai_controller.gd:89)
   GDScript backtrace (most recent call first):
       [0] _run_ai_turn (res://tests/test_ai_controller.gd:89)
       [1] test_ai_can_recover_a_card_from_played_pile (res://tests/test_ai_controller.gd:372)
       [2] _run_test (res://addons/gut/gut.gd:612)
       [3] _test_the_scripts (res://addons/gut/gut.gd:815)
SCRIPT ERROR: Invalid call. Nonexistent function 'new' in base 'GDScript'.
   at: _spawn_ai (res://tests/test_ai_controller.gd:70)
   GDScript backtrace (most recent call first):
       [0] _spawn_ai (res://tests/test_ai_controller.gd:70)
       [1] test_ai_can_recover_a_card_from_played_pile (res://tests/test_ai_controller.gd:371)
       [2] _run_test (res://addons/gut/gut.gd:612)
       [3] _test_the_scripts (res://addons/gut/gut.gd:815)
SCRIPT ERROR: Invalid call. Nonexistent function 'start_turn' in base 'Nil'.
   at: _run_ai_turn (res://tests/test_ai_controller.gd:89)
   GDScript backtrace (most recent call first):
       [0] _run_ai_turn (res://tests/test_ai_controller.gd:89)
       [1] test_ai_can_recover_a_card_from_played_pile (res://tests/test_ai_controller.gd:372)
       [2] _run_test (res://addons/gut/gut.gd:612)
       [3] _test_the_scripts (res://addons/gut/gut.gd:815)
SCRIPT ERROR: Invalid call. Nonexistent function 'new' in base 'GDScript'.
   at: _spawn_ai (res://tests/test_ai_controller.gd:70)
   GDScript backtrace (most recent call first):
       [0] _spawn_ai (res://tests/test_ai_controller.gd:70)
       [1] test_ai_can_recover_a_card_from_played_pile (res://tests/test_ai_controller.gd:371)
       [2] _run_test (res://addons/gut/gut.gd:612)
       [3] _test_the_scripts (res://addons/gut/gut.gd:815)
SCRIPT ERROR: Invalid call. Nonexistent function 'start_turn' in base 'Nil'.
   at: _run_ai_turn (res://tests/test_ai_controller.gd:89)
   GDScript backtrace (most recent call first):
       [0] _run_ai_turn (res://tests/test_ai_controller.gd:89)
       [1] test_ai_can_recover_a_card_from_played_pile (res://tests/test_ai_controller.gd:372)
       [2] _run_test (res://addons/gut/gut.gd:612)
       [3] _test_the_scripts (res://addons/gut/gut.gd:815)
SCRIPT ERROR: Invalid call. Nonexistent function 'new' in base 'GDScript'.
   at: _spawn_ai (res://tests/test_ai_controller.gd:70)
   GDScript backtrace (most recent call first):
       [0] _spawn_ai (res://tests/test_ai_controller.gd:70)
       [1] test_ai_can_recover_a_card_from_played_pile (res://tests/test_ai_controller.gd:371)
       [2] _run_test (res://addons/gut/gut.gd:612)
       [3] _test_the_scripts (res://addons/gut/gut.gd:815)
SCRIPT ERROR: Invalid call. Nonexistent function 'start_turn' in base 'Nil'.
   at: _run_ai_turn (res://tests/test_ai_controller.gd:89)
   GDScript backtrace (most recent call first):
       [0] _run_ai_turn (res://tests/test_ai_controller.gd:89)
       [1] test_ai_can_recover_a_card_from_played_pile (res://tests/test_ai_controller.gd:372)
       [2] _run_test (res://addons/gut/gut.gd:612)
       [3] _test_the_scripts (res://addons/gut/gut.gd:815)
SCRIPT ERROR: Invalid call. Nonexistent function 'new' in base 'GDScript'.
   at: _spawn_ai (res://tests/test_ai_controller.gd:70)
   GDScript backtrace (most recent call first):
       [0] _spawn_ai (res://tests/test_ai_controller.gd:70)
       [1] test_ai_can_recover_a_card_from_played_pile (res://tests/test_ai_controller.gd:371)
       [2] _run_test (res://addons/gut/gut.gd:612)
       [3] _test_the_scripts (res://addons/gut/gut.gd:815)
SCRIPT ERROR: Invalid call. Nonexistent function 'start_turn' in base 'Nil'.
   at: _run_ai_turn (res://tests/test_ai_controller.gd:89)
   GDScript backtrace (most recent call first):
       [0] _run_ai_turn (res://tests/test_ai_controller.gd:89)
       [1] test_ai_can_recover_a_card_from_played_pile (res://tests/test_ai_controller.gd:372)
       [2] _run_test (res://addons/gut/gut.gd:612)
       [3] _test_the_scripts (res://addons/gut/gut.gd:815)
SCRIPT ERROR: Invalid call. Nonexistent function 'new' in base 'GDScript'.
   at: _spawn_ai (res://tests/test_ai_controller.gd:70)
   GDScript backtrace (most recent call first):
       [0] _spawn_ai (res://tests/test_ai_controller.gd:70)
       [1] test_ai_can_recover_a_card_from_played_pile (res://tests/test_ai_controller.gd:371)
       [2] _run_test (res://addons/gut/gut.gd:612)
       [3] _test_the_scripts (res://addons/gut/gut.gd:815)
SCRIPT ERROR: Invalid call. Nonexistent function 'start_turn' in base 'Nil'.
   at: _run_ai_turn (res://tests/test_ai_controller.gd:89)
   GDScript backtrace (most recent call first):
       [0] _run_ai_turn (res://tests/test_ai_controller.gd:89)
       [1] test_ai_can_recover_a_card_from_played_pile (res://tests/test_ai_controller.gd:372)
       [2] _run_test (res://addons/gut/gut.gd:612)
       [3] _test_the_scripts (res://addons/gut/gut.gd:815)
SCRIPT ERROR: Invalid call. Nonexistent function 'new' in base 'GDScript'.
   at: _spawn_ai (res://tests/test_ai_controller.gd:70)
   GDScript backtrace (most recent call first):
       [0] _spawn_ai (res://tests/test_ai_controller.gd:70)
       [1] test_ai_can_recover_a_card_from_played_pile (res://tests/test_ai_controller.gd:371)
       [2] _run_test (res://addons/gut/gut.gd:612)
       [3] _test_the_scripts (res://addons/gut/gut.gd:815)
SCRIPT ERROR: Invalid call. Nonexistent function 'start_turn' in base 'Nil'.
   at: _run_ai_turn (res://tests/test_ai_controller.gd:89)
   GDScript backtrace (most recent call first):
       [0] _run_ai_turn (res://tests/test_ai_controller.gd:89)
       [1] test_ai_can_recover_a_card_from_played_pile (res://tests/test_ai_controller.gd:372)
       [2] _run_test (res://addons/gut/gut.gd:612)
       [3] _test_the_scripts (res://addons/gut/gut.gd:815)
SCRIPT ERROR: Invalid call. Nonexistent function 'new' in base 'GDScript'.
   at: _spawn_ai (res://tests/test_ai_controller.gd:70)
   GDScript backtrace (most recent call first):
       [0] _spawn_ai (res://tests/test_ai_controller.gd:70)
       [1] test_ai_can_recover_a_card_from_played_pile (res://tests/test_ai_controller.gd:371)
       [2] _run_test (res://addons/gut/gut.gd:612)
       [3] _test_the_scripts (res://addons/gut/gut.gd:815)
SCRIPT ERROR: Invalid call. Nonexistent function 'start_turn' in base 'Nil'.
   at: _run_ai_turn (res://tests/test_ai_controller.gd:89)
   GDScript backtrace (most recent call first):
       [0] _run_ai_turn (res://tests/test_ai_controller.gd:89)
       [1] test_ai_can_recover_a_card_from_played_pile (res://tests/test_ai_controller.gd:372)
       [2] _run_test (res://addons/gut/gut.gd:612)
       [3] _test_the_scripts (res://addons/gut/gut.gd:815)
SCRIPT ERROR: Invalid call. Nonexistent function 'new' in base 'GDScript'.
   at: _spawn_ai (res://tests/test_ai_controller.gd:70)
   GDScript backtrace (most recent call first):
       [0] _spawn_ai (res://tests/test_ai_controller.gd:70)
       [1] test_ai_can_recover_a_card_from_played_pile (res://tests/test_ai_controller.gd:371)
       [2] _run_test (res://addons/gut/gut.gd:612)
       [3] _test_the_scripts (res://addons/gut/gut.gd:815)
SCRIPT ERROR: Invalid call. Nonexistent function 'start_turn' in base 'Nil'.
   at: _run_ai_turn (res://tests/test_ai_controller.gd:89)
   GDScript backtrace (most recent call first):
       [0] _run_ai_turn (res://tests/test_ai_controller.gd:89)
       [1] test_ai_can_recover_a_card_from_played_pile (res://tests/test_ai_controller.gd:372)
       [2] _run_test (res://addons/gut/gut.gd:612)
       [3] _test_the_scripts (res://addons/gut/gut.gd:815)
SCRIPT ERROR: Invalid call. Nonexistent function 'new' in base 'GDScript'.
   at: _spawn_ai (res://tests/test_ai_controller.gd:70)
   GDScript backtrace (most recent call first):
       [0] _spawn_ai (res://tests/test_ai_controller.gd:70)
       [1] test_ai_can_recover_a_card_from_played_pile (res://tests/test_ai_controller.gd:371)
       [2] _run_test (res://addons/gut/gut.gd:612)
       [3] _test_the_scripts (res://addons/gut/gut.gd:815)
SCRIPT ERROR: Invalid call. Nonexistent function 'start_turn' in base 'Nil'.
   at: _run_ai_turn (res://tests/test_ai_controller.gd:89)
   GDScript backtrace (most recent call first):
       [0] _run_ai_turn (res://tests/test_ai_controller.gd:89)
       [1] test_ai_can_recover_a_card_from_played_pile (res://tests/test_ai_controller.gd:372)
       [2] _run_test (res://addons/gut/gut.gd:612)
       [3] _test_the_scripts (res://addons/gut/gut.gd:815)
SCRIPT ERROR: Invalid call. Nonexistent function 'new' in base 'GDScript'.
   at: _spawn_ai (res://tests/test_ai_controller.gd:70)
   GDScript backtrace (most recent call first):
       [0] _spawn_ai (res://tests/test_ai_controller.gd:70)
       [1] test_ai_can_recover_a_card_from_played_pile (res://tests/test_ai_controller.gd:371)
       [2] _run_test (res://addons/gut/gut.gd:612)
       [3] _test_the_scripts (res://addons/gut/gut.gd:815)
SCRIPT ERROR: Invalid call. Nonexistent function 'start_turn' in base 'Nil'.
   at: _run_ai_turn (res://tests/test_ai_controller.gd:89)
   GDScript backtrace (most recent call first):
       [0] _run_ai_turn (res://tests/test_ai_controller.gd:89)
       [1] test_ai_can_recover_a_card_from_played_pile (res://tests/test_ai_controller.gd:372)
       [2] _run_test (res://addons/gut/gut.gd:612)
       [3] _test_the_scripts (res://addons/gut/gut.gd:815)
SCRIPT ERROR: Invalid call. Nonexistent function 'new' in base 'GDScript'.
   at: _spawn_ai (res://tests/test_ai_controller.gd:70)
   GDScript backtrace (most recent call first):
       [0] _spawn_ai (res://tests/test_ai_controller.gd:70)
       [1] test_ai_can_recover_a_card_from_played_pile (res://tests/test_ai_controller.gd:371)
       [2] _run_test (res://addons/gut/gut.gd:612)
       [3] _test_the_scripts (res://addons/gut/gut.gd:815)
SCRIPT ERROR: Invalid call. Nonexistent function 'start_turn' in base 'Nil'.
   at: _run_ai_turn (res://tests/test_ai_controller.gd:89)
   GDScript backtrace (most recent call first):
       [0] _run_ai_turn (res://tests/test_ai_controller.gd:89)
       [1] test_ai_can_recover_a_card_from_played_pile (res://tests/test_ai_controller.gd:372)
       [2] _run_test (res://addons/gut/gut.gd:612)
       [3] _test_the_scripts (res://addons/gut/gut.gd:815)
SCRIPT ERROR: Invalid call. Nonexistent function 'new' in base 'GDScript'.
   at: _spawn_ai (res://tests/test_ai_controller.gd:70)
   GDScript backtrace (most recent call first):
       [0] _spawn_ai (res://tests/test_ai_controller.gd:70)
       [1] test_ai_can_recover_a_card_from_played_pile (res://tests/test_ai_controller.gd:371)
       [2] _run_test (res://addons/gut/gut.gd:612)
       [3] _test_the_scripts (res://addons/gut/gut.gd:815)
SCRIPT ERROR: Invalid call. Nonexistent function 'start_turn' in base 'Nil'.
   at: _run_ai_turn (res://tests/test_ai_controller.gd:89)
   GDScript backtrace (most recent call first):
       [0] _run_ai_turn (res://tests/test_ai_controller.gd:89)
       [1] test_ai_can_recover_a_card_from_played_pile (res://tests/test_ai_controller.gd:372)
       [2] _run_test (res://addons/gut/gut.gd:612)
       [3] _test_the_scripts (res://addons/gut/gut.gd:815)
SCRIPT ERROR: Invalid call. Nonexistent function 'new' in base 'GDScript'.
   at: _spawn_ai (res://tests/test_ai_controller.gd:70)
   GDScript backtrace (most recent call first):
       [0] _spawn_ai (res://tests/test_ai_controller.gd:70)
       [1] test_ai_can_recover_a_card_from_played_pile (res://tests/test_ai_controller.gd:371)
       [2] _run_test (res://addons/gut/gut.gd:612)
       [3] _test_the_scripts (res://addons/gut/gut.gd:815)
SCRIPT ERROR: Invalid call. Nonexistent function 'start_turn' in base 'Nil'.
   at: _run_ai_turn (res://tests/test_ai_controller.gd:89)
   GDScript backtrace (most recent call first):
       [0] _run_ai_turn (res://tests/test_ai_controller.gd:89)
       [1] test_ai_can_recover_a_card_from_played_pile (res://tests/test_ai_controller.gd:372)
       [2] _run_test (res://addons/gut/gut.gd:612)
       [3] _test_the_scripts (res://addons/gut/gut.gd:815)
SCRIPT ERROR: Invalid call. Nonexistent function 'new' in base 'GDScript'.
   at: _spawn_ai (res://tests/test_ai_controller.gd:70)
   GDScript backtrace (most recent call first):
       [0] _spawn_ai (res://tests/test_ai_controller.gd:70)
       [1] test_ai_can_recover_a_card_from_played_pile (res://tests/test_ai_controller.gd:371)
       [2] _run_test (res://addons/gut/gut.gd:612)
       [3] _test_the_scripts (res://addons/gut/gut.gd:815)
SCRIPT ERROR: Invalid call. Nonexistent function 'start_turn' in base 'Nil'.
   at: _run_ai_turn (res://tests/test_ai_controller.gd:89)
   GDScript backtrace (most recent call first):
       [0] _run_ai_turn (res://tests/test_ai_controller.gd:89)
       [1] test_ai_can_recover_a_card_from_played_pile (res://tests/test_ai_controller.gd:372)
       [2] _run_test (res://addons/gut/gut.gd:612)
       [3] _test_the_scripts (res://addons/gut/gut.gd:815)
SCRIPT ERROR: Invalid call. Nonexistent function 'new' in base 'GDScript'.
   at: _spawn_ai (res://tests/test_ai_controller.gd:70)
   GDScript backtrace (most recent call first):
       [0] _spawn_ai (res://tests/test_ai_controller.gd:70)
       [1] test_ai_can_recover_a_card_from_played_pile (res://tests/test_ai_controller.gd:371)
       [2] _run_test (res://addons/gut/gut.gd:612)
       [3] _test_the_scripts (res://addons/gut/gut.gd:815)
SCRIPT ERROR: Invalid call. Nonexistent function 'start_turn' in base 'Nil'.
   at: _run_ai_turn (res://tests/test_ai_controller.gd:89)
   GDScript backtrace (most recent call first):
       [0] _run_ai_turn (res://tests/test_ai_controller.gd:89)
       [1] test_ai_can_recover_a_card_from_played_pile (res://tests/test_ai_controller.gd:372)
       [2] _run_test (res://addons/gut/gut.gd:612)
       [3] _test_the_scripts (res://addons/gut/gut.gd:815)
SCRIPT ERROR: Invalid call. Nonexistent function 'new' in base 'GDScript'.
   at: _spawn_ai (res://tests/test_ai_controller.gd:70)
   GDScript backtrace (most recent call first):
       [0] _spawn_ai (res://tests/test_ai_controller.gd:70)
       [1] test_ai_can_recover_a_card_from_played_pile (res://tests/test_ai_controller.gd:371)
       [2] _run_test (res://addons/gut/gut.gd:612)
       [3] _test_the_scripts (res://addons/gut/gut.gd:815)
SCRIPT ERROR: Invalid call. Nonexistent function 'start_turn' in base 'Nil'.
   at: _run_ai_turn (res://tests/test_ai_controller.gd:89)
   GDScript backtrace (most recent call first):
       [0] _run_ai_turn (res://tests/test_ai_controller.gd:89)
       [1] test_ai_can_recover_a_card_from_played_pile (res://tests/test_ai_controller.gd:372)
       [2] _run_test (res://addons/gut/gut.gd:612)
       [3] _test_the_scripts (res://addons/gut/gut.gd:815)
SCRIPT ERROR: Invalid call. Nonexistent function 'new' in base 'GDScript'.
   at: _spawn_ai (res://tests/test_ai_controller.gd:70)
   GDScript backtrace (most recent call first):
       [0] _spawn_ai (res://tests/test_ai_controller.gd:70)
       [1] test_ai_can_recover_a_card_from_played_pile (res://tests/test_ai_controller.gd:371)
       [2] _run_test (res://addons/gut/gut.gd:612)
       [3] _test_the_scripts (res://addons/gut/gut.gd:815)
SCRIPT ERROR: Invalid call. Nonexistent function 'start_turn' in base 'Nil'.
   at: _run_ai_turn (res://tests/test_ai_controller.gd:89)
   GDScript backtrace (most recent call first):
       [0] _run_ai_turn (res://tests/test_ai_controller.gd:89)
       [1] test_ai_can_recover_a_card_from_played_pile (res://tests/test_ai_controller.gd:372)
       [2] _run_test (res://addons/gut/gut.gd:612)
       [3] _test_the_scripts (res://addons/gut/gut.gd:815)
SCRIPT ERROR: Invalid call. Nonexistent function 'new' in base 'GDScript'.
   at: _spawn_ai (res://tests/test_ai_controller.gd:70)
   GDScript backtrace (most recent call first):
       [0] _spawn_ai (res://tests/test_ai_controller.gd:70)
       [1] test_ai_can_recover_a_card_from_played_pile (res://tests/test_ai_controller.gd:371)
       [2] _run_test (res://addons/gut/gut.gd:612)
       [3] _test_the_scripts (res://addons/gut/gut.gd:815)
SCRIPT ERROR: Invalid call. Nonexistent function 'start_turn' in base 'Nil'.
   at: _run_ai_turn (res://tests/test_ai_controller.gd:89)
   GDScript backtrace (most recent call first):
       [0] _run_ai_turn (res://tests/test_ai_controller.gd:89)
       [1] test_ai_can_recover_a_card_from_played_pile (res://tests/test_ai_controller.gd:372)
       [2] _run_test (res://addons/gut/gut.gd:612)
       [3] _test_the_scripts (res://addons/gut/gut.gd:815)
SCRIPT ERROR: Invalid call. Nonexistent function 'new' in base 'GDScript'.
   at: _spawn_ai (res://tests/test_ai_controller.gd:70)
   GDScript backtrace (most recent call first):
       [0] _spawn_ai (res://tests/test_ai_controller.gd:70)
       [1] test_ai_can_recover_a_card_from_played_pile (res://tests/test_ai_controller.gd:371)
       [2] _run_test (res://addons/gut/gut.gd:612)
       [3] _test_the_scripts (res://addons/gut/gut.gd:815)
SCRIPT ERROR: Invalid call. Nonexistent function 'start_turn' in base 'Nil'.
   at: _run_ai_turn (res://tests/test_ai_controller.gd:89)
   GDScript backtrace (most recent call first):
       [0] _run_ai_turn (res://tests/test_ai_controller.gd:89)
       [1] test_ai_can_recover_a_card_from_played_pile (res://tests/test_ai_controller.gd:372)
       [2] _run_test (res://addons/gut/gut.gd:612)
       [3] _test_the_scripts (res://addons/gut/gut.gd:815)
SCRIPT ERROR: Invalid call. Nonexistent function 'new' in base 'GDScript'.
   at: _spawn_ai (res://tests/test_ai_controller.gd:70)
   GDScript backtrace (most recent call first):
       [0] _spawn_ai (res://tests/test_ai_controller.gd:70)
       [1] test_ai_can_recover_a_card_from_played_pile (res://tests/test_ai_controller.gd:371)
       [2] _run_test (res://addons/gut/gut.gd:612)
       [3] _test_the_scripts (res://addons/gut/gut.gd:815)
SCRIPT ERROR: Invalid call. Nonexistent function 'start_turn' in base 'Nil'.
   at: _run_ai_turn (res://tests/test_ai_controller.gd:89)
   GDScript backtrace (most recent call first):
       [0] _run_ai_turn (res://tests/test_ai_controller.gd:89)
       [1] test_ai_can_recover_a_card_from_played_pile (res://tests/test_ai_controller.gd:372)
       [2] _run_test (res://addons/gut/gut.gd:612)
       [3] _test_the_scripts (res://addons/gut/gut.gd:815)
SCRIPT ERROR: Invalid call. Nonexistent function 'new' in base 'GDScript'.
   at: _spawn_ai (res://tests/test_ai_controller.gd:70)
   GDScript backtrace (most recent call first):
       [0] _spawn_ai (res://tests/test_ai_controller.gd:70)
       [1] test_ai_can_recover_a_card_from_played_pile (res://tests/test_ai_controller.gd:371)
       [2] _run_test (res://addons/gut/gut.gd:612)
       [3] _test_the_scripts (res://addons/gut/gut.gd:815)
SCRIPT ERROR: Invalid call. Nonexistent function 'start_turn' in base 'Nil'.
   at: _run_ai_turn (res://tests/test_ai_controller.gd:89)
   GDScript backtrace (most recent call first):
       [0] _run_ai_turn (res://tests/test_ai_controller.gd:89)
       [1] test_ai_can_recover_a_card_from_played_pile (res://tests/test_ai_controller.gd:372)
       [2] _run_test (res://addons/gut/gut.gd:612)
       [3] _test_the_scripts (res://addons/gut/gut.gd:815)
SCRIPT ERROR: Invalid call. Nonexistent function 'new' in base 'GDScript'.
   at: _spawn_ai (res://tests/test_ai_controller.gd:70)
   GDScript backtrace (most recent call first):
       [0] _spawn_ai (res://tests/test_ai_controller.gd:70)
       [1] test_ai_can_recover_a_card_from_played_pile (res://tests/test_ai_controller.gd:371)
       [2] _run_test (res://addons/gut/gut.gd:612)
       [3] _test_the_scripts (res://addons/gut/gut.gd:815)
SCRIPT ERROR: Invalid call. Nonexistent function 'start_turn' in base 'Nil'.
   at: _run_ai_turn (res://tests/test_ai_controller.gd:89)
   GDScript backtrace (most recent call first):
       [0] _run_ai_turn (res://tests/test_ai_controller.gd:89)
       [1] test_ai_can_recover_a_card_from_played_pile (res://tests/test_ai_controller.gd:372)
       [2] _run_test (res://addons/gut/gut.gd:612)
       [3] _test_the_scripts (res://addons/gut/gut.gd:815)
SCRIPT ERROR: Invalid call. Nonexistent function 'new' in base 'GDScript'.
   at: _spawn_ai (res://tests/test_ai_controller.gd:70)
   GDScript backtrace (most recent call first):
       [0] _spawn_ai (res://tests/test_ai_controller.gd:70)
       [1] test_ai_can_recover_a_card_from_played_pile (res://tests/test_ai_controller.gd:371)
       [2] _run_test (res://addons/gut/gut.gd:612)
       [3] _test_the_scripts (res://addons/gut/gut.gd:815)
SCRIPT ERROR: Invalid call. Nonexistent function 'start_turn' in base 'Nil'.
   at: _run_ai_turn (res://tests/test_ai_controller.gd:89)
   GDScript backtrace (most recent call first):
       [0] _run_ai_turn (res://tests/test_ai_controller.gd:89)
       [1] test_ai_can_recover_a_card_from_played_pile (res://tests/test_ai_controller.gd:372)
       [2] _run_test (res://addons/gut/gut.gd:612)
       [3] _test_the_scripts (res://addons/gut/gut.gd:815)
SCRIPT ERROR: Invalid call. Nonexistent function 'new' in base 'GDScript'.
   at: _spawn_ai (res://tests/test_ai_controller.gd:70)
   GDScript backtrace (most recent call first):
       [0] _spawn_ai (res://tests/test_ai_controller.gd:70)
       [1] test_ai_can_recover_a_card_from_played_pile (res://tests/test_ai_controller.gd:371)
       [2] _run_test (res://addons/gut/gut.gd:612)
       [3] _test_the_scripts (res://addons/gut/gut.gd:815)
SCRIPT ERROR: Invalid call. Nonexistent function 'start_turn' in base 'Nil'.
   at: _run_ai_turn (res://tests/test_ai_controller.gd:89)
   GDScript backtrace (most recent call first):
       [0] _run_ai_turn (res://tests/test_ai_controller.gd:89)
       [1] test_ai_can_recover_a_card_from_played_pile (res://tests/test_ai_controller.gd:372)
       [2] _run_test (res://addons/gut/gut.gd:612)
       [3] _test_the_scripts (res://addons/gut/gut.gd:815)
[31m    [Failed]:  [0mAlgún seed debe llevar a la IA a jugar la RecoverCard y sacar la carta del played_pile
      at line 380
* test_max_iterations_caps_loop
SCRIPT ERROR: Invalid call. Nonexistent function 'new' in base 'GDScript'.
   at: _spawn_ai (res://tests/test_ai_controller.gd:70)
   GDScript backtrace (most recent call first):
       [0] _spawn_ai (res://tests/test_ai_controller.gd:70)
       [1] test_max_iterations_caps_loop (res://tests/test_ai_controller.gd:389)
       [2] _run_test (res://addons/gut/gut.gd:612)
       [3] _test_the_scripts (res://addons/gut/gut.gd:815)
SCRIPT ERROR: Invalid assignment of property or key 'max_iterations' with value of type 'int' on a base object of type 
'Nil'.
   at: test_max_iterations_caps_loop (res://tests/test_ai_controller.gd:390)
   GDScript backtrace (most recent call first):
       [0] test_max_iterations_caps_loop (res://tests/test_ai_controller.gd:390)
       [1] _run_test (res://addons/gut/gut.gd:612)
       [2] _test_the_scripts (res://addons/gut/gut.gd:815)
[33m    [Risky]:  [0mtest_max_iterations_caps_loop did not assert
* test_assign_fills_attacker_front_up_to_min_troops
SCRIPT ERROR: Invalid call. Nonexistent function 'new' in base 'GDScript'.
   at: _spawn_ai (res://tests/test_ai_controller.gd:70)
   GDScript backtrace (most recent call first):
       [0] _spawn_ai (res://tests/test_ai_controller.gd:70)
       [1] test_assign_fills_attacker_front_up_to_min_troops (res://tests/test_ai_controller.gd:443)
       [2] _run_test (res://addons/gut/gut.gd:612)
       [3] _test_the_scripts (res://addons/gut/gut.gd:815)
SCRIPT ERROR: Invalid access to property or key 'battle_front_manager' on a base object of type 'Nil'.
   at: _push_front_into_manager (res://tests/test_ai_controller.gd:430)
   GDScript backtrace (most recent call first):
       [0] _push_front_into_manager (res://tests/test_ai_controller.gd:430)
       [1] test_assign_fills_attacker_front_up_to_min_troops (res://tests/test_ai_controller.gd:445)
       [2] _run_test (res://addons/gut/gut.gd:612)
       [3] _test_the_scripts (res://addons/gut/gut.gd:815)
SCRIPT ERROR: Invalid call. Nonexistent function '_assign_troops_to_fronts' in base 'Nil'.
   at: test_assign_fills_attacker_front_up_to_min_troops (res://tests/test_ai_controller.gd:447)
   GDScript backtrace (most recent call first):
       [0] test_assign_fills_attacker_front_up_to_min_troops (res://tests/test_ai_controller.gd:447)
       [1] _run_test (res://addons/gut/gut.gd:612)
       [2] _test_the_scripts (res://addons/gut/gut.gd:815)
[33m    [Risky]:  [0mtest_assign_fills_attacker_front_up_to_min_troops did not assert
* test_assign_fills_defender_front_up_to_min_troops
SCRIPT ERROR: Invalid call. Nonexistent function 'new' in base 'GDScript'.
   at: _spawn_ai (res://tests/test_ai_controller.gd:70)
   GDScript backtrace (most recent call first):
       [0] _spawn_ai (res://tests/test_ai_controller.gd:70)
       [1] test_assign_fills_defender_front_up_to_min_troops (res://tests/test_ai_controller.gd:466)
       [2] _run_test (res://addons/gut/gut.gd:612)
       [3] _test_the_scripts (res://addons/gut/gut.gd:815)
SCRIPT ERROR: Invalid access to property or key 'battle_front_manager' on a base object of type 'Nil'.
   at: _push_front_into_manager (res://tests/test_ai_controller.gd:430)
   GDScript backtrace (most recent call first):
       [0] _push_front_into_manager (res://tests/test_ai_controller.gd:430)
       [1] test_assign_fills_defender_front_up_to_min_troops (res://tests/test_ai_controller.gd:469)
       [2] _run_test (res://addons/gut/gut.gd:612)
       [3] _test_the_scripts (res://addons/gut/gut.gd:815)
SCRIPT ERROR: Invalid call. Nonexistent function '_assign_troops_to_fronts' in base 'Nil'.
   at: test_assign_fills_defender_front_up_to_min_troops (res://tests/test_ai_controller.gd:471)
   GDScript backtrace (most recent call first):
       [0] test_assign_fills_defender_front_up_to_min_troops (res://tests/test_ai_controller.gd:471)
       [1] _run_test (res://addons/gut/gut.gd:612)
       [2] _test_the_scripts (res://addons/gut/gut.gd:815)
[33m    [Risky]:  [0mtest_assign_fills_defender_front_up_to_min_troops did not assert
* test_assign_skips_front_where_ia_does_not_participate
SCRIPT ERROR: Invalid call. Nonexistent function 'new' in base 'GDScript'.
   at: _spawn_ai (res://tests/test_ai_controller.gd:70)
   GDScript backtrace (most recent call first):
       [0] _spawn_ai (res://tests/test_ai_controller.gd:70)
       [1] test_assign_skips_front_where_ia_does_not_participate (res://tests/test_ai_controller.gd:485)
       [2] _run_test (res://addons/gut/gut.gd:612)
       [3] _test_the_scripts (res://addons/gut/gut.gd:815)
SCRIPT ERROR: Invalid access to property or key 'battle_front_manager' on a base object of type 'Nil'.
   at: _push_front_into_manager (res://tests/test_ai_controller.gd:430)
   GDScript backtrace (most recent call first):
       [0] _push_front_into_manager (res://tests/test_ai_controller.gd:430)
       [1] test_assign_skips_front_where_ia_does_not_participate (res://tests/test_ai_controller.gd:488)
       [2] _run_test (res://addons/gut/gut.gd:612)
       [3] _test_the_scripts (res://addons/gut/gut.gd:815)
SCRIPT ERROR: Invalid call. Nonexistent function '_assign_troops_to_fronts' in base 'Nil'.
   at: test_assign_skips_front_where_ia_does_not_participate (res://tests/test_ai_controller.gd:490)
   GDScript backtrace (most recent call first):
       [0] test_assign_skips_front_where_ia_does_not_participate (res://tests/test_ai_controller.gd:490)
       [1] _run_test (res://addons/gut/gut.gd:612)
       [2] _test_the_scripts (res://addons/gut/gut.gd:815)
[33m    [Risky]:  [0mtest_assign_skips_front_where_ia_does_not_participate did not assert
* test_assign_is_noop_with_empty_pool
SCRIPT ERROR: Invalid call. Nonexistent function 'new' in base 'GDScript'.
   at: _spawn_ai (res://tests/test_ai_controller.gd:70)
   GDScript backtrace (most recent call first):
       [0] _spawn_ai (res://tests/test_ai_controller.gd:70)
       [1] test_assign_is_noop_with_empty_pool (res://tests/test_ai_controller.gd:503)
       [2] _run_test (res://addons/gut/gut.gd:612)
       [3] _test_the_scripts (res://addons/gut/gut.gd:815)
SCRIPT ERROR: Invalid access to property or key 'battle_front_manager' on a base object of type 'Nil'.
   at: _push_front_into_manager (res://tests/test_ai_controller.gd:430)
   GDScript backtrace (most recent call first):
       [0] _push_front_into_manager (res://tests/test_ai_controller.gd:430)
       [1] test_assign_is_noop_with_empty_pool (res://tests/test_ai_controller.gd:505)
       [2] _run_test (res://addons/gut/gut.gd:612)
       [3] _test_the_scripts (res://addons/gut/gut.gd:815)
SCRIPT ERROR: Invalid call. Nonexistent function '_assign_troops_to_fronts' in base 'Nil'.
   at: test_assign_is_noop_with_empty_pool (res://tests/test_ai_controller.gd:507)
   GDScript backtrace (most recent call first):
       [0] test_assign_is_noop_with_empty_pool (res://tests/test_ai_controller.gd:507)
       [1] _run_test (res://addons/gut/gut.gd:612)
       [2] _test_the_scripts (res://addons/gut/gut.gd:815)
[33m    [Risky]:  [0mtest_assign_is_noop_with_empty_pool did not assert
* test_assign_distributes_until_pool_exhausted_across_fronts
SCRIPT ERROR: Invalid call. Nonexistent function 'new' in base 'GDScript'.
   at: _spawn_ai (res://tests/test_ai_controller.gd:70)
   GDScript backtrace (most recent call first):
       [0] _spawn_ai (res://tests/test_ai_controller.gd:70)
       [1] test_assign_distributes_until_pool_exhausted_across_fronts (res://tests/test_ai_controller.gd:521)
       [2] _run_test (res://addons/gut/gut.gd:612)
       [3] _test_the_scripts (res://addons/gut/gut.gd:815)
SCRIPT ERROR: Invalid access to property or key 'battle_front_manager' on a base object of type 'Nil'.
   at: _push_front_into_manager (res://tests/test_ai_controller.gd:430)
   GDScript backtrace (most recent call first):
       [0] _push_front_into_manager (res://tests/test_ai_controller.gd:430)
       [1] test_assign_distributes_until_pool_exhausted_across_fronts (res://tests/test_ai_controller.gd:523)
       [2] _run_test (res://addons/gut/gut.gd:612)
       [3] _test_the_scripts (res://addons/gut/gut.gd:815)
SCRIPT ERROR: Invalid access to property or key 'battle_front_manager' on a base object of type 'Nil'.
   at: _push_front_into_manager (res://tests/test_ai_controller.gd:430)
   GDScript backtrace (most recent call first):
       [0] _push_front_into_manager (res://tests/test_ai_controller.gd:430)
       [1] test_assign_distributes_until_pool_exhausted_across_fronts (res://tests/test_ai_controller.gd:524)
       [2] _run_test (res://addons/gut/gut.gd:612)
       [3] _test_the_scripts (res://addons/gut/gut.gd:815)
SCRIPT ERROR: Invalid call. Nonexistent function '_assign_troops_to_fronts' in base 'Nil'.
   at: test_assign_distributes_until_pool_exhausted_across_fronts (res://tests/test_ai_controller.gd:526)
   GDScript backtrace (most recent call first):
       [0] test_assign_distributes_until_pool_exhausted_across_fronts (res://tests/test_ai_controller.gd:526)
       [1] _run_test (res://addons/gut/gut.gd:612)
       [2] _test_the_scripts (res://addons/gut/gut.gd:815)
[33m    [Risky]:  [0mtest_assign_distributes_until_pool_exhausted_across_fronts did not assert
* test_assign_uses_global_active_instances_for_external_front
SCRIPT ERROR: Invalid call. Nonexistent function 'new' in base 'GDScript'.
   at: _spawn_ai (res://tests/test_ai_controller.gd:70)
   GDScript backtrace (most recent call first):
       [0] _spawn_ai (res://tests/test_ai_controller.gd:70)
       [1] test_assign_uses_global_active_instances_for_external_front (res://tests/test_ai_controller.gd:548)
       [2] _run_test (res://addons/gut/gut.gd:612)
       [3] _test_the_scripts (res://addons/gut/gut.gd:815)
SCRIPT ERROR: Invalid access to property or key 'battle_front_manager' on a base object of type 'Nil'.
   at: test_assign_uses_global_active_instances_for_external_front (res://tests/test_ai_controller.gd:559)
   GDScript backtrace (most recent call first):
       [0] test_assign_uses_global_active_instances_for_external_front (res://tests/test_ai_controller.gd:559)
       [1] _run_test (res://addons/gut/gut.gd:612)
       [2] _test_the_scripts (res://addons/gut/gut.gd:815)
[33m    [Risky]:  [0mtest_assign_uses_global_active_instances_for_external_front did not assert
* test_second_pass_assigns_troops_recruited_during_turn
SCRIPT ERROR: Invalid call. Nonexistent function 'new' in base 'GDScript'.
   at: _spawn_ai (res://tests/test_ai_controller.gd:70)
   GDScript backtrace (most recent call first):
       [0] _spawn_ai (res://tests/test_ai_controller.gd:70)
       [1] test_second_pass_assigns_troops_recruited_during_turn (res://tests/test_ai_controller.gd:578)
       [2] _run_test (res://addons/gut/gut.gd:612)
       [3] _test_the_scripts (res://addons/gut/gut.gd:815)
SCRIPT ERROR: Invalid access to property or key 'battle_front_manager' on a base object of type 'Nil'.
   at: _push_front_into_manager (res://tests/test_ai_controller.gd:430)
   GDScript backtrace (most recent call first):
       [0] _push_front_into_manager (res://tests/test_ai_controller.gd:430)
       [1] test_second_pass_assigns_troops_recruited_during_turn (res://tests/test_ai_controller.gd:580)
       [2] _run_test (res://addons/gut/gut.gd:612)
       [3] _test_the_scripts (res://addons/gut/gut.gd:815)
SCRIPT ERROR: Invalid call. Nonexistent function '_assign_troops_to_fronts' in base 'Nil'.
   at: test_second_pass_assigns_troops_recruited_during_turn (res://tests/test_ai_controller.gd:582)
   GDScript backtrace (most recent call first):
       [0] test_second_pass_assigns_troops_recruited_during_turn (res://tests/test_ai_controller.gd:582)
       [1] _run_test (res://addons/gut/gut.gd:612)
       [2] _test_the_scripts (res://addons/gut/gut.gd:815)
[33m    [Risky]:  [0mtest_second_pass_assigns_troops_recruited_during_turn did not assert
* test_assign_does_not_top_up_already_satisfied_front
SCRIPT ERROR: Invalid call. Nonexistent function 'new' in base 'GDScript'.
   at: _spawn_ai (res://tests/test_ai_controller.gd:70)
   GDScript backtrace (most recent call first):
       [0] _spawn_ai (res://tests/test_ai_controller.gd:70)
       [1] test_assign_does_not_top_up_already_satisfied_front (res://tests/test_ai_controller.gd:603)
       [2] _run_test (res://addons/gut/gut.gd:612)
       [3] _test_the_scripts (res://addons/gut/gut.gd:815)
SCRIPT ERROR: Invalid access to property or key 'battle_front_manager' on a base object of type 'Nil'.
   at: _push_front_into_manager (res://tests/test_ai_controller.gd:430)
   GDScript backtrace (most recent call first):
       [0] _push_front_into_manager (res://tests/test_ai_controller.gd:430)
       [1] test_assign_does_not_top_up_already_satisfied_front (res://tests/test_ai_controller.gd:605)
       [2] _run_test (res://addons/gut/gut.gd:612)
       [3] _test_the_scripts (res://addons/gut/gut.gd:815)
SCRIPT ERROR: Invalid access to property or key 'attacker_troops' on a base object of type 'Nil'.
   at: test_assign_does_not_top_up_already_satisfied_front (res://tests/test_ai_controller.gd:607)
   GDScript backtrace (most recent call first):
       [0] test_assign_does_not_top_up_already_satisfied_front (res://tests/test_ai_controller.gd:607)
[33m    [Risky]:  [0mtest_assign_does_not_top_up_already_satisfied_front did not assert
       [1] _run_test (res://addons/gut/gut.gd:612)
       [2] _test_the_scripts (res://addons/gut/gut.gd:815)
[1m1/19 passed.
[0m[4m

res://tests/test_ai_event_resolver.gd
[0m* test_simple_choice_resolved_via_manager_increases_gold
SCRIPT ERROR: Invalid call. Nonexistent function 'resolve' in base 'GDScript'.
   at: test_simple_choice_resolved_via_manager_increases_gold (res://tests/test_ai_event_resolver.gd:77)
   GDScript backtrace (most recent call first):
       [0] test_simple_choice_resolved_via_manager_increases_gold (res://tests/test_ai_event_resolver.gd:77)
       [1] _run_test (res://addons/gut/gut.gd:612)
       [2] _test_the_scripts (res://addons/gut/gut.gd:815)
[33m    [Risky]:  [0mtest_simple_choice_resolved_via_manager_increases_gold did not assert
* test_unaffordable_choice_is_filtered_out
SCRIPT ERROR: Invalid call. Nonexistent function 'resolve' in base 'GDScript'.
   at: test_unaffordable_choice_is_filtered_out (res://tests/test_ai_event_resolver.gd:98)
   GDScript backtrace (most recent call first):
       [0] test_unaffordable_choice_is_filtered_out (res://tests/test_ai_event_resolver.gd:98)
       [1] _run_test (res://addons/gut/gut.gd:612)
       [2] _test_the_scripts (res://addons/gut/gut.gd:815)
[33m    [Risky]:  [0mtest_unaffordable_choice_is_filtered_out did not assert
* test_skip_choice_added_when_allow_skip_and_no_affordable
SCRIPT ERROR: Invalid call. Nonexistent function 'resolve' in base 'GDScript'.
   at: test_skip_choice_added_when_allow_skip_and_no_affordable (res://tests/test_ai_event_resolver.gd:120)
   GDScript backtrace (most recent call first):
       [0] test_skip_choice_added_when_allow_skip_and_no_affordable (res://tests/test_ai_event_resolver.gd:120)
       [1] _run_test (res://addons/gut/gut.gd:612)
       [2] _test_the_scripts (res://addons/gut/gut.gd:815)
[33m    [Risky]:  [0mtest_skip_choice_added_when_allow_skip_and_no_affordable did not assert
* test_unique_event_marked_after_resolve
SCRIPT ERROR: Invalid call. Nonexistent function 'resolve' in base 'GDScript'.
   at: test_unique_event_marked_after_resolve (res://tests/test_ai_event_resolver.gd:140)
   GDScript backtrace (most recent call first):
       [0] test_unique_event_marked_after_resolve (res://tests/test_ai_event_resolver.gd:140)
       [1] _run_test (res://addons/gut/gut.gd:612)
       [2] _test_the_scripts (res://addons/gut/gut.gd:815)
[33m    [Risky]:  [0mtest_unique_event_marked_after_resolve did not assert
* test_non_unique_event_not_marked
SCRIPT ERROR: Invalid call. Nonexistent function 'resolve' in base 'GDScript'.
   at: test_non_unique_event_not_marked (res://tests/test_ai_event_resolver.gd:154)
   GDScript backtrace (most recent call first):
       [0] test_non_unique_event_not_marked (res://tests/test_ai_event_resolver.gd:154)
       [1] _run_test (res://addons/gut/gut.gd:612)
       [2] _test_the_scripts (res://addons/gut/gut.gd:815)
[33m    [Risky]:  [0mtest_non_unique_event_not_marked did not assert
* test_tile_input_choice_executes_with_eligible_tile
SCRIPT ERROR: Invalid call. Nonexistent function 'resolve' in base 'GDScript'.
   at: test_tile_input_choice_executes_with_eligible_tile (res://tests/test_ai_event_resolver.gd:191)
   GDScript backtrace (most recent call first):
       [0] test_tile_input_choice_executes_with_eligible_tile (res://tests/test_ai_event_resolver.gd:191)
       [1] _run_test (res://addons/gut/gut.gd:612)
       [2] _test_the_scripts (res://addons/gut/gut.gd:815)
[33m    [Risky]:  [0mtest_tile_input_choice_executes_with_eligible_tile did not assert
* test_card_input_choice_removes_random_candidate
SCRIPT ERROR: Invalid call. Nonexistent function 'resolve' in base 'GDScript'.
   at: test_card_input_choice_removes_random_candidate (res://tests/test_ai_event_resolver.gd:223)
   GDScript backtrace (most recent call first):
       [0] test_card_input_choice_removes_random_candidate (res://tests/test_ai_event_resolver.gd:223)
       [1] _run_test (res://addons/gut/gut.gd:612)
       [2] _test_the_scripts (res://addons/gut/gut.gd:815)
[33m    [Risky]:  [0mtest_card_input_choice_removes_random_candidate did not assert
* test_shop_event_smoke_does_not_crash
SCRIPT ERROR: Invalid call. Nonexistent function 'resolve' in base 'GDScript'.
   at: test_shop_event_smoke_does_not_crash (res://tests/test_ai_event_resolver.gd:255)
   GDScript backtrace (most recent call first):
       [0] test_shop_event_smoke_does_not_crash (res://tests/test_ai_event_resolver.gd:255)
       [1] _run_test (res://addons/gut/gut.gd:612)
       [2] _test_the_scripts (res://addons/gut/gut.gd:815)
[33m    [Risky]:  [0mtest_shop_event_smoke_does_not_crash did not assert
* test_shop_event_eventually_buys_at_least_one_item
SCRIPT ERROR: Invalid call. Nonexistent function 'resolve' in base 'GDScript'.
   at: test_shop_event_eventually_buys_at_least_one_item (res://tests/test_ai_event_resolver.gd:274)
   GDScript backtrace (most recent call first):
       [0] test_shop_event_eventually_buys_at_least_one_item (res://tests/test_ai_event_resolver.gd:274)
       [1] _run_test (res://addons/gut/gut.gd:612)
       [2] _test_the_scripts (res://addons/gut/gut.gd:815)
[33m    [Risky]:  [0mtest_shop_event_eventually_buys_at_least_one_item did not assert
* test_shop_event_marks_unique_when_applicable
SCRIPT ERROR: Invalid call. Nonexistent function 'resolve' in base 'GDScript'.
   at: test_shop_event_marks_unique_when_applicable (res://tests/test_ai_event_resolver.gd:295)
   GDScript backtrace (most recent call first):
       [0] test_shop_event_marks_unique_when_applicable (res://tests/test_ai_event_resolver.gd:295)
       [1] _run_test (res://addons/gut/gut.gd:612)
       [2] _test_the_scripts (res://addons/gut/gut.gd:815)
[33m    [Risky]:  [0mtest_shop_event_marks_unique_when_applicable did not assert
* test_seeded_rng_produces_same_outcome_twice
SCRIPT ERROR: Invalid call. Nonexistent function 'resolve' in base 'GDScript'.
   at: test_seeded_rng_produces_same_outcome_twice (res://tests/test_ai_event_resolver.gd:325)
   GDScript backtrace (most recent call first):
       [0] test_seeded_rng_produces_same_outcome_twice (res://tests/test_ai_event_resolver.gd:325)
       [1] _run_test (res://addons/gut/gut.gd:612)
       [2] _test_the_scripts (res://addons/gut/gut.gd:815)
[33m    [Risky]:  [0mtest_seeded_rng_produces_same_outcome_twice did not assert
[4m

res://tests/test_ai_options_builder.gd
[0m* test_colonize_one_option_per_adjacent_uncontrolled_tile
* test_colonize_no_options_if_no_uncontrolled_neighbors
* test_colonize_no_options_with_no_controlled_tiles
* test_change_location_type_one_option_per_legal_tile
* test_change_location_type_no_options_when_food_too_low
* test_change_location_type_requires_consecutive_level
* test_change_location_type_no_options_with_no_controlled_tiles
* test_generate_gold_returns_single_option_with_empty_targets
* test_card_draw_returns_a_draw_option_subclass
* test_direct_build_filters_by_gold_and_can_build
* test_direct_build_no_options_if_too_expensive
* test_null_card_returns_empty
* test_build_card_enumerates_tile_x_building_pairs
* test_build_card_filters_unaffordable_buildings
* test_build_card_filters_when_tile_cant_build
* test_build_card_empty_buildings_returns_no_options
* test_upgrade_building_enumerates_legal_pairs
* test_upgrade_building_filters_unaffordable
* test_upgrade_building_no_options_with_no_upgradable_buildings
* test_recruit_card_enumerates_one_per_affordable_troop
* test_recruit_card_no_options_when_all_unaffordable
* test_open_front_enumerates_enemy_x_own_neighbor_pairs
* test_open_front_excludes_tiles_with_active_front
* test_tactic_card_enumerates_active_fronts_where_ia_participates
* test_tactic_card_excludes_fronts_where_ia_does_not_participate
* test_tactic_card_excludes_resolved_fronts
* test_tactic_card_no_options_with_no_fronts
* test_recover_card_enumerates_one_per_played_pile_card
* test_recover_card_no_options_with_empty_played_pile
* test_open_front_no_options_at_max_fronts
[1m30/30 passed.
[0m[4m

res://tests/test_battle_front.gd
[0m* test_pressure_formula_basic
* test_pressure_with_troops
* test_no_defender_troops_means_zero_counter_pressure
* test_defense_diminishing_returns
* test_marker_starts_at_zero
* test_tick_moves_marker
* test_symmetric_forces_marker_stays_near_zero
* test_cannot_resolve_before_min_duration
* test_resolves_after_min_duration_and_threshold
* test_attacker_wins_with_positive_marker
* test_defender_wins_with_negative_marker
* test_flat_attack_bonus
* test_bonus_expires_after_duration
* test_permanent_bonus_persists
* test_active_registry_records_new_front
* test_active_registry_clears_on_resolve
* test_is_tile_in_active_front_finds_attacker_and_defender_tiles
* test_is_tile_in_active_front_returns_false_for_unrelated_tile
* test_assigned_troops_attack_sums_only_troop_attack
* test_assigned_troops_defense_sums_only_troop_defense
* test_assigned_troops_stats_ignore_biome_and_bonuses
* test_front_maintenance_scales_progressively
* test_front_maintenance_empty
* test_casualties_proportional
* test_casualties_zero_when_no_troops
* test_effective_attack_strong_matchup_increases_total_attack
* test_effective_attack_weak_matchup_decreases_total_attack
* test_effective_attack_neutral_when_no_enemy_troops
* test_effective_attack_does_not_modify_buildings_or_bonuses
* test_effective_attack_weighted_average_against_mixed_enemy
* test_defense_is_not_affected_by_effectiveness
* test_biome_attack_multiplier_uses_enemy_tile
* test_biome_defense_multiplier_uses_own_tile
* test_biome_attack_multiplier_per_biome_values
* test_biome_defense_multiplier_per_biome_values
* test_biome_does_not_scale_flat_bonus
* test_no_troops_means_zero_attack_and_defense_in_any_biome
* test_combat_multiplier_default_does_not_change_attack
* test_combat_multiplier_halves_troop_attack
* test_combat_multiplier_halves_troop_defense
* test_combat_multiplier_does_not_affect_flat_bonus
* test_combat_multiplier_independent_per_side
* test_threshold_initial_default_is_15
* test_current_threshold_starts_at_initial
* test_current_threshold_decays_to_min_after_decay_window
* test_current_threshold_decays_linearly_at_halfway
* test_current_threshold_clamps_at_min_after_decay
* test_current_threshold_does_not_rise_when_initial_below_min
* test_can_resolve_uses_current_threshold
[1m49/49 passed.
[0m[4m

res://tests/test_battle_front_manager.gd
[0m* test_open_front_success
* test_open_front_not_adjacent
* test_open_front_duplicate_rejected
* test_cannot_open_front_with_attacker_tile_already_in_other_front
* test_cannot_open_front_with_defender_tile_already_in_other_front
* test_max_fronts_base
* test_max_fronts_scales_with_tiles
* test_cannot_open_beyond_limit
* test_extra_max_fronts_modifier
* test_assign_troop_to_front
* test_assign_troop_not_in_pool
* test_assign_troop_to_resolved_front
* test_assign_as_defender_to_external_front_works
* test_assign_rejects_wrong_side_for_participant
* test_assign_rejects_non_participant
* test_get_front_for_tile
* test_get_front_for_tile_not_found
* test_defender_pool_receives_survivors_via_global_bus
SCRIPT ERROR: Invalid access to property or key 'attacker_losses' on a base object of type 'Dictionary'.
   at: BattleFrontManager._return_surviving_troops (res://scripts/military/battle_front_manager.gd:235)
   GDScript backtrace (most recent call first):
       [0] _return_surviving_troops (res://scripts/military/battle_front_manager.gd:235)
       [1] _on_global_front_resolved (res://scripts/military/battle_front_manager.gd:209)
       [2] test_defender_pool_receives_survivors_via_global_bus (res://tests/test_battle_front_manager.gd:328)
       [3] _run_test (res://addons/gut/gut.gd:612)
       [4] _test_the_scripts (res://addons/gut/gut.gd:815)
[31m    [Failed]:  [0m[0] expected to be > than [0]:  Tropas defensoras supervivientes deben volver al pool del defensor
      at line 330
* test_attacker_does_not_double_receive_on_global_bus
* test_third_party_manager_ignores_global_bus
[33m[WARNING]:  [0mTest script has 14 unfreed children.  Increase log level for more details.
[1m19/20 passed.
[0m[4m

res://tests/test_battle_front_serializer.gd
[0m* test_resolved_front_serializes_to_empty_dict
* test_to_dict_captures_positions_and_empires
* test_to_dict_serializes_troops_by_resource_path
* test_to_dict_sanitizes_resource_in_bonuses
* test_from_dict_returns_null_when_tiles_not_in_world
* test_from_dict_rebuilds_with_world_and_empires
[1m6/6 passed.
[0m[4m

res://tests/test_battle_front_ui.gd
[0m* test_panel_creates_with_valid_front
* test_panel_shows_empire_names
* test_panel_shows_assign_button_for_participant
* test_panel_hides_assign_button_for_non_participant
* test_panel_emits_assign_signal
* test_panel_emits_close_signal
* test_panel_shows_assigned_troops_in_stats
* test_panel_shows_maintenance_cost_per_side
* test_panel_shows_zero_maintenance_with_no_troops
* test_assign_panel_shows_pool_troops
* test_assign_panel_empty_pool_message
* test_assign_panel_determines_correct_side
* test_assign_panel_emits_troop_assigned
[33m[WARNING]:  [0mTest script has 5 unfreed children.  Increase log level for more details.
[1m13/13 passed.
[0m[4m

res://tests/test_battle_front_visual.gd
[0m* test_visual_positions_at_midpoint
* test_visual_has_area3d_on_layer_3
* test_visual_set_highlight
* test_visual_updates_color_on_marker_change
* test_visual_emits_front_clicked
* test_manager_creates_visual_on_front_opened
* test_manager_removes_visual_on_front_resolved
* test_manager_no_duplicate_visuals
* test_manager_get_all_visuals
* test_tactic_indicator_hidden_without_player_empire
* test_tactic_indicator_hidden_when_player_does_not_participate
* test_tactic_indicator_visible_when_player_attacker_has_tactic
* test_tactic_indicator_hidden_when_only_opponent_has_tactic
* test_tactic_indicator_visible_when_player_defender_has_tactic
* test_tactic_indicator_updates_on_bonuses_changed
* test_tactic_indicator_ignores_non_tactic_bonuses
[33m[WARNING]:  [0mTest script has 10 unfreed children.  Increase log level for more details.
[1m16/16 passed.
[0m[4m

res://tests/test_building.gd
[0m* test_can_be_upgraded_true_when_affordable
* test_can_be_upgraded_false_when_too_expensive
* test_can_be_upgraded_false_with_no_upgrades
* test_can_build_basic_success
* test_can_build_fails_when_max_buildings_reached
* test_can_build_fails_when_building_already_exists
* test_can_build_fails_wrong_natural_resource
* test_can_build_succeeds_matching_natural_resource
* test_can_build_fails_wrong_location_type
* test_can_build_fails_wrong_biome
* test_can_build_succeeds_matching_biome
* test_build_adds_building_to_tile
* test_build_deducts_gold
* test_build_does_nothing_if_cannot_build
* test_build_recalculates_production
* test_get_valid_buildings_filters_correctly
* test_can_upgrade_success
* test_can_upgrade_fails_building_not_on_tile
* test_can_upgrade_fails_not_in_upgrade_path
* test_upgrade_replaces_building
* test_upgrade_deducts_new_building_cost
* test_demolish_removes_building
* test_demolish_does_nothing_for_missing_building
* test_recalculate_modifiers_includes_buildings
* test_effective_cost_without_manager_returns_raw
* test_effective_cost_with_null_stats_returns_raw
* test_effective_cost_applies_discount
* test_effective_cost_clamps_to_20_percent_floor
* test_effective_cost_surcharges_apply_above_one
* test_build_deducts_discounted_cost
* test_upgrade_deducts_discounted_cost
* test_can_be_upgraded_uses_effective_cost
[1m32/32 passed.
[0m[4m

res://tests/test_building_panel.gd
[0m* test_set_buildings_does_not_crash_when_player_cannot_afford
* test_unaffordable_slot_marks_price_label_in_red
* test_unaffordable_slot_does_not_emit_building_selected_on_click
* test_affordable_slot_emits_card_confirmed_on_selection
[1m4/4 passed.
[0m[4m

res://tests/test_card.gd
[0m* test_is_tile_targeted_returns_true_for_tile_target
* test_is_tile_targeted_returns_false_for_self_target
* test_is_batle_front_targeted
* test_is_batle_front_targeted_false_for_tile
* test_is_single_use_true
* test_is_single_use_false_for_basic
* test_is_single_use_false_for_special
* test_get_tooltip_returns_tooltipe_text_when_set
* test_get_tooltip_generates_from_build_tooltip_when_empty
* test_get_valid_targets_returns_empty_by_default
* test_is_valid_target_returns_false_by_default
* test_card_type_enum_values
* test_card_target_enum_values
[1m13/13 passed.
[0m[4m

res://tests/test_card_confirming_state.gd
[0m* test_exit_sets_card_menu_to_null_after_free
* test_exit_is_safe_when_menu_already_null
* test_enter_without_menu_requests_back_to_base_deferred
* test_enter_clears_dangling_freed_reference_before_confirming
* test_request_back_to_base_emits_with_base_target
* test_dragging_targeted_card_without_targets_returns_to_base
[1m6/6 passed.
[0m[4m

res://tests/test_card_pile.gd
[0m* test_new_pile_is_empty
* test_pile_not_empty_after_add
* test_add_card_increases_size
* test_draw_card_returns_last_added
* test_draw_card_decreases_size
* test_draw_all_cards_empties_pile
* test_remove_card_returns_true_when_found
* test_remove_card_returns_false_when_not_found
* test_remove_card_decreases_size
* test_shuffle_preserves_size
* test_clear_empties_pile
* test_add_card_emits_signal
* test_draw_card_emits_signal
* test_remove_card_emits_signal_on_success
* test_clear_emits_signal
* test_to_string_format
[1m16/16 passed.
[0m[4m

res://tests/test_card_types.gd
[0m* test_generate_gold_card_adds_gold
* test_generate_gold_card_tooltip_contains_amount
* test_card_draw_card_tooltip_singular
* test_card_draw_card_tooltip_plural
* test_build_card_is_valid_target_false_for_non_tile
* test_build_card_get_valid_targets_empty_with_no_buildings
* test_colonize_card_tooltip_not_empty
[1m7/7 passed.
[0m[4m

res://tests/test_conditions_effects.gd
[0m* test_base_condition_returns_empty_targets
* test_base_condition_is_valid_false
* test_build_condition_valid_for_owned_tile
* test_build_condition_invalid_for_enemy_tile
* test_build_condition_invalid_for_non_tile
* test_build_condition_invalid_no_buildings
* test_build_condition_invalid_not_enough_gold
* test_build_condition_valid_targets
* test_adjacent_condition_valid_target
* test_adjacent_condition_invalid_already_owned
* test_adjacent_condition_invalid_not_adjacent
* test_adjacent_condition_valid_targets
* test_upgrade_condition_valid
* test_upgrade_condition_invalid_no_upgradable
* test_generate_gold_effect
* test_generate_gold_effect_no_stats
* test_build_effect_builds_on_tile
* test_build_effect_no_building
* test_building_effect_base_does_nothing
[1m19/19 passed.
[0m[4m

res://tests/test_cuartel_resource.gd
[0m* test_cuartel_loads_with_basic_fields
* test_cuartel_buildable_in_village_town_and_megalopolis
* test_cuartel_has_two_effects
* test_cuartel_first_effect_is_troops_per_recruit
* test_cuartel_second_effect_adds_recruit_card
* test_cuartel_upgrades_to_academia
* test_academia_loads_with_basic_fields
* test_academia_only_in_megalopolis
* test_academia_has_three_effects
* test_academia_has_troops_per_recruit_bonus
* test_academia_has_maintenance_discount
* test_academia_adds_recruit_card
[1m12/12 passed.
[0m[4m

res://tests/test_demolish_ui.gd
[0m* test_demolish_button_hidden_by_default
* test_demolish_button_hidden_when_no_building
* test_demolish_button_visible_when_allowed_and_building_set
* test_demolish_button_hides_when_building_cleared
* test_pressing_demolish_button_emits_signal
* test_pressing_demolish_does_nothing_when_no_building
* test_tile_panel_disables_demolish_on_uncontrolled_tile
* test_tile_panel_enables_demolish_on_controlled_tile
* test_tile_panel_demolishes_on_confirm
* test_tile_panel_keeps_building_on_cancel
* test_tile_panel_ignores_demolish_request_on_uncontrolled_tile
* test_tile_panel_frees_slot_after_demolish
[1m12/12 passed.
[0m[4m

res://tests/test_empire.gd
[0m* test_empire_add_tile
* test_empire_add_tile_emits_signal
* test_empire_add_tile_no_duplicate
* test_empire_remove_tile
* test_empire_remove_tile_emits_signal
* test_empire_remove_tile_not_controlled_no_error
* test_empire_reset_controlled_tiles
* test_empire_create_instance
* test_base_ability_creates_no_modifiers
* test_banking_ability_creates_two_modifiers
* test_banking_ability_has_gold_percent_modifier
* test_banking_ability_has_build_cost_modifier
* test_horde_ability_creates_two_modifiers
* test_horde_ability_has_cards_per_turn_modifier
* test_horde_ability_has_card_return_modifier
* test_gardens_ability_without_wheat_creates_one_modifier
* test_gardens_ability_with_wheat_creates_two_modifiers
* test_gardens_ability_has_gold_on_card_modifier
* test_gardens_ability_wheat_food_modifier
[1m19/19 passed.
[0m[4m

res://tests/test_empire_creator.gd
[0m* test_normal_path_picks_one_distant_tile_for_ia
* test_fallback_when_no_tile_meets_distance_threshold
WARNING: [EmpireCreator] Ningun par cumplio ring_distance > radius=10 tras retries; uso fallback con distancia 
maxima=2.
   at: push_warning (core/variant/variant_utility.cpp:1034)
   GDScript backtrace (most recent call first):
       [0] _build_fallback_pair (res://scripts/world_gen/empire_creator.gd:132)
       [1] _find_placement_pair (res://scripts/world_gen/empire_creator.gd:114)
       [2] create_empires (res://scripts/world_gen/empire_creator.gd:58)
       [3] test_fallback_when_no_tile_meets_distance_threshold (res://tests/test_empire_creator.gd:146)
       [4] _run_test (res://addons/gut/gut.gd:612)
       [5] _test_the_scripts (res://addons/gut/gut.gd:815)
[31m    [Failed]:  [0mExpected engine error containing 'fallback'.  
      at line 160
* test_empty_possible_tiles_does_not_emit_and_errors
ERROR: [EmpireCreator] possible_tiles vacio: el mapa no tiene tiles buffer terrestres con food_production > 0. No se 
colocan imperios.
   at: push_error (core/variant/variant_utility.cpp:1024)
   GDScript backtrace (most recent call first):
       [0] create_empires (res://scripts/world_gen/empire_creator.gd:50)
       [1] test_empty_possible_tiles_does_not_emit_and_errors (res://tests/test_empire_creator.gd:184)
       [2] _run_test (res://addons/gut/gut.gd:612)
       [3] _test_the_scripts (res://addons/gut/gut.gd:815)
[31m    [Failed]:  [0mExpected push_error error containing 'possible_tiles vacio'.  
      at line 190
* test_single_candidate_no_empires_are_placed
ERROR: [EmpireCreator] No se pudo elegir un par (player, ia) valido: 1 candidata(s), radius=5. No se colocan imperios.
   at: push_error (core/variant/variant_utility.cpp:1024)
   GDScript backtrace (most recent call first):
       [0] create_empires (res://scripts/world_gen/empire_creator.gd:60)
       [1] test_single_candidate_no_empires_are_placed (res://tests/test_empire_creator.gd:213)
       [2] _run_test (res://addons/gut/gut.gd:612)
       [3] _test_the_scripts (res://addons/gut/gut.gd:815)
[31m    [Failed]:  [0mExpected push_error error containing 'No se pudo elegir un par'.  
      at line 223
* test_aborted_placement_resets_empires_to_empty
ERROR: [EmpireCreator] possible_tiles vacio: el mapa no tiene tiles buffer terrestres con food_production > 0. No se 
colocan imperios.
   at: push_error (core/variant/variant_utility.cpp:1024)
   GDScript backtrace (most recent call first):
       [0] create_empires (res://scripts/world_gen/empire_creator.gd:50)
       [1] test_aborted_placement_resets_empires_to_empty (res://tests/test_empire_creator.gd:254)
       [2] _run_test (res://addons/gut/gut.gd:612)
       [3] _test_the_scripts (res://addons/gut/gut.gd:815)
[31m    [Failed]:  [0mExpected push_error error containing 'possible_tiles vacio'.  
      at line 260
* test_retry_loop_finds_strict_pair_even_with_close_neighbors
[1m2/6 passed.
[0m[4m

res://tests/test_event_pause.gd
[0m* test_turn_event_panel_process_mode_is_always
* test_event_card_selection_panel_process_mode_is_always
* test_shop_panel_process_mode_is_always
* test_turn_event_resolved_unpauses_tree
* test_shop_event_resolved_unpauses_tree
* test_interaction_tracker_uses_unhandled_input
SCRIPT ERROR: Invalid call. Nonexistent function 'new' in base 'GDScript'.
   at: test_interaction_tracker_uses_unhandled_input (res://tests/test_event_pause.gd:75)
   GDScript backtrace (most recent call first):
       [0] test_interaction_tracker_uses_unhandled_input (res://tests/test_event_pause.gd:75)
       [1] _run_test (res://addons/gut/gut.gd:612)
       [2] _test_the_scripts (res://addons/gut/gut.gd:815)
[33m    [Risky]:  [0mtest_interaction_tracker_uses_unhandled_input did not assert
[1m5/6 passed.
[0m[4m

res://tests/test_game_save_manager.gd
[0m* test_list_slots_starts_without_test_slots
SCRIPT ERROR: Invalid call. Nonexistent function 'list_slots' in base 'Nil'.
   at: before_each (res://tests/test_game_save_manager.gd:13)
   GDScript backtrace (most recent call first):
       [0] before_each (res://tests/test_game_save_manager.gd:13)
       [1] _run_test (res://addons/gut/gut.gd:604)
       [2] _test_the_scripts (res://addons/gut/gut.gd:815)
SCRIPT ERROR: Invalid call. Nonexistent function 'list_slots' in base 'Nil'.
   at: test_list_slots_starts_without_test_slots (res://tests/test_game_save_manager.gd:42)
   GDScript backtrace (most recent call first):
       [0] test_list_slots_starts_without_test_slots (res://tests/test_game_save_manager.gd:42)
       [1] _run_test (res://addons/gut/gut.gd:612)
       [2] _test_the_scripts (res://addons/gut/gut.gd:815)
SCRIPT ERROR: Invalid call. Nonexistent function 'list_slots' in base 'Nil'.
   at: after_each (res://tests/test_game_save_manager.gd:26)
   GDScript backtrace (most recent call first):
       [0] after_each (res://tests/test_game_save_manager.gd:26)
       [1] _run_test (res://addons/gut/gut.gd:626)
       [2] _test_the_scripts (res://addons/gut/gut.gd:815)
[33m    [Risky]:  [0mtest_list_slots_starts_without_test_slots did not assert
* test_delete_slot_returns_false_when_missing
SCRIPT ERROR: Invalid call. Nonexistent function 'list_slots' in base 'Nil'.
   at: before_each (res://tests/test_game_save_manager.gd:13)
   GDScript backtrace (most recent call first):
       [0] before_each (res://tests/test_game_save_manager.gd:13)
       [1] _run_test (res://addons/gut/gut.gd:604)
       [2] _test_the_scripts (res://addons/gut/gut.gd:815)
SCRIPT ERROR: Invalid call. Nonexistent function 'delete_slot' in base 'Nil'.
   at: test_delete_slot_returns_false_when_missing (res://tests/test_game_save_manager.gd:50)
   GDScript backtrace (most recent call first):
       [0] test_delete_slot_returns_false_when_missing (res://tests/test_game_save_manager.gd:50)
       [1] _run_test (res://addons/gut/gut.gd:612)
       [2] _test_the_scripts (res://addons/gut/gut.gd:815)
SCRIPT ERROR: Invalid call. Nonexistent function 'list_slots' in base 'Nil'.
   at: after_each (res://tests/test_game_save_manager.gd:26)
   GDScript backtrace (most recent call first):
       [0] after_each (res://tests/test_game_save_manager.gd:26)
       [1] _run_test (res://addons/gut/gut.gd:626)
       [2] _test_the_scripts (res://addons/gut/gut.gd:815)
[33m    [Risky]:  [0mtest_delete_slot_returns_false_when_missing did not assert
* test_save_returns_false_when_no_game_active
SCRIPT ERROR: Invalid call. Nonexistent function 'list_slots' in base 'Nil'.
   at: before_each (res://tests/test_game_save_manager.gd:13)
   GDScript backtrace (most recent call first):
       [0] before_each (res://tests/test_game_save_manager.gd:13)
       [1] _run_test (res://addons/gut/gut.gd:604)
       [2] _test_the_scripts (res://addons/gut/gut.gd:815)
SCRIPT ERROR: Invalid call. Nonexistent function 'save_current_game' in base 'Nil'.
   at: test_save_returns_false_when_no_game_active (res://tests/test_game_save_manager.gd:58)
   GDScript backtrace (most recent call first):
       [0] test_save_returns_false_when_no_game_active (res://tests/test_game_save_manager.gd:58)
       [1] _run_test (res://addons/gut/gut.gd:612)
       [2] _test_the_scripts (res://addons/gut/gut.gd:815)
SCRIPT ERROR: Invalid call. Nonexistent function 'list_slots' in base 'Nil'.
   at: after_each (res://tests/test_game_save_manager.gd:26)
   GDScript backtrace (most recent call first):
       [0] after_each (res://tests/test_game_save_manager.gd:26)
       [1] _run_test (res://addons/gut/gut.gd:626)
       [2] _test_the_scripts (res://addons/gut/gut.gd:815)
[33m    [Risky]:  [0mtest_save_returns_false_when_no_game_active did not assert
* test_load_missing_file_returns_false_and_emits_failure
SCRIPT ERROR: Invalid call. Nonexistent function 'list_slots' in base 'Nil'.
   at: before_each (res://tests/test_game_save_manager.gd:13)
   GDScript backtrace (most recent call first):
       [0] before_each (res://tests/test_game_save_manager.gd:13)
       [1] _run_test (res://addons/gut/gut.gd:604)
       [2] _test_the_scripts (res://addons/gut/gut.gd:815)
SCRIPT ERROR: Invalid access to property or key 'load_failed' on a base object of type 'Nil'.
   at: test_load_missing_file_returns_false_and_emits_failure (res://tests/test_game_save_manager.gd:66)
   GDScript backtrace (most recent call first):
       [0] test_load_missing_file_returns_false_and_emits_failure (res://tests/test_game_save_manager.gd:66)
       [1] _run_test (res://addons/gut/gut.gd:612)
       [2] _test_the_scripts (res://addons/gut/gut.gd:815)
SCRIPT ERROR: Invalid call. Nonexistent function 'list_slots' in base 'Nil'.
   at: after_each (res://tests/test_game_save_manager.gd:26)
   GDScript backtrace (most recent call first):
       [0] after_each (res://tests/test_game_save_manager.gd:26)
       [1] _run_test (res://addons/gut/gut.gd:626)
       [2] _test_the_scripts (res://addons/gut/gut.gd:815)
[33m    [Risky]:  [0mtest_load_missing_file_returns_false_and_emits_failure did not assert
* test_load_rejects_unknown_version
SCRIPT ERROR: Invalid call. Nonexistent function 'list_slots' in base 'Nil'.
   at: before_each (res://tests/test_game_save_manager.gd:13)
   GDScript backtrace (most recent call first):
       [0] before_each (res://tests/test_game_save_manager.gd:13)
       [1] _run_test (res://addons/gut/gut.gd:604)
       [2] _test_the_scripts (res://addons/gut/gut.gd:815)
SCRIPT ERROR: Invalid call. Nonexistent function 'load_game' in base 'Nil'.
   at: test_load_rejects_unknown_version (res://tests/test_game_save_manager.gd:86)
   GDScript backtrace (most recent call first):
       [0] test_load_rejects_unknown_version (res://tests/test_game_save_manager.gd:86)
       [1] _run_test (res://addons/gut/gut.gd:612)
       [2] _test_the_scripts (res://addons/gut/gut.gd:815)
SCRIPT ERROR: Invalid call. Nonexistent function 'list_slots' in base 'Nil'.
   at: after_each (res://tests/test_game_save_manager.gd:26)
   GDScript backtrace (most recent call first):
       [0] after_each (res://tests/test_game_save_manager.gd:26)
       [1] _run_test (res://addons/gut/gut.gd:626)
       [2] _test_the_scripts (res://addons/gut/gut.gd:815)
[33m    [Risky]:  [0mtest_load_rejects_unknown_version did not assert
* test_load_rejects_non_dict_json
SCRIPT ERROR: Invalid call. Nonexistent function 'list_slots' in base 'Nil'.
   at: before_each (res://tests/test_game_save_manager.gd:13)
   GDScript backtrace (most recent call first):
       [0] before_each (res://tests/test_game_save_manager.gd:13)
       [1] _run_test (res://addons/gut/gut.gd:604)
       [2] _test_the_scripts (res://addons/gut/gut.gd:815)
SCRIPT ERROR: Invalid call. Nonexistent function 'load_game' in base 'Nil'.
   at: test_load_rejects_non_dict_json (res://tests/test_game_save_manager.gd:106)
   GDScript backtrace (most recent call first):
       [0] test_load_rejects_non_dict_json (res://tests/test_game_save_manager.gd:106)
       [1] _run_test (res://addons/gut/gut.gd:612)
       [2] _test_the_scripts (res://addons/gut/gut.gd:815)
SCRIPT ERROR: Invalid call. Nonexistent function 'list_slots' in base 'Nil'.
   at: after_each (res://tests/test_game_save_manager.gd:26)
   GDScript backtrace (most recent call first):
       [0] after_each (res://tests/test_game_save_manager.gd:26)
       [1] _run_test (res://addons/gut/gut.gd:626)
       [2] _test_the_scripts (res://addons/gut/gut.gd:815)
[33m    [Risky]:  [0mtest_load_rejects_non_dict_json did not assert
* test_write_and_read_minimal_valid_snapshot
SCRIPT ERROR: Invalid call. Nonexistent function 'list_slots' in base 'Nil'.
   at: before_each (res://tests/test_game_save_manager.gd:13)
   GDScript backtrace (most recent call first):
       [0] before_each (res://tests/test_game_save_manager.gd:13)
       [1] _run_test (res://addons/gut/gut.gd:604)
       [2] _test_the_scripts (res://addons/gut/gut.gd:815)
SCRIPT ERROR: Invalid access to property or key 'load_requested' on a base object of type 'Nil'.
   at: test_write_and_read_minimal_valid_snapshot (res://tests/test_game_save_manager.gd:132)
   GDScript backtrace (most recent call first):
       [0] test_write_and_read_minimal_valid_snapshot (res://tests/test_game_save_manager.gd:132)
       [1] _run_test (res://addons/gut/gut.gd:612)
       [2] _test_the_scripts (res://addons/gut/gut.gd:815)
SCRIPT ERROR: Invalid call. Nonexistent function 'list_slots' in base 'Nil'.
   at: after_each (res://tests/test_game_save_manager.gd:26)
   GDScript backtrace (most recent call first):
       [0] after_each (res://tests/test_game_save_manager.gd:26)
       [1] _run_test (res://addons/gut/gut.gd:626)
       [2] _test_the_scripts (res://addons/gut/gut.gd:815)
[33m    [Risky]:  [0mtest_write_and_read_minimal_valid_snapshot did not assert
* test_list_slots_includes_written_file
SCRIPT ERROR: Invalid call. Nonexistent function 'list_slots' in base 'Nil'.
   at: before_each (res://tests/test_game_save_manager.gd:13)
   GDScript backtrace (most recent call first):
       [0] before_each (res://tests/test_game_save_manager.gd:13)
       [1] _run_test (res://addons/gut/gut.gd:604)
       [2] _test_the_scripts (res://addons/gut/gut.gd:815)
SCRIPT ERROR: Invalid call. Nonexistent function 'list_slots' in base 'Nil'.
   at: test_list_slots_includes_written_file (res://tests/test_game_save_manager.gd:152)
   GDScript backtrace (most recent call first):
       [0] test_list_slots_includes_written_file (res://tests/test_game_save_manager.gd:152)
       [1] _run_test (res://addons/gut/gut.gd:612)
       [2] _test_the_scripts (res://addons/gut/gut.gd:815)
SCRIPT ERROR: Invalid call. Nonexistent function 'list_slots' in base 'Nil'.
   at: after_each (res://tests/test_game_save_manager.gd:26)
   GDScript backtrace (most recent call first):
       [0] after_each (res://tests/test_game_save_manager.gd:26)
       [1] _run_test (res://addons/gut/gut.gd:626)
       [2] _test_the_scripts (res://addons/gut/gut.gd:815)
[33m    [Risky]:  [0mtest_list_slots_includes_written_file did not assert
[4m

res://tests/test_hand_interactive.gd
[0m* test_hand_starts_interactive_by_default
* test_set_interactive_false_disables_existing_cards
* test_set_interactive_true_reenables_existing_cards
* test_add_card_while_disabled_creates_non_interactive_card
* test_add_card_while_enabled_creates_interactive_card
[1m5/5 passed.
[0m[4m

res://tests/test_interaction_tracker.gd
[0m* test_uses_unhandled_input_callback
SCRIPT ERROR: Invalid call. Nonexistent function 'new' in base 'GDScript'.
   at: test_uses_unhandled_input_callback (res://tests/test_interaction_tracker.gd:19)
   GDScript backtrace (most recent call first):
       [0] test_uses_unhandled_input_callback (res://tests/test_interaction_tracker.gd:19)
       [1] _run_test (res://addons/gut/gut.gd:612)
       [2] _test_the_scripts (res://addons/gut/gut.gd:815)
       [3] _run_test (res://addons/gut/gut.gd:640)
       [4] test_add_card_while_enabled_creates_interactive_card (res://tests/test_hand_interactive.gd:104)
[33m    [Risky]:  [0mtest_uses_unhandled_input_callback did not assert
[4m

res://tests/test_military_cards.gd
[0m* test_recruit_card_apply_effects_success
* test_recruit_card_apply_effects_no_chosen
* test_recruit_card_apply_effects_insufficient_gold
* test_recruit_card_is_basic_type
* test_recruit_card_default_base_is_one
* test_recruit_card_recruits_base_times_when_no_modifier_manager
* test_recruit_card_applies_modifier_bonus_to_count
* test_recruit_card_stops_when_gold_runs_out
* test_recruit_card_effective_total_clamps_to_min_one
* test_open_front_card_valid_targets
* test_open_front_card_no_targets_without_enemy_neighbors
* test_open_front_card_excludes_tiles_with_active_front
* test_open_front_card_apply_effects
* test_enemy_adjacent_condition_valid
* test_enemy_adjacent_condition_ignores_uncontrolled
[33m[WARNING]:  [0mTest script has 3 unfreed children.  Increase log level for more details.
[1m15/15 passed.
[0m[4m

res://tests/test_military_events.gd
[0m* test_has_adjacent_enemy_true_when_neighbor_is_enemy
* test_has_adjacent_enemy_false_when_no_enemy_neighbor
* test_has_adjacent_enemy_false_when_neighbor_is_own
* test_has_troops_true_with_troops
* test_has_troops_false_without_troops
* test_has_troops_min_count
* test_has_active_fronts_true
* test_has_active_fronts_false
* test_context_includes_troop_pool_size
* test_context_includes_active_front_count
* test_context_has_adjacent_enemy_flag
* test_unlock_recruit_event_conditions_not_met_without_town
* test_unlock_recruit_event_conditions_met
* test_unlock_open_front_requires_recruit_and_troops
* test_unlock_recruit_choice_adds_card_to_discard
* test_unlock_open_front_choice_adds_card_to_discard
* test_unlock_recruit_not_skippable
* test_all_military_events_are_unique
* test_unlock_open_front_card_loaded_from_resource
* test_unlock_open_front_pool_entry_uses_resource
* test_unlock_open_front_card_added_is_a_copy
* test_has_recruited_troop_of_type_true_when_counter_has_type
* test_has_recruited_troop_of_type_false_when_no_match
* test_has_recruited_troop_of_type_false_with_empty_counter
* test_has_recruited_troop_of_type_respects_min_count
* test_has_recruited_troop_of_type_invalid_type_returns_false
* test_has_recruited_troop_of_type_independent_from_pool
* test_unlock_cavalry_charge_requires_open_front_and_cavalry
* test_unlock_cavalry_charge_does_not_trigger_with_other_troop_type
* test_unlock_cavalry_charge_choice_adds_card_and_pool
* test_unlock_phalanx_requires_pikemen
* test_unlock_arrow_rain_requires_ranged
* test_unlock_ambush_requires_light_infantry
* test_unlock_frontal_assault_requires_heavy_infantry
* test_all_tactic_unlock_events_are_unique
* test_tactic_unlock_events_are_skippable
* test_tactic_unlock_card_added_is_a_copy
[1m37/37 passed.
[0m[4m

res://tests/test_modifier.gd
[0m* test_modifier_init_defaults
* test_modifier_activate_sets_stats
* test_modifier_deactivate_clears_stats
* test_modifier_permanent_duration
* test_stat_modifier_flat_gold
* test_stat_modifier_description_flat_gold_positive
* test_stat_modifier_description_flat_gold_negative
* test_stat_modifier_description_percent_gold
* test_stat_modifier_description_cards_per_turn
* test_stat_modifier_description_tile_resource
* test_stat_modifier_duplicate
* test_build_cost_modifier_discount
* test_build_cost_modifier_increase
* test_build_cost_modifier_duplicate
* test_card_return_should_return_matching_card
* test_card_return_does_not_return_wrong_card
* test_card_return_only_once_per_turn
* test_card_return_resets_on_turn_start
* test_add_modifier
* test_add_modifier_emits_signals
* test_remove_modifier
* test_remove_modifier_emits_signals
* test_tick_decreases_duration
* test_tick_removes_expired_modifiers
* test_tick_does_not_touch_permanent
* test_get_flat_gold
* test_get_percent_gold
* test_get_flat_food
* test_get_percent_food
* test_get_cards_per_turn_bonus
* test_get_card_draw_bonus
* test_get_tile_gold_bonus
* test_get_tile_gold_bonus_no_match
* test_get_build_cost_multiplier_discount
* test_get_build_cost_multiplier_increase
* test_get_build_cost_multiplier_stacked
* test_get_build_cost_multiplier_clamps_at_min
* test_get_build_cost_multiplier_does_not_clamp_surcharges
* test_clamp_cost_multiplier_helper
* test_should_return_to_hand
* test_should_return_to_hand_false_for_wrong_card
* test_multiple_ticks_expire_correctly
* test_get_troops_per_recruit_bonus_empty
* test_get_troops_per_recruit_bonus_single
* test_get_troops_per_recruit_bonus_stacks
* test_get_troops_per_recruit_bonus_ignores_other_types
* test_get_troop_maintenance_percent_empty
* test_get_troop_maintenance_percent_single
* test_get_troop_maintenance_percent_stacks
[1m49/49 passed.
[0m[4m

res://tests/test_modifier_serializer.gd
[0m* test_stat_modifier_round_trip
SCRIPT ERROR: Invalid call. Nonexistent function 'to_dict' in base 'GDScript'.
   at: test_stat_modifier_round_trip (res://tests/test_modifier_serializer.gd:8)
   GDScript backtrace (most recent call first):
       [0] test_stat_modifier_round_trip (res://tests/test_modifier_serializer.gd:8)
       [1] _run_test (res://addons/gut/gut.gd:612)
       [2] _test_the_scripts (res://addons/gut/gut.gd:815)
       [3] _run_test (res://addons/gut/gut.gd:640)
[33m    [Risky]:  [0mtest_stat_modifier_round_trip did not assert
* test_build_cost_modifier_round_trip
SCRIPT ERROR: Invalid call. Nonexistent function 'to_dict' in base 'GDScript'.
   at: test_build_cost_modifier_round_trip (res://tests/test_modifier_serializer.gd:28)
   GDScript backtrace (most recent call first):
       [0] test_build_cost_modifier_round_trip (res://tests/test_modifier_serializer.gd:28)
       [1] _run_test (res://addons/gut/gut.gd:612)
       [2] _test_the_scripts (res://addons/gut/gut.gd:815)
       [3] _run_test (res://addons/gut/gut.gd:640)
[33m    [Risky]:  [0mtest_build_cost_modifier_round_trip did not assert
* test_gold_on_card_modifier_round_trip
SCRIPT ERROR: Invalid call. Nonexistent function 'to_dict' in base 'GDScript'.
   at: test_gold_on_card_modifier_round_trip (res://tests/test_modifier_serializer.gd:40)
   GDScript backtrace (most recent call first):
       [0] test_gold_on_card_modifier_round_trip (res://tests/test_modifier_serializer.gd:40)
       [1] _run_test (res://addons/gut/gut.gd:612)
       [2] _test_the_scripts (res://addons/gut/gut.gd:815)
[33m    [Risky]:  [0mtest_gold_on_card_modifier_round_trip did not assert
* test_card_return_modifier_round_trip
SCRIPT ERROR: Invalid call. Nonexistent function 'to_dict' in base 'GDScript'.
   at: test_card_return_modifier_round_trip (res://tests/test_modifier_serializer.gd:54)
   GDScript backtrace (most recent call first):
       [0] test_card_return_modifier_round_trip (res://tests/test_modifier_serializer.gd:54)
       [1] _run_test (res://addons/gut/gut.gd:612)
       [2] _test_the_scripts (res://addons/gut/gut.gd:815)
[33m    [Risky]:  [0mtest_card_return_modifier_round_trip did not assert
* test_unknown_kind_returns_null
SCRIPT ERROR: Invalid call. Nonexistent function 'from_dict' in base 'GDScript'.
   at: test_unknown_kind_returns_null (res://tests/test_modifier_serializer.gd:68)
   GDScript backtrace (most recent call first):
       [0] test_unknown_kind_returns_null (res://tests/test_modifier_serializer.gd:68)
       [1] _run_test (res://addons/gut/gut.gd:612)
       [2] _test_the_scripts (res://addons/gut/gut.gd:815)
[33m    [Risky]:  [0mtest_unknown_kind_returns_null did not assert
* test_serialize_manager_returns_array_with_all_modifiers
SCRIPT ERROR: Invalid call. Nonexistent function 'serialize_manager' in base 'GDScript'.
   at: test_serialize_manager_returns_array_with_all_modifiers (res://tests/test_modifier_serializer.gd:81)
   GDScript backtrace (most recent call first):
       [0] test_serialize_manager_returns_array_with_all_modifiers (res://tests/test_modifier_serializer.gd:81)
       [1] _run_test (res://addons/gut/gut.gd:612)
       [2] _test_the_scripts (res://addons/gut/gut.gd:815)
[33m    [Risky]:  [0mtest_serialize_manager_returns_array_with_all_modifiers did not assert
* test_apply_to_manager_restores_modifiers_in_order
SCRIPT ERROR: Invalid call. Nonexistent function 'serialize_manager' in base 'GDScript'.
   at: test_apply_to_manager_restores_modifiers_in_order (res://tests/test_modifier_serializer.gd:94)
   GDScript backtrace (most recent call first):
       [0] test_apply_to_manager_restores_modifiers_in_order (res://tests/test_modifier_serializer.gd:94)
       [1] _run_test (res://addons/gut/gut.gd:612)
       [2] _test_the_scripts (res://addons/gut/gut.gd:815)
[33m    [Risky]:  [0mtest_apply_to_manager_restores_modifiers_in_order did not assert
[4m

res://tests/test_player_resume_turn.gd
[0m* test_player_resume_turn_emits_player_hand_drawn
* test_player_resume_turn_does_not_increment_turn_number
* test_player_resume_turn_does_not_modify_total_gold
* test_base_controller_resume_turn_defaults_to_start_turn
[1m4/4 passed.
[0m[4m

res://tests/test_province_name_generator.gd
[0m* test_same_position_same_biome_produces_same_name
* test_different_positions_produce_different_names
* test_different_biomes_same_position_may_differ
* test_name_is_not_empty_for_all_biomes
* test_name_has_minimum_length
* test_name_has_reasonable_max_length
* test_unknown_biome_returns_non_empty_name
* test_negative_positions_work
* test_zero_position_works
* test_large_position_works
[1m10/10 passed.
[0m[4m

res://tests/test_recruit_panel.gd
[0m* test_slot_displays_name
* test_slot_displays_attack_and_defense
* test_slot_displays_recruitment_cost
* test_slot_displays_maintenance
* test_slot_displays_zero_maintenance
* test_slot_emits_troop_selected_on_click
* test_slot_does_not_emit_on_release
* test_panel_populates_one_slot_per_troop
* test_panel_emits_card_confirmed_on_selection
* test_panel_marks_unaffordable_troops_in_red
* test_panel_does_not_connect_unaffordable_troops
* test_panel_repopulates_when_troops_reassigned
[1m12/12 passed.
[0m[4m

res://tests/test_save_constants.gd
[0m* test_save_format_version_is_positive
* test_user_slot_path_uses_user_dir
* test_fixture_path_uses_test_dir
* test_quicksave_slot_constant_defined
[1m4/4 passed.
[0m[4m

res://tests/test_shop.gd
[0m* test_item_is_available_with_stock
* test_item_not_available_after_sold_out
* test_item_unlimited_stock
* test_item_can_afford_true
* test_item_can_afford_exact
* test_item_cannot_afford
* test_item_purchase_deducts_gold
* test_item_purchase_adds_card_to_discard
* test_item_purchase_duplicates_card
* test_item_purchase_increments_sold_count
* test_config_can_purge_with_gold
* test_config_cannot_purge_without_gold
* test_config_cannot_purge_when_disabled
* test_config_cannot_purge_over_max
* test_config_purge_removes_from_draw_pile
* test_config_purge_removes_from_discard_pile
* test_config_purge_deducts_gold
* test_config_purge_increments_global_counter
* test_config_purge_increments_visit_counter
* test_config_purge_cost_scales_after_purge
* test_config_purge_fails_if_card_not_in_piles
* test_config_purge_fails_without_gold
* test_purge_cost_base
* test_purge_cost_scales_linearly
* test_scaled_price_no_scaling_at_base_turn
* test_scaled_price_increases_past_base_turn
* test_scaled_price_no_negative_scaling
* test_basic_shop_has_2_or_3_items
* test_basic_shop_allows_1_purge
* test_basic_shop_prices_in_range
* test_special_shop_has_3_items
* test_special_shop_allows_2_or_3_purges
* test_special_shop_prices_in_valid_range
* test_generator_items_have_stock_1
* test_generator_purge_cost_uses_global_count
* test_weighted_pick_no_duplicates
* test_weighted_pick_empty_pool
* test_weighted_pick_pool_smaller_than_count
* test_basic_shop_event_not_available_early
* test_basic_shop_event_available_at_turn_8
* test_special_shop_event_not_available_early
* test_special_shop_event_available_at_turn_12
* test_special_shop_event_not_available_low_gold
* test_special_shop_event_not_available_few_tiles
* test_shop_event_generates_basic_config
* test_shop_event_generates_special_config
* test_full_buy_and_purge_flow
* test_purge_cost_escalation_across_visits
[1m48/48 passed.
[0m[4m

res://tests/test_stats.gd
[0m* test_create_instance_sets_initial_gold
* test_create_instance_sets_initial_gold_per_turn
* test_create_instance_sets_food_to_zero
* test_create_instance_creates_empty_piles
* test_create_instance_duplicates_deck
* test_create_instance_resets_turn_number
* test_create_instance_resets_unique_events
* test_set_gold_emits_stats_changed
* test_set_gold_per_turn_emits_stats_changed
* test_set_food_emits_stats_changed
* test_set_cards_per_turn_clamped_min
* test_set_cards_per_turn_clamped_max
* test_set_cards_per_turn_normal_value
* test_add_possible_building
* test_add_possible_building_emits_signal
* test_add_possible_building_no_duplicate
* test_remove_possible_building
* test_remove_possible_building_emits_signal
* test_remove_nonexistent_building_no_error
[1m19/19 passed.
[0m[4m

res://tests/test_stats_serializer.gd
[0m* test_to_dict_captures_resources
* test_to_dict_captures_progress
* test_to_dict_records_draw_pile_order
* test_round_trip_preserves_resources
* test_round_trip_preserves_progress
* test_round_trip_preserves_pile_order
* test_round_trip_preserves_unlocked_pools
* test_round_trip_with_empty_pools_works
* test_from_dict_returns_null_on_empty_dict
* test_round_trip_preserves_types_ever_recruited
* test_round_trip_types_ever_recruited_empty
* test_from_dict_defaults_types_ever_recruited_when_missing
[1m12/12 passed.
[0m[4m

res://tests/test_tile_resources.gd
[0m* test_natural_resource_defaults
* test_natural_resource_with_values
* test_natural_resource_biome_dictionary
* test_location_type_properties
* test_location_type_uncolonized
* test_location_type_megalopolis
* test_position_data_defaults
* test_position_data_with_values
* test_tile_mesh_data_biome_type
* test_biome_type_enum
* test_location_type_enum
* test_recalculate_modifiers_base_production
* test_recalculate_modifiers_with_building
* test_recalculate_max_buildings_from_location
* test_set_controller
* test_set_controller_null
* test_hex_vertices_returns_six
* test_hex_vertices_unit_radius
[1m18/18 passed.
[0m[4m

res://tests/test_tile_serializer.gd
[0m* test_to_dict_records_grid_position
* test_to_dict_records_world_position
* test_to_dict_records_flags
* test_to_dict_records_biome
* test_to_dict_empty_buildings_when_none
* test_to_dict_records_buildings_by_path
* test_to_dict_no_controller_serializes_empty_string
SCRIPT ERROR: Invalid access to property or key 'controller' on a base object of type 'Dictionary'.
   at: test_to_dict_no_controller_serializes_empty_string (res://tests/test_tile_serializer.gd:98)
   GDScript backtrace (most recent call first):
       [0] test_to_dict_no_controller_serializes_empty_string (res://tests/test_tile_serializer.gd:98)
       [1] _run_test (res://addons/gut/gut.gd:612)
       [2] _test_the_scripts (res://addons/gut/gut.gd:815)
[33m    [Risky]:  [0mtest_to_dict_no_controller_serializes_empty_string did not assert
* test_to_dict_records_province_name
* test_to_dict_province_name_empty_by_default
[1m8/9 passed.
[0m[4m

res://tests/test_troop_effectiveness.gd
[0m* test_same_type_is_neutral
* test_caballeria_strong_vs_a_distancia_and_ligera
* test_caballeria_weak_vs_piqueros_and_pesada
* test_a_distancia_weak_vs_caballeria_strong_vs_ligera
* test_piqueros_strong_vs_caballeria
* test_matrix_is_balanced_each_type_has_two_strong_two_weak
* test_no_enemy_troops_returns_flat_sum
* test_no_own_troops_returns_zero
* test_pure_strong_matchup_applies_full_multiplier
* test_pure_weak_matchup_applies_full_multiplier
* test_neutral_matchup_unchanged
* test_weighted_average_with_mixed_enemy_composition
* test_weighted_average_with_uneven_enemy_composition
* test_mixed_own_lineup_each_troop_resolves_its_own_matchup
* test_average_multiplier_no_enemies_is_neutral
* test_average_multiplier_pure_enemy
[1m16/16 passed.
[0m[4m

res://tests/test_troop_pool_view.gd
[0m* test_opener_counter_shows_initial_pool_size
* test_opener_counter_updates_when_troop_recruited
* test_opener_counter_updates_when_troop_removed
* test_opener_does_not_double_connect_signal
* test_opener_handles_null_stats_gracefully
* test_menu_ui_displays_troop_info
* test_menu_ui_count_badge_hidden_when_one
* test_menu_ui_count_badge_visible_when_many
* test_view_groups_troops_by_type
* test_view_count_badge_reflects_quantity
* test_view_sets_title
* test_view_shows_empty_state
* test_view_hides_empty_state_with_troops
* test_view_back_button_hides_view
* test_view_show_clears_previous_slots
[1m15/15 passed.
[0m[4m

res://tests/test_troops.gd
[0m* test_recruit_troop_success
* test_recruit_troop_insufficient_gold
* test_recruit_emits_signal
* test_recruit_emits_troop_pool_changed_with_size
* test_recruit_failure_does_not_emit_pool_changed
* test_pool_changed_payload_grows_with_each_recruit
* test_recruit_multiple_troops
* test_recruit_increments_types_ever_recruited
* test_recruit_failure_does_not_increment_types
* test_recruit_counts_persist_across_remove
* test_recruit_counts_accumulate_per_type
* test_pool_append_outside_recruit_does_not_increment
* test_can_afford_troop_true
* test_can_afford_troop_exact
* test_can_afford_troop_false
* test_can_afford_troop_false_when_gpt_below_maintenance
* test_can_afford_troop_false_when_gpt_already_negative
* test_can_afford_troop_false_when_food_below_maintenance
* test_can_afford_troop_false_when_food_already_negative
* test_remove_troop
* test_remove_troop_not_in_pool
* test_maintenance_calculation
* test_maintenance_empty_pool
* test_maintenance_after_removal
* test_troop_type_defaults_to_infanteria_ligera
* test_troop_type_label_matches_enum
* test_troop_get_type_label_uses_instance_type
[1m27/27 passed.
[0m[4m

res://tests/test_turn_events.gd
[0m* test_comparison_greater
* test_comparison_greater_equal
* test_comparison_less
* test_comparison_less_equal
* test_comparison_equal
* test_base_condition_always_true
* test_gold_threshold_condition_met
* test_gold_threshold_condition_not_met
* test_food_threshold_condition
* test_turn_number_condition
* test_turn_number_condition_not_met
* test_event_available_no_conditions
* test_event_not_available_condition_fails
* test_event_available_all_conditions_pass
* test_gold_event_effect_adds_gold
* test_gold_event_effect_subtracts_gold
* test_food_event_effect
* test_scaled_gold_effect_base_only
* test_scaled_gold_effect_with_turn_factor
* test_scaled_gold_effect_with_gpt_percent
* test_unlock_building_effect
* test_cost_can_pay_enough_gold
* test_cost_cannot_pay_not_enough_gold
* test_cost_pay_deducts_gold
* test_cost_pay_deducts_food
* test_scaled_gold_cost_can_pay
* test_scaled_gold_cost_cannot_pay
* test_scaled_gold_cost_pay
* test_choice_is_affordable_no_cost
* test_choice_is_affordable_with_payable_cost
* test_choice_not_affordable
* test_choice_execute_applies_effects
* test_choice_execute_pays_cost_then_applies
* test_choice_needs_player_input_false_by_default
* test_filter_matches_by_id
* test_filter_matches_by_type
* test_filter_find_first
* test_filter_find_first_empty_when_no_match
* test_filter_has_match
* test_filter_no_match
* test_context_build_populates_gold
* test_context_card_count_by_id
* test_context_card_count_by_type
* test_weights_returns_fallback_when_curve_is_null
* test_weights_curve_basic_sampling_within_default_range
* test_weights_clamps_turn_to_curve_domain
* test_weights_curve_takes_precedence_over_fallback
* test_event_chance_returns_fallback_when_curve_is_null
* test_event_chance_uses_curve_when_present
* test_event_chance_clamps_turn_to_curve_domain
* test_event_chance_clamps_output_to_zero_one
* test_manager_uses_event_chance_curve
* test_manager_falls_back_to_stats_event_chance_when_no_weights
* test_manager_returns_null_when_event_chance_fails
* test_manager_returns_null_when_no_events_available
* test_manager_prioritizes_core_when_priority_chance_one
* test_manager_skips_core_priority_when_chance_zero
* test_manager_excludes_categories_without_candidates
* test_manager_skips_used_unique_events
* test_manager_resolve_marks_unique_as_used
* test_manager_works_without_category_weights
* test_construction_boom_is_core_progression
* test_unlock_recruit_is_core_progression
* test_unlock_upgrade_is_core_progression
* test_unlock_caravana_is_optional_progression
* test_unlock_palacio_is_optional_progression
* test_bandits_is_flavour
* test_wise_travelers_is_flavour
* test_mercenaries_is_flavour
* test_card_offering_is_deck
* test_deck_purge_is_deck
* test_basic_shop_is_shop
* test_special_shop_is_shop
* test_spirit_pacto_is_spirit
* test_megalopolis_is_decision
* test_default_turn_event_category_is_flavour
[1m76/76 passed.
[0m[4m

res://tests/test_unlock_recruit_event.gd
[0m* test_recruit_card_in_add_card_effect_has_available_troops
* test_recruit_card_in_pool_effect_has_available_troops
* test_unlock_recruit_event_also_unlocks_cuartel_building
* test_recruit_card_generates_options_when_played
[1m4/4 passed.
[0m[4m

res://tests/test_world_gen.gd
[0m* test_tile_to_world_origin_stagger
* test_tile_to_world_origin_no_stagger
* test_tile_to_world_horizontal_spacing
* test_tile_to_world_y_is_zero
* test_tile_to_world_tile_size_scales
* test_noise_at_tile_normalized
* test_circle_shape_filter_origin
* test_circle_shape_filter_inside
* test_circle_shape_filter_outside
* test_diamond_shape_filter_origin
* test_diamond_shape_filter_outside
* test_hexagonal_buffer_filter_center_inside
* test_hexagonal_buffer_filter_edge_outside
* test_rectangular_buffer_filter
* test_circular_buffer_filter
* test_diamond_buffer_filter
* test_find_noise_caps
* test_generate_position
* test_generation_settings_defaults
* test_generation_settings_shape_enum
[1m20/20 passed.
[0m[4m

res://tests/test_world_generator.gd
[0m* test_auto_generate_on_ready_defaults_to_true
SCRIPT ERROR: Invalid call. Nonexistent function 'new' in base 'GDScript'.
   at: test_auto_generate_on_ready_defaults_to_true (res://tests/test_world_generator.gd:34)
   GDScript backtrace (most recent call first):
       [0] test_auto_generate_on_ready_defaults_to_true (res://tests/test_world_generator.gd:34)
       [1] _run_test (res://addons/gut/gut.gd:612)
       [2] _test_the_scripts (res://addons/gut/gut.gd:815)
[33m    [Risky]:  [0mtest_auto_generate_on_ready_defaults_to_true did not assert
* test_ready_does_not_generate_when_flag_is_false
SCRIPT ERROR: Invalid call. Nonexistent function 'new' in base 'GDScript'.
   at: test_ready_does_not_generate_when_flag_is_false (res://tests/test_world_generator.gd:45)
   GDScript backtrace (most recent call first):
       [0] test_ready_does_not_generate_when_flag_is_false (res://tests/test_world_generator.gd:45)
       [1] _run_test (res://addons/gut/gut.gd:612)
       [2] _test_the_scripts (res://addons/gut/gut.gd:815)
[33m    [Risky]:  [0mtest_ready_does_not_generate_when_flag_is_false did not assert




[33m==============================================[0m
[33m= 1 Orphans[0m
[33m==============================================[0m
res://tests/test_add_card_to_deck_effect.gd
    - Outside Tests
[33m        * [<Node#141935249445>(error_tracker.gd)][0m


[33m==============================================
[0m[33m= Run Summary
[0m[33m==============================================
[0m[4m
res://tests/test_ai_controller.gd
[0m- test_turn_emits_turn_finished_signal
[31m    [Failed]:  [0mCannot make signal assertions because the object <null> is not being watched.  Call watch_signals(some_object) to be able to make assertions about signals.
          at line 123
- test_played_gold_card_increases_total_gold
[33m    [Risky]:  [0mDid not assert
- test_no_playable_options_only_pass_is_chosen
[31m    [Failed]:  [0m[0] expected to equal [2]:  Cartas no jugadas deben ir al discard
          at line 183
- test_unplayed_cards_go_to_discard_pile
[31m    [Failed]:  [0m[0] expected to equal [2]:  Las 2 cartas robadas deben terminar en discard (jugada o no)
          at line 198
- test_single_use_played_card_goes_to_played_pile
[31m    [Failed]:  [0mAlgún seed debe llevar a jugar la carta single-use → played_pile
          at line 224
- test_card_draw_card_extends_drawn_cards
[31m    [Failed]:  [0mAlgún seed debe llevar a jugar la CardDrawCard y robar 2 más
          at line 261
- test_ai_can_build_a_building_end_to_end
[31m    [Failed]:  [0mAlgún seed debe llevar a la IA a construir el edificio
          at line 317
- test_ai_resolves_turn_event_at_end_of_turn
[31m    [Failed]:  [0m[50] expected to equal [80]:  El evento debe haberse resuelto y aplicado el efecto
          at line 346
- test_ai_can_recover_a_card_from_played_pile
[31m    [Failed]:  [0mAlgún seed debe llevar a la IA a jugar la RecoverCard y sacar la carta del played_pile
          at line 380
- test_max_iterations_caps_loop
[33m    [Risky]:  [0mDid not assert
- test_assign_fills_attacker_front_up_to_min_troops
[33m    [Risky]:  [0mDid not assert
- test_assign_fills_defender_front_up_to_min_troops
[33m    [Risky]:  [0mDid not assert
- test_assign_skips_front_where_ia_does_not_participate
[33m    [Risky]:  [0mDid not assert
- test_assign_is_noop_with_empty_pool
[33m    [Risky]:  [0mDid not assert
- test_assign_distributes_until_pool_exhausted_across_fronts
[33m    [Risky]:  [0mDid not assert
- test_assign_uses_global_active_instances_for_external_front
[33m    [Risky]:  [0mDid not assert
- test_second_pass_assigns_troops_recruited_during_turn
[33m    [Risky]:  [0mDid not assert
- test_assign_does_not_top_up_already_satisfied_front
[33m    [Risky]:  [0mDid not assert
- test_simple_choice_resolved_via_manager_increases_gold
[33m    [Risky]:  [0mDid not assert
- test_unaffordable_choice_is_filtered_out
[33m    [Risky]:  [0mDid not assert
- test_skip_choice_added_when_allow_skip_and_no_affordable
[33m    [Risky]:  [0mDid not assert
- test_unique_event_marked_after_resolve
[33m    [Risky]:  [0mDid not assert
- test_non_unique_event_not_marked
[33m    [Risky]:  [0mDid not assert
- test_tile_input_choice_executes_with_eligible_tile
[33m    [Risky]:  [0mDid not assert
- test_card_input_choice_removes_random_candidate
[33m    [Risky]:  [0mDid not assert
- test_shop_event_smoke_does_not_crash
[33m    [Risky]:  [0mDid not assert
- test_shop_event_eventually_buys_at_least_one_item
[33m    [Risky]:  [0mDid not assert
- test_shop_event_marks_unique_when_applicable
[33m    [Risky]:  [0mDid not assert
- test_seeded_rng_produces_same_outcome_twice
[33m    [Risky]:  [0mDid not assert
[4m
res://tests/test_battle_front_manager.gd
[0m- test_defender_pool_receives_survivors_via_global_bus
[31m    [Failed]:  [0m[0] expected to be > than [0]:  Tropas defensoras supervivientes deben volver al pool del defensor
          at line 330
[4m
res://tests/test_empire_creator.gd
[0m- test_fallback_when_no_tile_meets_distance_threshold
[31m    [Failed]:  [0mExpected engine error containing 'fallback'.  
          at line 160
- test_empty_possible_tiles_does_not_emit_and_errors
[31m    [Failed]:  [0mExpected push_error error containing 'possible_tiles vacio'.  
          at line 190
- test_single_candidate_no_empires_are_placed
[31m    [Failed]:  [0mExpected push_error error containing 'No se pudo elegir un par'.  
          at line 223
- test_aborted_placement_resets_empires_to_empty
[31m    [Failed]:  [0mExpected push_error error containing 'possible_tiles vacio'.  
          at line 260
- test_interaction_tracker_uses_unhandled_input
[33m    [Risky]:  [0mDid not assert
- test_list_slots_starts_without_test_slots
[33m    [Risky]:  [0mDid not assert
- test_delete_slot_returns_false_when_missing
[33m    [Risky]:  [0mDid not assert
- test_save_returns_false_when_no_game_active
[33m    [Risky]:  [0mDid not assert
- test_load_missing_file_returns_false_and_emits_failure
[33m    [Risky]:  [0mDid not assert
- test_load_rejects_unknown_version
[33m    [Risky]:  [0mDid not assert
- test_load_rejects_non_dict_json
[33m    [Risky]:  [0mDid not assert
- test_write_and_read_minimal_valid_snapshot
[33m    [Risky]:  [0mDid not assert
- test_list_slots_includes_written_file
[33m    [Risky]:  [0mDid not assert
- test_uses_unhandled_input_callback
[33m    [Risky]:  [0mDid not assert
- test_stat_modifier_round_trip
[33m    [Risky]:  [0mDid not assert
- test_build_cost_modifier_round_trip
[33m    [Risky]:  [0mDid not assert
- test_gold_on_card_modifier_round_trip
[33m    [Risky]:  [0mDid not assert
- test_card_return_modifier_round_trip
[33m    [Risky]:  [0mDid not assert
- test_unknown_kind_returns_null
[33m    [Risky]:  [0mDid not assert
- test_serialize_manager_returns_array_with_all_modifiers
[33m    [Risky]:  [0mDid not assert
- test_apply_to_manager_restores_modifiers_in_order
[33m    [Risky]:  [0mDid not assert
- test_to_dict_no_controller_serializes_empty_string
[33m    [Risky]:  [0mDid not assert
- test_auto_generate_on_ready_defaults_to_true
[33m    [Risky]:  [0mDid not assert
- test_ready_does_not_generate_when_flag_is_false
[33m    [Risky]:  [0mDid not assert

Totals
------
Warnings              5

Scripts              45
Tests               752
Passing Tests       698
Failing Tests        13
Risky/Pending        41
Asserts           1419/1432
Orphans               1
Time              21.043s


[31m---- 13 failing tests ----
[0m
ERROR: Condition "p_logger.is_null()" is true.
   at: remove_logger (core/core_bind.cpp:716)
   GDScript backtrace (most recent call first):
       [0] deregister_logger (res://addons/gut/error_tracker.gd:20)
       [1] _end_run (res://addons/gut/gui/GutRunner.gd:128)
       [2] _on_tests_finished (res://addons/gut/gui/GutRunner.gd:139)
       [3] _end_run (res://addons/gut/gut.gd:472)
       [4] _test_the_scripts (res://addons/gut/gut.gd:871)
